******************************************************************************
             TMS320C2000 Linker Unix v21.6.0                   
******************************************************************************
>> Linked Wed Nov 29 08:42:42 2023

OUTPUT FILE NAME:   <3DRAZBootloader.out>
ENTRY POINT SYMBOL: "_c_int00"  address: 003f4904


MEMORY CONFIGURATION

         name            origin    length      used     unused   attr    fill
----------------------  --------  ---------  --------  --------  ----  --------
PAGE 0:
  RAMM0                 00000050   000003b0  0000020e  000001a2  RWIX
  RAML0_L3              00008000   00000200  00000000  00000200  RWIX
  FLASHBCDEFG           003dc000   00018000  00006893  0001176d  RWIX
  FLASHA                003f4000   000038f8  00000baa  00002d4e  RWIX
  CSM_RSVD              003f7f80   00000076  00000000  00000076  RWIX
  BEGIN                 003f7ff6   00000002  00000002  00000000  RWIX
  CSM_PWL               003f7ff8   00000008  00000000  00000008  RWIX
  FPUTABLES             003fd860   000006a0  00000000  000006a0  RWIX
  IQTABLES              003fdf00   00000b50  00000000  00000b50  RWIX
  IQTABLES2             003fea50   0000008c  00000000  0000008c  RWIX
  IQTABLES3             003feadc   000000aa  00000000  000000aa  RWIX
  BOOTROM               003ff3b0   00000c10  00000000  00000c10  RWIX
  RESET                 003fffc0   00000002  00000000  00000002  RWIX
  VECTORS               003fffc2   0000003e  0000003e  00000000  RWIX

PAGE 1:
  BOOT_RSVD             00000002   0000004e  00000000  0000004e  RWIX
  DEV_EMU               00000880   00000105  00000004  00000101  RWIX
  SYS_PWR_CTL           00000985   00000003  00000003  00000000  RWIX
  FLASH_REGS            00000a80   00000060  00000008  00000058  RWIX
  CSM                   00000ae0   00000020  00000010  00000010  RWIX
  ADC_RESULT            00000b00   00000020  00000010  00000010  RWIX
  CPU_TIMER0            00000c00   00000008  00000008  00000000  RWIX
  CPU_TIMER1            00000c08   00000008  00000008  00000000  RWIX
  CPU_TIMER2            00000c10   00000008  00000008  00000000  RWIX
  PIE_CTRL              00000ce0   00000020  0000001a  00000006  RWIX
  PIE_VECT              00000d00   00000100  00000100  00000000  RWIX
  DMA                   00001000   00000200  000000e0  00000120  RWIX
  CLA1                  00001400   00000080  00000040  00000040  RWIX
  McBSPA                00005000   00000040  00000024  0000001c  RWIX
  ECANA                 00006000   00000040  00000034  0000000c  RWIX
  ECANA_LAM             00006040   00000040  00000040  00000000  RWIX
  ECANA_MOTS            00006080   00000040  00000040  00000000  RWIX
  ECANA_MOTO            000060c0   00000040  00000040  00000000  RWIX
  ECANA_MBOX            00006100   00000100  00000100  00000000  RWIX
  COMP1                 00006400   00000020  00000007  00000019  RWIX
  COMP2                 00006420   00000020  00000007  00000019  RWIX
  COMP3                 00006440   00000020  00000007  00000019  RWIX
  EPWM1                 00006800   00000040  00000040  00000000  RWIX
  EPWM2                 00006840   00000040  00000040  00000000  RWIX
  EPWM3                 00006880   00000040  00000040  00000000  RWIX
  EPWM4                 000068c0   00000040  00000040  00000000  RWIX
  EPWM5                 00006900   00000040  00000040  00000000  RWIX
  EPWM6                 00006940   00000040  00000040  00000000  RWIX
  EPWM7                 00006980   00000040  00000040  00000000  RWIX
  EPWM8                 000069c0   00000040  00000040  00000000  RWIX
  ECAP1                 00006a00   00000020  00000020  00000000  RWIX
  ECAP2                 00006a20   00000020  00000020  00000000  RWIX
  ECAP3                 00006a40   00000020  00000020  00000000  RWIX
  EQEP1                 00006b00   00000040  00000022  0000001e  RWIX
  EQEP2                 00006b40   00000040  00000022  0000001e  RWIX
  GPIOCTRL              00006f80   00000040  00000040  00000000  RWIX
  GPIODAT               00006fc0   00000020  00000020  00000000  RWIX
  GPIOINT               00006fe0   00000020  00000020  00000000  RWIX
  SYSTEM                00007010   00000030  00000030  00000000  RWIX
  SPIA                  00007040   00000010  00000010  00000000  RWIX
  SCIA                  00007050   00000010  00000010  00000000  RWIX
  NMIINTRUPT            00007060   00000010  00000010  00000000  RWIX
  XINTRUPT              00007070   00000010  00000010  00000000  RWIX
  ADC                   00007100   00000080  00000050  00000030  RWIX
  SPIB                  00007740   00000010  00000010  00000000  RWIX
  SCIB                  00007750   00000010  00000010  00000000  RWIX
  I2CA                  00007900   00000040  00000022  0000001e  RWIX
  RAML4                 0000a000   00002000  00000000  00002000  RWIX
  RAML5                 0000c000   00002000  00000530  00001ad0  RWIX
  PARTID                003d7e80   00000001  00000001  00000000  RWIX
  CSM_PWL               003f7ff8   00000008  00000008  00000000  RWIX


SECTION ALLOCATION MAP

 output                                  attributes/
section   page    origin      length       input sections
--------  ----  ----------  ----------   ----------------
codestart 
*          0    003f7ff6    00000002     
                  003f7ff6    00000002     Init_Boot.obj (codestart)

.stack     0    00000050    00000200     UNINITIALIZED
                  00000050    00000200     --HOLE--

.ebss      0    00000250    0000000d     UNINITIALIZED
                  00000250    00000006     rts2800_fpu32.lib : exit.c.obj (.ebss)
                  00000256    00000002     Shared_Boot.obj (.ebss)
                  00000258    00000002     rts2800_fpu32.lib : _lock.c.obj (.ebss:__lock)
                  0000025a    00000002                       : _lock.c.obj (.ebss:__unlock)
                  0000025c    00000001     main.obj (.ebss)

.text      0    003f4000    00000a5b     
                  003f4000    00000904     main.obj (.text)
                  003f4904    00000056     rts2800_fpu32.lib : boot28.asm.obj (.text)
                  003f495a    00000050     Shared_Boot.obj (.text)
                  003f49aa    00000029     rts2800_fpu32.lib : exit.c.obj (.text)
                  003f49d3    00000024                       : cpy_tbl.c.obj (.text)
                  003f49f7    00000022                       : i_div28.asm.obj (.text)
                  003f4a19    0000001d                       : memcpy.c.obj (.text)
                  003f4a36    00000012                       : args_main.c.obj (.text)
                  003f4a48    00000009                       : _lock.c.obj (.text)
                  003f4a51    00000007                       : memset.c.obj (.text)
                  003f4a58    00000002                       : pre_init.c.obj (.text)
                  003f4a5a    00000001                       : startup.c.obj (.text)

.econst    0    003f4a5c    00000104     
                  003f4a5c    00000100     main.obj (.econst:.string:_mavlink_message_crcs$1)
                  003f4b5c    00000004     main.obj (.econst:_$P$T0$2)

.cinit     0    003f4b86    0000001e     
                  003f4b86    0000000e     rts2800_fpu32.lib : exit.c.obj (.cinit)
                  003f4b94    00000005                       : _lock.c.obj (.cinit:__lock)
                  003f4b99    00000005                       : _lock.c.obj (.cinit:__unlock)
                  003f4b9e    00000004     main.obj (.cinit)
                  003f4ba2    00000002     --HOLE-- [fill = 0]

.Isr       0    003f4ba4    00000007     
                  003f4ba4    00000007     ITRAPIsr.obj (.Isr)

.pinit     0    003f4000    00000000     UNINITIALIZED

.reset     0    003fffc0    00000002     DSECT
                  003fffc0    00000002     rts2800_fpu32.lib : boot28.asm.obj (.reset)

.InitBoot 
*          0    003f4b60    00000026     
                  003f4b60    00000026     Init_Boot.obj (.InitBoot)

.BootVecs 
*          0    003fffc2    0000003e     
                  003fffc2    0000003e     Vectors_Boot.obj (.BootVecs)

.dlcode    0    003dc000    00006893     
                  003dc000    00006893     main.obj (.dlcode)

.endmem    0    0000025d    00000001     UNINITIALIZED
                  0000025d    00000001     main.obj (.endmem)

DevEmuRegsFile 
*          1    00000880    00000004     UNINITIALIZED
                  00000880    00000004     F2806x_GlobalVariableDefs.obj (DevEmuRegsFile)

SysPwrCtrlRegsFile 
*          1    00000985    00000003     UNINITIALIZED
                  00000985    00000003     F2806x_GlobalVariableDefs.obj (SysPwrCtrlRegsFile)

FlashRegsFile 
*          1    00000a80    00000008     UNINITIALIZED
                  00000a80    00000008     F2806x_GlobalVariableDefs.obj (FlashRegsFile)

CsmRegsFile 
*          1    00000ae0    00000010     UNINITIALIZED
                  00000ae0    00000010     F2806x_GlobalVariableDefs.obj (CsmRegsFile)

AdcResultFile 
*          1    00000b00    00000010     UNINITIALIZED
                  00000b00    00000010     F2806x_GlobalVariableDefs.obj (AdcResultFile)

CpuTimer0RegsFile 
*          1    00000c00    00000008     UNINITIALIZED
                  00000c00    00000008     F2806x_GlobalVariableDefs.obj (CpuTimer0RegsFile)

CpuTimer1RegsFile 
*          1    00000c08    00000008     UNINITIALIZED
                  00000c08    00000008     F2806x_GlobalVariableDefs.obj (CpuTimer1RegsFile)

CpuTimer2RegsFile 
*          1    00000c10    00000008     UNINITIALIZED
                  00000c10    00000008     F2806x_GlobalVariableDefs.obj (CpuTimer2RegsFile)

PieCtrlRegsFile 
*          1    00000ce0    0000001a     UNINITIALIZED
                  00000ce0    0000001a     F2806x_GlobalVariableDefs.obj (PieCtrlRegsFile)

PieVectTableFile 
*          1    00000d00    00000100     UNINITIALIZED
                  00000d00    00000100     F2806x_GlobalVariableDefs.obj (PieVectTableFile)

EmuKeyVar 
*          1    00000d00    00000001     UNINITIALIZED
                  00000d00    00000001     Shared_Boot.obj (EmuKeyVar)

EmuBModeVar 
*          1    00000d01    00000001     UNINITIALIZED
                  00000d01    00000001     Shared_Boot.obj (EmuBModeVar)

FlashCallbackVar 
*          1    00000d02    00000002     UNINITIALIZED
                  00000d02    00000002     F2806x_GlobalVariableDefs.obj (FlashCallbackVar)

FlashScalingVar 
*          1    00000d04    00000002     UNINITIALIZED
                  00000d04    00000002     F2806x_GlobalVariableDefs.obj (FlashScalingVar)

DmaRegsFile 
*          1    00001000    000000e0     UNINITIALIZED
                  00001000    000000e0     F2806x_GlobalVariableDefs.obj (DmaRegsFile)

Cla1RegsFile 
*          1    00001400    00000040     UNINITIALIZED
                  00001400    00000040     F2806x_GlobalVariableDefs.obj (Cla1RegsFile)

McbspaRegsFile 
*          1    00005000    00000024     UNINITIALIZED
                  00005000    00000024     F2806x_GlobalVariableDefs.obj (McbspaRegsFile)

ECanaRegsFile 
*          1    00006000    00000034     UNINITIALIZED
                  00006000    00000034     F2806x_GlobalVariableDefs.obj (ECanaRegsFile)

ECanaLAMRegsFile 
*          1    00006040    00000040     UNINITIALIZED
                  00006040    00000040     F2806x_GlobalVariableDefs.obj (ECanaLAMRegsFile)

ECanaMOTSRegsFile 
*          1    00006080    00000040     UNINITIALIZED
                  00006080    00000040     F2806x_GlobalVariableDefs.obj (ECanaMOTSRegsFile)

ECanaMOTORegsFile 
*          1    000060c0    00000040     UNINITIALIZED
                  000060c0    00000040     F2806x_GlobalVariableDefs.obj (ECanaMOTORegsFile)

ECanaMboxesFile 
*          1    00006100    00000100     UNINITIALIZED
                  00006100    00000100     F2806x_GlobalVariableDefs.obj (ECanaMboxesFile)

Comp1RegsFile 
*          1    00006400    00000007     UNINITIALIZED
                  00006400    00000007     F2806x_GlobalVariableDefs.obj (Comp1RegsFile)

Comp2RegsFile 
*          1    00006420    00000007     UNINITIALIZED
                  00006420    00000007     F2806x_GlobalVariableDefs.obj (Comp2RegsFile)

Comp3RegsFile 
*          1    00006440    00000007     UNINITIALIZED
                  00006440    00000007     F2806x_GlobalVariableDefs.obj (Comp3RegsFile)

EPwm1RegsFile 
*          1    00006800    00000040     UNINITIALIZED
                  00006800    00000040     F2806x_GlobalVariableDefs.obj (EPwm1RegsFile)

EPwm2RegsFile 
*          1    00006840    00000040     UNINITIALIZED
                  00006840    00000040     F2806x_GlobalVariableDefs.obj (EPwm2RegsFile)

EPwm3RegsFile 
*          1    00006880    00000040     UNINITIALIZED
                  00006880    00000040     F2806x_GlobalVariableDefs.obj (EPwm3RegsFile)

EPwm4RegsFile 
*          1    000068c0    00000040     UNINITIALIZED
                  000068c0    00000040     F2806x_GlobalVariableDefs.obj (EPwm4RegsFile)

EPwm5RegsFile 
*          1    00006900    00000040     UNINITIALIZED
                  00006900    00000040     F2806x_GlobalVariableDefs.obj (EPwm5RegsFile)

EPwm6RegsFile 
*          1    00006940    00000040     UNINITIALIZED
                  00006940    00000040     F2806x_GlobalVariableDefs.obj (EPwm6RegsFile)

EPwm7RegsFile 
*          1    00006980    00000040     UNINITIALIZED
                  00006980    00000040     F2806x_GlobalVariableDefs.obj (EPwm7RegsFile)

EPwm8RegsFile 
*          1    000069c0    00000040     UNINITIALIZED
                  000069c0    00000040     F2806x_GlobalVariableDefs.obj (EPwm8RegsFile)

ECap1RegsFile 
*          1    00006a00    00000020     UNINITIALIZED
                  00006a00    00000020     F2806x_GlobalVariableDefs.obj (ECap1RegsFile)

ECap2RegsFile 
*          1    00006a20    00000020     UNINITIALIZED
                  00006a20    00000020     F2806x_GlobalVariableDefs.obj (ECap2RegsFile)

ECap3RegsFile 
*          1    00006a40    00000020     UNINITIALIZED
                  00006a40    00000020     F2806x_GlobalVariableDefs.obj (ECap3RegsFile)

EQep1RegsFile 
*          1    00006b00    00000022     UNINITIALIZED
                  00006b00    00000022     F2806x_GlobalVariableDefs.obj (EQep1RegsFile)

EQep2RegsFile 
*          1    00006b40    00000022     UNINITIALIZED
                  00006b40    00000022     F2806x_GlobalVariableDefs.obj (EQep2RegsFile)

GpioCtrlRegsFile 
*          1    00006f80    00000040     UNINITIALIZED
                  00006f80    00000040     F2806x_GlobalVariableDefs.obj (GpioCtrlRegsFile)

GpioDataRegsFile 
*          1    00006fc0    00000020     UNINITIALIZED
                  00006fc0    00000020     F2806x_GlobalVariableDefs.obj (GpioDataRegsFile)

GpioIntRegsFile 
*          1    00006fe0    00000020     UNINITIALIZED
                  00006fe0    00000020     F2806x_GlobalVariableDefs.obj (GpioIntRegsFile)

SysCtrlRegsFile 
*          1    00007010    00000030     UNINITIALIZED
                  00007010    00000030     F2806x_GlobalVariableDefs.obj (SysCtrlRegsFile)

SpiaRegsFile 
*          1    00007040    00000010     UNINITIALIZED
                  00007040    00000010     F2806x_GlobalVariableDefs.obj (SpiaRegsFile)

SciaRegsFile 
*          1    00007050    00000010     UNINITIALIZED
                  00007050    00000010     F2806x_GlobalVariableDefs.obj (SciaRegsFile)

NmiIntruptRegsFile 
*          1    00007060    00000010     UNINITIALIZED
                  00007060    00000010     F2806x_GlobalVariableDefs.obj (NmiIntruptRegsFile)

XIntruptRegsFile 
*          1    00007070    00000010     UNINITIALIZED
                  00007070    00000010     F2806x_GlobalVariableDefs.obj (XIntruptRegsFile)

AdcRegsFile 
*          1    00007100    00000050     UNINITIALIZED
                  00007100    00000050     F2806x_GlobalVariableDefs.obj (AdcRegsFile)

SpibRegsFile 
*          1    00007740    00000010     UNINITIALIZED
                  00007740    00000010     F2806x_GlobalVariableDefs.obj (SpibRegsFile)

ScibRegsFile 
*          1    00007750    00000010     UNINITIALIZED
                  00007750    00000010     F2806x_GlobalVariableDefs.obj (ScibRegsFile)

I2caRegsFile 
*          1    00007900    00000022     UNINITIALIZED
                  00007900    00000022     F2806x_GlobalVariableDefs.obj (I2caRegsFile)

DMARAML5   1    0000c000    00000530     UNINITIALIZED
                  0000c000    00000530     main.obj (DMARAML5)

PartIdRegsFile 
*          1    003d7e80    00000001     UNINITIALIZED
                  003d7e80    00000001     F2806x_GlobalVariableDefs.obj (PartIdRegsFile)

CsmPwlFile 
*          1    003f7ff8    00000008     UNINITIALIZED
                  003f7ff8    00000008     F2806x_GlobalVariableDefs.obj (CsmPwlFile)

MODULE SUMMARY

       Module                          code   initialized data   uninitialized data
       ------                          ----   ----------------   ------------------
    ./
       main.obj                        2308   27035              1330              
       Shared_Boot.obj                 80     0                  4                 
       Vectors_Boot.obj                0      62                 0                 
       Init_Boot.obj                   40     0                  0                 
       ITRAPIsr.obj                    7      0                  0                 
    +--+-------------------------------+------+------------------+--------------------+
       Total:                          2435   27097              1334              
                                                                                   
    ./F2806x_headers/source/
       F2806x_GlobalVariableDefs.obj   0      0                  2273              
    +--+-------------------------------+------+------------------+--------------------+
       Total:                          0      0                  2273              
                                                                                   
    /home/buzz/ti/ccs1110/ccs/tools/compiler/ti-cgt-c2000_21.6.0.LTS/lib/rts2800_fpu32.lib
       boot28.asm.obj                  86     0                  0                 
       exit.c.obj                      41     14                 6                 
       cpy_tbl.c.obj                   36     0                  0                 
       i_div28.asm.obj                 34     0                  0                 
       memcpy.c.obj                    29     0                  0                 
       _lock.c.obj                     9      10                 4                 
       args_main.c.obj                 18     0                  0                 
       memset.c.obj                    7      0                  0                 
       pre_init.c.obj                  2      0                  0                 
       startup.c.obj                   1      0                  0                 
    +--+-------------------------------+------+------------------+--------------------+
       Total:                          263    24                 10                
                                                                                   
       Stack:                          0      0                  512               
    +--+-------------------------------+------+------------------+--------------------+
       Grand Total:                    2698   27121              4129              


GLOBAL DATA SYMBOLS: SORTED BY DATA PAGE

address     data page           name
--------    ----------------    ----
00000050       1 (00000040)     __stack

00000250       9 (00000240)     ___TI_enable_exit_profile_output
00000252       9 (00000240)     ___TI_cleanup_ptr
00000254       9 (00000240)     ___TI_dtors_ptr
00000256       9 (00000240)     _GetWordData
00000258       9 (00000240)     __lock
0000025a       9 (00000240)     __unlock
0000025c       9 (00000240)     _location
0000025d       9 (00000240)     _endRam

00000880      22 (00000880)     _DevEmuRegs

00000985      26 (00000980)     _SysPwrCtrlRegs

00000a80      2a (00000a80)     _FlashRegs

00000ae0      2b (00000ac0)     _CsmRegs

00000b00      2c (00000b00)     _AdcResult

00000c00      30 (00000c00)     _CpuTimer0Regs
00000c08      30 (00000c00)     _CpuTimer1Regs
00000c10      30 (00000c00)     _CpuTimer2Regs

00000ce0      33 (00000cc0)     _PieCtrlRegs

00000d00      34 (00000d00)     _EmuKey
00000d00      34 (00000d00)     _PieVectTable
00000d01      34 (00000d00)     _EmuBMode
00000d02      34 (00000d00)     _Flash_CallbackPtr
00000d04      34 (00000d00)     _Flash_CPUScaleFactor

00001000      40 (00001000)     _DmaRegs

00001400      50 (00001400)     _Cla1Regs

00005000     140 (00005000)     _McbspaRegs

00006000     180 (00006000)     _ECanaRegs

00006040     181 (00006040)     _ECanaLAMRegs

00006080     182 (00006080)     _ECanaMOTSRegs

000060c0     183 (000060c0)     _ECanaMOTORegs

00006100     184 (00006100)     _ECanaMboxes

00006400     190 (00006400)     _Comp1Regs
00006420     190 (00006400)     _Comp2Regs

00006440     191 (00006440)     _Comp3Regs

00006800     1a0 (00006800)     _EPwm1Regs

00006840     1a1 (00006840)     _EPwm2Regs

00006880     1a2 (00006880)     _EPwm3Regs

000068c0     1a3 (000068c0)     _EPwm4Regs

00006900     1a4 (00006900)     _EPwm5Regs

00006940     1a5 (00006940)     _EPwm6Regs

00006980     1a6 (00006980)     _EPwm7Regs

000069c0     1a7 (000069c0)     _EPwm8Regs

00006a00     1a8 (00006a00)     _ECap1Regs
00006a20     1a8 (00006a00)     _ECap2Regs

00006a40     1a9 (00006a40)     _ECap3Regs

00006b00     1ac (00006b00)     _EQep1Regs

00006b40     1ad (00006b40)     _EQep2Regs

00006f80     1be (00006f80)     _GpioCtrlRegs

00006fc0     1bf (00006fc0)     _GpioDataRegs
00006fe0     1bf (00006fc0)     _GpioIntRegs

00007010     1c0 (00007000)     _SysCtrlRegs

00007040     1c1 (00007040)     _SpiaRegs
00007050     1c1 (00007040)     _SciaRegs
00007060     1c1 (00007040)     _NmiIntruptRegs
00007070     1c1 (00007040)     _XIntruptRegs

00007100     1c4 (00007100)     _AdcRegs

00007740     1dd (00007740)     _SpibRegs
00007750     1dd (00007740)     _ScibRegs

00007900     1e4 (00007900)     _I2caRegs

0000c000     300 (0000c000)     _status
0000c009     300 (0000c000)     _m_mavlink_status

0000c040     301 (0000c040)     _msg

0000c100     304 (0000c100)     _inmsg

0000c1c0     307 (0000c1c0)     _buffer

0000c300     30c (0000c300)     _m_mavlink_buffer

003d7e80    f5fa (003d7e80)     _PartIdRegs

003dc000    f700 (003dc000)     _DATA

003f7ff8    fdff (003f7fc0)     _CsmPwl


GLOBAL SYMBOLS: SORTED ALPHABETICALLY BY Name 

page  address   name                            
----  -------   ----                            
0     003f4000  .text                           
0     003f49aa  C$$EXIT                         
0     003f49f7  I$$DIV                          
0     003f4a08  I$$MOD                          
1     00007100  _AdcRegs                        
1     00000b00  _AdcResult                      
0     003f47ec  _CAN_Boot                       
0     003f4471  _CAN_GetWordData                
0     003f43e5  _CAN_Init                       
0     003f448b  _CAN_SendWordData               
1     00001400  _Cla1Regs                       
1     00006400  _Comp1Regs                      
1     00006420  _Comp2Regs                      
1     00006440  _Comp3Regs                      
0     003f495a  _CopyData                       
1     00000c00  _CpuTimer0Regs                  
1     00000c08  _CpuTimer1Regs                  
1     00000c10  _CpuTimer2Regs                  
1     003f7ff8  _CsmPwl                         
1     00000ae0  _CsmRegs                        
0     003dc000  _DATA                           
1     00000880  _DevEmuRegs                     
0     003f4865  _DeviceInit                     
1     00001000  _DmaRegs                        
1     00006040  _ECanaLAMRegs                   
1     000060c0  _ECanaMOTORegs                  
1     00006080  _ECanaMOTSRegs                  
1     00006100  _ECanaMboxes                    
1     00006000  _ECanaRegs                      
1     00006a00  _ECap1Regs                      
1     00006a20  _ECap2Regs                      
1     00006a40  _ECap3Regs                      
1     00006800  _EPwm1Regs                      
1     00006840  _EPwm2Regs                      
1     00006880  _EPwm3Regs                      
1     000068c0  _EPwm4Regs                      
1     00006900  _EPwm5Regs                      
1     00006940  _EPwm6Regs                      
1     00006980  _EPwm7Regs                      
1     000069c0  _EPwm8Regs                      
1     00006b00  _EQep1Regs                      
1     00006b40  _EQep2Regs                      
1     00000d01  _EmuBMode                       
1     00000d00  _EmuKey                         
abs   003ffebd  _Flash2806x_Erase               
abs   003ffebb  _Flash2806x_Program             
1     00000a80  _FlashRegs                      
1     00000d04  _Flash_CPUScaleFactor           
1     00000d02  _Flash_CallbackPtr              
0     003f4988  _GetLongData                    
0     00000256  _GetWordData                    
1     00006f80  _GpioCtrlRegs                   
1     00006fc0  _GpioDataRegs                   
1     00006fe0  _GpioIntRegs                    
1     00007900  _I2caRegs                       
0     003f4ba4  _ITRAPIsr                       
0     003f4b60  _InitBoot                       
0     003f4692  _MAVLINK_Flash                  
0     003f4647  _MAVLINK_send_heartbeat         
1     00005000  _McbspaRegs                     
1     00007060  _NmiIntruptRegs                 
1     003d7e80  _PartIdRegs                     
1     00000ce0  _PieCtrlRegs                    
1     00000d00  _PieVectTable                   
0     003f499a  _ReadReservedFn                 
1     00007050  _SciaRegs                       
1     00007750  _ScibRegs                       
0     003f48c5  _SelectBootMode                 
1     00007040  _SpiaRegs                       
1     00007740  _SpibRegs                       
1     00007010  _SysCtrlRegs                    
1     00000985  _SysPwrCtrlRegs                 
0     003f4817  _WatchDogDisable                
0     003f481f  _WatchDogEnable                 
1     00007070  _XIntruptRegs                   
0     00000250  __STACK_END                     
abs   00000200  __STACK_SIZE                    
0     00000252  ___TI_cleanup_ptr               
0     00000254  ___TI_dtors_ptr                 
0     00000250  ___TI_enable_exit_profile_output
abs   ffffffff  ___TI_pprof_out_hndl            
abs   ffffffff  ___TI_prof_data_size            
abs   ffffffff  ___TI_prof_data_start           
abs   ffffffff  ___binit__                      
abs   ffffffff  ___c_args__                     
0     003f4b86  ___cinit__                      
0     003f4a5b  ___etext__                      
abs   ffffffff  ___pinit__                      
0     003f4000  ___text__                       
0     003f4a36  __args_main                     
0     00000258  __lock                          
0     003f4a50  __nop                           
0     003f4a4c  __register_lock                 
0     003f4a48  __register_unlock               
0     00000050  __stack                         
0     003f4a5a  __system_post_cinit             
0     003f4a58  __system_pre_init               
0     0000025a  __unlock                        
0     003f49aa  _abort                          
1     0000c1c0  _buffer                         
0     003f4904  _c_int00                        
0     003f49d3  _copy_in                        
0     003f44ff  _crc32_add                      
0     0000025d  _endRam                         
0     003f49ac  _exit                           
1     0000c100  _inmsg                          
0     0000025c  _location                       
1     0000c300  _m_mavlink_buffer               
1     0000c009  _m_mavlink_status               
0     003f4b60  _main                           
0     003f4a19  _memcpy                         
0     003f4a51  _memset                         
1     0000c040  _msg                            
0     003f44e9  _read_Data                      
0     003f44d0  _read_Data_and_Send             
0     003f45ce  _read_serial_port               
0     003f466f  _send_mavlink_statustext        
0     003f4603  _send_serial_port               
0     003f4591  _setup_serial_port              
1     0000c000  _status                         
0     003f4507  _verify_data_checksum           
abs   ffffffff  binit                           
0     003f4b86  cinit                           
0     003f7ff6  code_start                      
0     003f4a5b  etext                           
abs   ffffffff  pinit                           


GLOBAL SYMBOLS: SORTED BY Symbol Address 

page  address   name                            
----  -------   ----                            
0     00000050  __stack                         
0     00000250  __STACK_END                     
0     00000250  ___TI_enable_exit_profile_output
0     00000252  ___TI_cleanup_ptr               
0     00000254  ___TI_dtors_ptr                 
0     00000256  _GetWordData                    
0     00000258  __lock                          
0     0000025a  __unlock                        
0     0000025c  _location                       
0     0000025d  _endRam                         
0     003dc000  _DATA                           
0     003f4000  .text                           
0     003f4000  ___text__                       
0     003f43e5  _CAN_Init                       
0     003f4471  _CAN_GetWordData                
0     003f448b  _CAN_SendWordData               
0     003f44d0  _read_Data_and_Send             
0     003f44e9  _read_Data                      
0     003f44ff  _crc32_add                      
0     003f4507  _verify_data_checksum           
0     003f4591  _setup_serial_port              
0     003f45ce  _read_serial_port               
0     003f4603  _send_serial_port               
0     003f4647  _MAVLINK_send_heartbeat         
0     003f466f  _send_mavlink_statustext        
0     003f4692  _MAVLINK_Flash                  
0     003f47ec  _CAN_Boot                       
0     003f4817  _WatchDogDisable                
0     003f481f  _WatchDogEnable                 
0     003f4865  _DeviceInit                     
0     003f48c5  _SelectBootMode                 
0     003f4904  _c_int00                        
0     003f495a  _CopyData                       
0     003f4988  _GetLongData                    
0     003f499a  _ReadReservedFn                 
0     003f49aa  C$$EXIT                         
0     003f49aa  _abort                          
0     003f49ac  _exit                           
0     003f49d3  _copy_in                        
0     003f49f7  I$$DIV                          
0     003f4a08  I$$MOD                          
0     003f4a19  _memcpy                         
0     003f4a36  __args_main                     
0     003f4a48  __register_unlock               
0     003f4a4c  __register_lock                 
0     003f4a50  __nop                           
0     003f4a51  _memset                         
0     003f4a58  __system_pre_init               
0     003f4a5a  __system_post_cinit             
0     003f4a5b  ___etext__                      
0     003f4a5b  etext                           
0     003f4b60  _InitBoot                       
0     003f4b60  _main                           
0     003f4b86  ___cinit__                      
0     003f4b86  cinit                           
0     003f4ba4  _ITRAPIsr                       
0     003f7ff6  code_start                      
1     00000880  _DevEmuRegs                     
1     00000985  _SysPwrCtrlRegs                 
1     00000a80  _FlashRegs                      
1     00000ae0  _CsmRegs                        
1     00000b00  _AdcResult                      
1     00000c00  _CpuTimer0Regs                  
1     00000c08  _CpuTimer1Regs                  
1     00000c10  _CpuTimer2Regs                  
1     00000ce0  _PieCtrlRegs                    
1     00000d00  _EmuKey                         
1     00000d00  _PieVectTable                   
1     00000d01  _EmuBMode                       
1     00000d02  _Flash_CallbackPtr              
1     00000d04  _Flash_CPUScaleFactor           
1     00001000  _DmaRegs                        
1     00001400  _Cla1Regs                       
1     00005000  _McbspaRegs                     
1     00006000  _ECanaRegs                      
1     00006040  _ECanaLAMRegs                   
1     00006080  _ECanaMOTSRegs                  
1     000060c0  _ECanaMOTORegs                  
1     00006100  _ECanaMboxes                    
1     00006400  _Comp1Regs                      
1     00006420  _Comp2Regs                      
1     00006440  _Comp3Regs                      
1     00006800  _EPwm1Regs                      
1     00006840  _EPwm2Regs                      
1     00006880  _EPwm3Regs                      
1     000068c0  _EPwm4Regs                      
1     00006900  _EPwm5Regs                      
1     00006940  _EPwm6Regs                      
1     00006980  _EPwm7Regs                      
1     000069c0  _EPwm8Regs                      
1     00006a00  _ECap1Regs                      
1     00006a20  _ECap2Regs                      
1     00006a40  _ECap3Regs                      
1     00006b00  _EQep1Regs                      
1     00006b40  _EQep2Regs                      
1     00006f80  _GpioCtrlRegs                   
1     00006fc0  _GpioDataRegs                   
1     00006fe0  _GpioIntRegs                    
1     00007010  _SysCtrlRegs                    
1     00007040  _SpiaRegs                       
1     00007050  _SciaRegs                       
1     00007060  _NmiIntruptRegs                 
1     00007070  _XIntruptRegs                   
1     00007100  _AdcRegs                        
1     00007740  _SpibRegs                       
1     00007750  _ScibRegs                       
1     00007900  _I2caRegs                       
1     0000c000  _status                         
1     0000c009  _m_mavlink_status               
1     0000c040  _msg                            
1     0000c100  _inmsg                          
1     0000c1c0  _buffer                         
1     0000c300  _m_mavlink_buffer               
1     003d7e80  _PartIdRegs                     
1     003f7ff8  _CsmPwl                         
abs   00000200  __STACK_SIZE                    
abs   003ffebb  _Flash2806x_Program             
abs   003ffebd  _Flash2806x_Erase               
abs   ffffffff  ___TI_pprof_out_hndl            
abs   ffffffff  ___TI_prof_data_size            
abs   ffffffff  ___TI_prof_data_start           
abs   ffffffff  ___binit__                      
abs   ffffffff  ___c_args__                     
abs   ffffffff  ___pinit__                      
abs   ffffffff  binit                           
abs   ffffffff  pinit                           

[126 symbols]
