<?xml version="1.0" encoding="ISO-8859-1" ?>
<link_info>
   <banner>TMS320C2000 Linker Unix v21.6.0.LTS</banner>
   <copyright>Copyright (c) 1996-2018 Texas Instruments Incorporated</copyright>
   <link_time>0x65666e53</link_time>
   <link_errors>0x0</link_errors>
   <output_file>PM_Sensorless_F2806x.out</output_file>
   <entry_point>
      <name>_c_int00</name>
      <address>0xd82c</address>
   </entry_point>
   <input_file_list>
      <input_file id="fl-5">
         <path>./Source/</path>
         <kind>object</kind>
         <file>F2806x_GlobalVariableDefs.obj</file>
         <name>F2806x_GlobalVariableDefs.obj</name>
      </input_file>
      <input_file id="fl-8">
         <path>./Source/can/</path>
         <kind>object</kind>
         <file>can_parameter_updates.obj</file>
         <name>can_parameter_updates.obj</name>
      </input_file>
      <input_file id="fl-a">
         <path>./Source/can/</path>
         <kind>object</kind>
         <file>cb.obj</file>
         <name>cb.obj</name>
      </input_file>
      <input_file id="fl-b">
         <path>./Source/control/</path>
         <kind>object</kind>
         <file>PID.obj</file>
         <name>PID.obj</name>
      </input_file>
      <input_file id="fl-c">
         <path>./Source/control/</path>
         <kind>object</kind>
         <file>average_power_filter.obj</file>
         <name>average_power_filter.obj</name>
      </input_file>
      <input_file id="fl-d">
         <path>./Source/control/</path>
         <kind>object</kind>
         <file>gyro_kinematics_correction.obj</file>
         <name>gyro_kinematics_correction.obj</name>
      </input_file>
      <input_file id="fl-e">
         <path>./Source/control/</path>
         <kind>object</kind>
         <file>rate_loops.obj</file>
         <name>rate_loops.obj</name>
      </input_file>
      <input_file id="fl-f">
         <path>./Source/control/</path>
         <kind>object</kind>
         <file>running_average_filter.obj</file>
         <name>running_average_filter.obj</name>
      </input_file>
      <input_file id="fl-10">
         <path>./Source/gopro/</path>
         <kind>object</kind>
         <file>gopro_interface.obj</file>
         <name>gopro_interface.obj</name>
      </input_file>
      <input_file id="fl-11">
         <path>./Source/hardware/</path>
         <kind>object</kind>
         <file>HWSpecific.obj</file>
         <name>HWSpecific.obj</name>
      </input_file>
      <input_file id="fl-14">
         <path>./Source/hardware/</path>
         <kind>object</kind>
         <file>encoder.obj</file>
         <name>encoder.obj</name>
      </input_file>
      <input_file id="fl-15">
         <path>./Source/hardware/</path>
         <kind>object</kind>
         <file>gpio.obj</file>
         <name>gpio.obj</name>
      </input_file>
      <input_file id="fl-16">
         <path>./Source/hardware/</path>
         <kind>object</kind>
         <file>gyro.obj</file>
         <name>gyro.obj</name>
      </input_file>
      <input_file id="fl-17">
         <path>./Source/hardware/</path>
         <kind>object</kind>
         <file>i2c.obj</file>
         <name>i2c.obj</name>
      </input_file>
      <input_file id="fl-19">
         <path>./Source/hardware/</path>
         <kind>object</kind>
         <file>spi.obj</file>
         <name>spi.obj</name>
      </input_file>
      <input_file id="fl-1a">
         <path>./Source/hardware/</path>
         <kind>object</kind>
         <file>uart.obj</file>
         <name>uart.obj</name>
      </input_file>
      <input_file id="fl-1b">
         <path>./Source/helpers/</path>
         <kind>object</kind>
         <file>fault_handling.obj</file>
         <name>fault_handling.obj</name>
      </input_file>
      <input_file id="fl-1c">
         <path>./Source/helpers/</path>
         <kind>object</kind>
         <file>ringbuf.obj</file>
         <name>ringbuf.obj</name>
      </input_file>
      <input_file id="fl-1e">
         <path>./Source/motor/</path>
         <kind>object</kind>
         <file>commutation_calibration_state_machine.obj</file>
         <name>commutation_calibration_state_machine.obj</name>
      </input_file>
      <input_file id="fl-1f">
         <path>./Source/motor/</path>
         <kind>object</kind>
         <file>motor_commutation.obj</file>
         <name>motor_commutation.obj</name>
      </input_file>
      <input_file id="fl-20">
         <path>./Source/motor/</path>
         <kind>object</kind>
         <file>motor_drive_state_machine.obj</file>
         <name>motor_drive_state_machine.obj</name>
      </input_file>
      <input_file id="fl-23">
         <path>./Source/parameters/</path>
         <kind>object</kind>
         <file>load_axis_parms_state_machine.obj</file>
         <name>load_axis_parms_state_machine.obj</name>
      </input_file>
      <input_file id="fl-24">
         <path>./Source/parameters/</path>
         <kind>object</kind>
         <file>mavlink_parameter_interface.obj</file>
         <name>mavlink_parameter_interface.obj</name>
      </input_file>
      <input_file id="fl-2e">
         <path>/home/buzz/ti/ccs1110/ccs/tools/compiler/ti-cgt-c2000_21.6.0.LTS/lib/</path>
         <kind>archive</kind>
         <file>rts2800_fpu32.lib</file>
         <name>cpy_tbl.c.obj</name>
      </input_file>
      <input_file id="fl-2f">
         <path>/home/buzz/ti/ccs1110/ccs/tools/compiler/ti-cgt-c2000_21.6.0.LTS/lib/</path>
         <kind>archive</kind>
         <file>rts2800_fpu32.lib</file>
         <name>memcpy.c.obj</name>
      </input_file>
      <input_file id="fl-30">
         <path>/home/buzz/ti/ccs1110/ccs/tools/compiler/ti-cgt-c2000_21.6.0.LTS/lib/</path>
         <kind>archive</kind>
         <file>rts2800_fpu32.lib</file>
         <name>pre_init.c.obj</name>
      </input_file>
      <input_file id="fl-33">
         <path>/home/buzz/ti/ccs1110/ccs/tools/compiler/ti-cgt-c2000_21.6.0.LTS/lib/</path>
         <kind>archive</kind>
         <file>rts2800_fpu32.lib</file>
         <name>_lock.c.obj</name>
      </input_file>
      <input_file id="fl-3c">
         <path>/home/buzz/ti/ccs1110/ccs/tools/compiler/ti-cgt-c2000_21.6.0.LTS/lib/</path>
         <kind>archive</kind>
         <file>rts2800_fpu32.lib</file>
         <name>snprintf.c.obj</name>
      </input_file>
      <input_file id="fl-3d">
         <path>/home/buzz/ti/ccs1110/ccs/tools/compiler/ti-cgt-c2000_21.6.0.LTS/lib/</path>
         <kind>archive</kind>
         <file>rts2800_fpu32.lib</file>
         <name>vsnprintf.c.obj</name>
      </input_file>
      <input_file id="fl-3e">
         <path>/home/buzz/ti/ccs1110/ccs/tools/compiler/ti-cgt-c2000_21.6.0.LTS/lib/</path>
         <kind>archive</kind>
         <file>rts2800_fpu32.lib</file>
         <name>s_floorf.c.obj</name>
      </input_file>
      <input_file id="fl-41">
         <path>/home/buzz/ti/ccs1110/ccs/tools/compiler/ti-cgt-c2000_21.6.0.LTS/lib/</path>
         <kind>archive</kind>
         <file>rts2800_fpu32.lib</file>
         <name>atoi.c.obj</name>
      </input_file>
      <input_file id="fl-42">
         <path>/home/buzz/ti/ccs1110/ccs/tools/compiler/ti-cgt-c2000_21.6.0.LTS/lib/</path>
         <kind>archive</kind>
         <file>rts2800_fpu32.lib</file>
         <name>ctype.c.obj</name>
      </input_file>
      <input_file id="fl-43">
         <path>/home/buzz/ti/ccs1110/ccs/tools/compiler/ti-cgt-c2000_21.6.0.LTS/lib/</path>
         <kind>archive</kind>
         <file>rts2800_fpu32.lib</file>
         <name>memset.c.obj</name>
      </input_file>
      <input_file id="fl-44">
         <path>/home/buzz/ti/ccs1110/ccs/tools/compiler/ti-cgt-c2000_21.6.0.LTS/lib/</path>
         <kind>archive</kind>
         <file>rts2800_fpu32.lib</file>
         <name>strlen.c.obj</name>
      </input_file>
      <input_file id="fl-45">
         <path>/home/buzz/ti/ccs1110/ccs/tools/compiler/ti-cgt-c2000_21.6.0.LTS/lib/</path>
         <kind>archive</kind>
         <file>rts2800_fpu32.lib</file>
         <name>strncmp.c.obj</name>
      </input_file>
      <input_file id="fl-46">
         <path>/home/buzz/ti/ccs1110/ccs/tools/compiler/ti-cgt-c2000_21.6.0.LTS/lib/</path>
         <kind>archive</kind>
         <file>rts2800_fpu32.lib</file>
         <name>strncpy.c.obj</name>
      </input_file>
      <input_file id="fl-47">
         <path>/home/buzz/ti/ccs1110/ccs/tools/compiler/ti-cgt-c2000_21.6.0.LTS/lib/</path>
         <kind>archive</kind>
         <file>rts2800_fpu32.lib</file>
         <name>strstr.c.obj</name>
      </input_file>
      <input_file id="fl-49">
         <path>/home/buzz/ti/ccs1110/ccs/tools/compiler/ti-cgt-c2000_21.6.0.LTS/lib/</path>
         <kind>archive</kind>
         <file>rts2800_fpu32.lib</file>
         <name>s_frexp.c.obj</name>
      </input_file>
      <input_file id="fl-4a">
         <path>/home/buzz/ti/ccs1110/ccs/tools/compiler/ti-cgt-c2000_21.6.0.LTS/lib/</path>
         <kind>archive</kind>
         <file>rts2800_fpu32.lib</file>
         <name>s_scalbn.c.obj</name>
      </input_file>
      <input_file id="fl-59">
         <path>/home/buzz/ti/ccs1110/ccs/tools/compiler/ti-cgt-c2000_21.6.0.LTS/lib/</path>
         <kind>archive</kind>
         <file>rts2800_fpu32.lib</file>
         <name>_ltoa.c.obj</name>
      </input_file>
      <input_file id="fl-5a">
         <path>/home/buzz/ti/ccs1110/ccs/tools/compiler/ti-cgt-c2000_21.6.0.LTS/lib/</path>
         <kind>archive</kind>
         <file>rts2800_fpu32.lib</file>
         <name>memccpy.c.obj</name>
      </input_file>
      <input_file id="fl-5b">
         <path>/home/buzz/ti/ccs1110/ccs/tools/compiler/ti-cgt-c2000_21.6.0.LTS/lib/</path>
         <kind>archive</kind>
         <file>rts2800_fpu32.lib</file>
         <name>strchr.c.obj</name>
      </input_file>
      <input_file id="fl-5c">
         <path>/home/buzz/ti/ccs1110/ccs/tools/compiler/ti-cgt-c2000_21.6.0.LTS/lib/</path>
         <kind>archive</kind>
         <file>rts2800_fpu32.lib</file>
         <name>strcpy.c.obj</name>
      </input_file>
      <input_file id="fl-5d">
         <path>/home/buzz/ti/ccs1110/ccs/tools/compiler/ti-cgt-c2000_21.6.0.LTS/lib/</path>
         <kind>archive</kind>
         <file>rts2800_fpu32.lib</file>
         <name>errno.c.obj</name>
      </input_file>
      <input_file id="fl-5e">
         <path>/home/buzz/ti/ccs1110/ccs/tools/compiler/ti-cgt-c2000_21.6.0.LTS/lib/</path>
         <kind>archive</kind>
         <file>rts2800_fpu32.lib</file>
         <name>wcslen.c.obj</name>
      </input_file>
      <input_file id="fl-5f">
         <path>/home/buzz/ti/ccs1110/ccs/tools/compiler/ti-cgt-c2000_21.6.0.LTS/lib/</path>
         <kind>archive</kind>
         <file>rts2800_fpu32.lib</file>
         <name>s_copysign.c.obj</name>
      </input_file>
      <input_file id="fl-60">
         <path>/tmp/</path>
         <kind>object</kind>
         <file>TILlnQPqjgZ</file>
         <name>TILlnQPqjgZ</name>
      </input_file>
      <input_file id="fl-3">
         <path>./</path>
         <kind>object</kind>
         <file>PM_Sensorless.obj</file>
         <name>PM_Sensorless.obj</name>
      </input_file>
      <input_file id="fl-4">
         <path>./Source/</path>
         <kind>object</kind>
         <file>F2806x_CodeStartBranch.obj</file>
         <name>F2806x_CodeStartBranch.obj</name>
      </input_file>
      <input_file id="fl-6">
         <path>./Source/</path>
         <kind>object</kind>
         <file>F2806x_usDelay.obj</file>
         <name>F2806x_usDelay.obj</name>
      </input_file>
      <input_file id="fl-7">
         <path>./Source/can/</path>
         <kind>object</kind>
         <file>can_message_processor.obj</file>
         <name>can_message_processor.obj</name>
      </input_file>
      <input_file id="fl-9">
         <path>./Source/can/</path>
         <kind>object</kind>
         <file>cand.obj</file>
         <name>cand.obj</name>
      </input_file>
      <input_file id="fl-12">
         <path>./Source/hardware/</path>
         <kind>object</kind>
         <file>adc.obj</file>
         <name>adc.obj</name>
      </input_file>
      <input_file id="fl-13">
         <path>./Source/hardware/</path>
         <kind>object</kind>
         <file>device_init.obj</file>
         <name>device_init.obj</name>
      </input_file>
      <input_file id="fl-18">
         <path>./Source/hardware/</path>
         <kind>object</kind>
         <file>led.obj</file>
         <name>led.obj</name>
      </input_file>
      <input_file id="fl-1d">
         <path>./Source/mavlink_interface/</path>
         <kind>object</kind>
         <file>mavlink_gimbal_interface.obj</file>
         <name>mavlink_gimbal_interface.obj</name>
      </input_file>
      <input_file id="fl-21">
         <path>./Source/parameters/</path>
         <kind>object</kind>
         <file>Example_Flash2806x_CsmKeys.obj</file>
         <name>Example_Flash2806x_CsmKeys.obj</name>
      </input_file>
      <input_file id="fl-22">
         <path>./Source/parameters/</path>
         <kind>object</kind>
         <file>flash_params.obj</file>
         <name>flash_params.obj</name>
      </input_file>
      <input_file id="fl-2b">
         <path>/home/buzz/ti/ccs1110/ccs/tools/compiler/ti-cgt-c2000_21.6.0.LTS/lib/</path>
         <kind>archive</kind>
         <file>rts2800_fpu32.lib</file>
         <name>boot28.asm.obj</name>
      </input_file>
      <input_file id="fl-2d">
         <kind>object</kind>
         <file>&lt;internal&gt;</file>
         <name>&lt;internal&gt;</name>
      </input_file>
      <input_file id="fl-31">
         <path>/home/buzz/ti/ccs1110/ccs/tools/compiler/ti-cgt-c2000_21.6.0.LTS/lib/</path>
         <kind>archive</kind>
         <file>rts2800_fpu32.lib</file>
         <name>startup.c.obj</name>
      </input_file>
      <input_file id="fl-32">
         <path>/home/buzz/ti/ccs1110/ccs/tools/compiler/ti-cgt-c2000_21.6.0.LTS/lib/</path>
         <kind>archive</kind>
         <file>rts2800_fpu32.lib</file>
         <name>exit.c.obj</name>
      </input_file>
      <input_file id="fl-34">
         <path>/home/buzz/ti/ccs1110/ccs/tools/compiler/ti-cgt-c2000_21.6.0.LTS/lib/</path>
         <kind>archive</kind>
         <file>rts2800_fpu32.lib</file>
         <name>args_main.c.obj</name>
      </input_file>
      <input_file id="fl-35">
         <path>../libs/</path>
         <kind>archive</kind>
         <file>2806x_BootROM_API_TABLE_Symbols_fpu32.lib</file>
         <name>TMS320x2806x_boot_rom_out___romApi_Flash2806x_APIVersionHex_tmp.obj</name>
      </input_file>
      <input_file id="fl-36">
         <path>../libs/</path>
         <kind>archive</kind>
         <file>2806x_BootROM_API_TABLE_Symbols_fpu32.lib</file>
         <name>TMS320x2806x_boot_rom_out___romApi_Flash2806x_Erase_tmp.obj</name>
      </input_file>
      <input_file id="fl-37">
         <path>../libs/</path>
         <kind>archive</kind>
         <file>2806x_BootROM_API_TABLE_Symbols_fpu32.lib</file>
         <name>TMS320x2806x_boot_rom_out___romApi_Flash2806x_Program_tmp.obj</name>
      </input_file>
      <input_file id="fl-38">
         <path>../libs/</path>
         <kind>archive</kind>
         <file>rts2800_fpu32_fast_supplement.lib</file>
         <name>sin_f32.obj</name>
      </input_file>
      <input_file id="fl-39">
         <path>../libs/</path>
         <kind>archive</kind>
         <file>rts2800_fpu32_fast_supplement.lib</file>
         <name>div_f32.obj</name>
      </input_file>
      <input_file id="fl-3a">
         <path>../libs/</path>
         <kind>archive</kind>
         <file>rts2800_fpu32_fast_supplement.lib</file>
         <name>cos_f32.obj</name>
      </input_file>
      <input_file id="fl-3b">
         <path>../libs/</path>
         <kind>archive</kind>
         <file>rts2800_fpu32_fast_supplement.lib</file>
         <name>FPUmathTables.obj</name>
      </input_file>
      <input_file id="fl-3f">
         <path>/home/buzz/ti/ccs1110/ccs/tools/compiler/ti-cgt-c2000_21.6.0.LTS/lib/</path>
         <kind>archive</kind>
         <file>rts2800_fpu32.lib</file>
         <name>i_div28.asm.obj</name>
      </input_file>
      <input_file id="fl-40">
         <path>/home/buzz/ti/ccs1110/ccs/tools/compiler/ti-cgt-c2000_21.6.0.LTS/lib/</path>
         <kind>archive</kind>
         <file>rts2800_fpu32.lib</file>
         <name>l_div28.asm.obj</name>
      </input_file>
      <input_file id="fl-48">
         <path>/home/buzz/ti/ccs1110/ccs/tools/compiler/ti-cgt-c2000_21.6.0.LTS/lib/</path>
         <kind>archive</kind>
         <file>rts2800_fpu32.lib</file>
         <name>_printfi.c.obj</name>
      </input_file>
      <input_file id="fl-4b">
         <path>/home/buzz/ti/ccs1110/ccs/tools/compiler/ti-cgt-c2000_21.6.0.LTS/lib/</path>
         <kind>archive</kind>
         <file>rts2800_fpu32.lib</file>
         <name>fd_add28.asm.obj</name>
      </input_file>
      <input_file id="fl-4c">
         <path>/home/buzz/ti/ccs1110/ccs/tools/compiler/ti-cgt-c2000_21.6.0.LTS/lib/</path>
         <kind>archive</kind>
         <file>rts2800_fpu32.lib</file>
         <name>fd_cmp28.asm.obj</name>
      </input_file>
      <input_file id="fl-4d">
         <path>/home/buzz/ti/ccs1110/ccs/tools/compiler/ti-cgt-c2000_21.6.0.LTS/lib/</path>
         <kind>archive</kind>
         <file>rts2800_fpu32.lib</file>
         <name>fd_mpy28.asm.obj</name>
      </input_file>
      <input_file id="fl-4e">
         <path>/home/buzz/ti/ccs1110/ccs/tools/compiler/ti-cgt-c2000_21.6.0.LTS/lib/</path>
         <kind>archive</kind>
         <file>rts2800_fpu32.lib</file>
         <name>fd_neg28.asm.obj</name>
      </input_file>
      <input_file id="fl-4f">
         <path>/home/buzz/ti/ccs1110/ccs/tools/compiler/ti-cgt-c2000_21.6.0.LTS/lib/</path>
         <kind>archive</kind>
         <file>rts2800_fpu32.lib</file>
         <name>fd_sub28.asm.obj</name>
      </input_file>
      <input_file id="fl-50">
         <path>/home/buzz/ti/ccs1110/ccs/tools/compiler/ti-cgt-c2000_21.6.0.LTS/lib/</path>
         <kind>archive</kind>
         <file>rts2800_fpu32.lib</file>
         <name>fd_toi28.asm.obj</name>
      </input_file>
      <input_file id="fl-51">
         <path>/home/buzz/ti/ccs1110/ccs/tools/compiler/ti-cgt-c2000_21.6.0.LTS/lib/</path>
         <kind>archive</kind>
         <file>rts2800_fpu32.lib</file>
         <name>fd_tol28.asm.obj</name>
      </input_file>
      <input_file id="fl-52">
         <path>/home/buzz/ti/ccs1110/ccs/tools/compiler/ti-cgt-c2000_21.6.0.LTS/lib/</path>
         <kind>archive</kind>
         <file>rts2800_fpu32.lib</file>
         <name>ll_aox28.asm.obj</name>
      </input_file>
      <input_file id="fl-53">
         <path>/home/buzz/ti/ccs1110/ccs/tools/compiler/ti-cgt-c2000_21.6.0.LTS/lib/</path>
         <kind>archive</kind>
         <file>rts2800_fpu32.lib</file>
         <name>ll_cmp28.asm.obj</name>
      </input_file>
      <input_file id="fl-54">
         <path>/home/buzz/ti/ccs1110/ccs/tools/compiler/ti-cgt-c2000_21.6.0.LTS/lib/</path>
         <kind>archive</kind>
         <file>rts2800_fpu32.lib</file>
         <name>ll_div28.asm.obj</name>
      </input_file>
      <input_file id="fl-55">
         <path>/home/buzz/ti/ccs1110/ccs/tools/compiler/ti-cgt-c2000_21.6.0.LTS/lib/</path>
         <kind>archive</kind>
         <file>rts2800_fpu32.lib</file>
         <name>i_tofd28.asm.obj</name>
      </input_file>
      <input_file id="fl-56">
         <path>/home/buzz/ti/ccs1110/ccs/tools/compiler/ti-cgt-c2000_21.6.0.LTS/lib/</path>
         <kind>archive</kind>
         <file>rts2800_fpu32.lib</file>
         <name>l_tofd28.asm.obj</name>
      </input_file>
      <input_file id="fl-57">
         <path>/home/buzz/ti/ccs1110/ccs/tools/compiler/ti-cgt-c2000_21.6.0.LTS/lib/</path>
         <kind>archive</kind>
         <file>rts2800_fpu32.lib</file>
         <name>fs_tofdfpu32.asm.obj</name>
      </input_file>
      <input_file id="fl-58">
         <path>/home/buzz/ti/ccs1110/ccs/tools/compiler/ti-cgt-c2000_21.6.0.LTS/lib/</path>
         <kind>archive</kind>
         <file>rts2800_fpu32.lib</file>
         <name>fd_div28.asm.obj</name>
      </input_file>
   </input_file_list>
   <object_component_list>
      <object_component id="oc-8d">
         <name>PieVectTableFile</name>
         <uninitialized>true</uninitialized>
         <run_address>0xd00</run_address>
         <size>0x100</size>
         <input_file_ref idref="fl-5"/>
      </object_component>
      <object_component id="oc-4e">
         <name>EmuKeyVar</name>
         <uninitialized>true</uninitialized>
         <run_address>0xd00</run_address>
         <size>0x1</size>
         <input_file_ref idref="fl-5"/>
      </object_component>
      <object_component id="oc-4f">
         <name>EmuBModeVar</name>
         <uninitialized>true</uninitialized>
         <run_address>0xd01</run_address>
         <size>0x1</size>
         <input_file_ref idref="fl-5"/>
      </object_component>
      <object_component id="oc-55">
         <name>FlashCallbackVar</name>
         <uninitialized>true</uninitialized>
         <run_address>0xd02</run_address>
         <size>0x2</size>
         <input_file_ref idref="fl-5"/>
      </object_component>
      <object_component id="oc-54">
         <name>FlashScalingVar</name>
         <uninitialized>true</uninitialized>
         <run_address>0xd04</run_address>
         <size>0x2</size>
         <input_file_ref idref="fl-5"/>
      </object_component>
      <object_component id="oc-5d">
         <name>DevEmuRegsFile</name>
         <uninitialized>true</uninitialized>
         <run_address>0x880</run_address>
         <size>0x4</size>
         <input_file_ref idref="fl-5"/>
      </object_component>
      <object_component id="oc-5c">
         <name>SysPwrCtrlRegsFile</name>
         <uninitialized>true</uninitialized>
         <run_address>0x985</run_address>
         <size>0x3</size>
         <input_file_ref idref="fl-5"/>
      </object_component>
      <object_component id="oc-65">
         <name>FlashRegsFile</name>
         <uninitialized>true</uninitialized>
         <run_address>0xa80</run_address>
         <size>0x8</size>
         <input_file_ref idref="fl-5"/>
      </object_component>
      <object_component id="oc-69">
         <name>CsmRegsFile</name>
         <uninitialized>true</uninitialized>
         <run_address>0xae0</run_address>
         <size>0x10</size>
         <input_file_ref idref="fl-5"/>
      </object_component>
      <object_component id="oc-68">
         <name>AdcResultFile</name>
         <uninitialized>true</uninitialized>
         <run_address>0xb00</run_address>
         <size>0x10</size>
         <input_file_ref idref="fl-5"/>
      </object_component>
      <object_component id="oc-61">
         <name>CpuTimer0RegsFile</name>
         <uninitialized>true</uninitialized>
         <run_address>0xc00</run_address>
         <size>0x8</size>
         <input_file_ref idref="fl-5"/>
      </object_component>
      <object_component id="oc-62">
         <name>CpuTimer1RegsFile</name>
         <uninitialized>true</uninitialized>
         <run_address>0xc08</run_address>
         <size>0x8</size>
         <input_file_ref idref="fl-5"/>
      </object_component>
      <object_component id="oc-63">
         <name>CpuTimer2RegsFile</name>
         <uninitialized>true</uninitialized>
         <run_address>0xc10</run_address>
         <size>0x8</size>
         <input_file_ref idref="fl-5"/>
      </object_component>
      <object_component id="oc-70">
         <name>PieCtrlRegsFile</name>
         <uninitialized>true</uninitialized>
         <run_address>0xce0</run_address>
         <size>0x1a</size>
         <input_file_ref idref="fl-5"/>
      </object_component>
      <object_component id="oc-7c">
         <name>Cla1RegsFile</name>
         <uninitialized>true</uninitialized>
         <run_address>0x1400</run_address>
         <size>0x40</size>
         <input_file_ref idref="fl-5"/>
      </object_component>
      <object_component id="oc-8b">
         <name>DmaRegsFile</name>
         <uninitialized>true</uninitialized>
         <run_address>0x1000</run_address>
         <size>0xe0</size>
         <input_file_ref idref="fl-5"/>
      </object_component>
      <object_component id="oc-7b">
         <name>ECanaRegsFile</name>
         <uninitialized>true</uninitialized>
         <run_address>0x6000</run_address>
         <size>0x34</size>
         <input_file_ref idref="fl-5"/>
      </object_component>
      <object_component id="oc-7d">
         <name>ECanaLAMRegsFile</name>
         <uninitialized>true</uninitialized>
         <run_address>0x6040</run_address>
         <size>0x40</size>
         <input_file_ref idref="fl-5"/>
      </object_component>
      <object_component id="oc-8c">
         <name>ECanaMboxesFile</name>
         <uninitialized>true</uninitialized>
         <run_address>0x6100</run_address>
         <size>0x100</size>
         <input_file_ref idref="fl-5"/>
      </object_component>
      <object_component id="oc-7e">
         <name>ECanaMOTSRegsFile</name>
         <uninitialized>true</uninitialized>
         <run_address>0x6080</run_address>
         <size>0x40</size>
         <input_file_ref idref="fl-5"/>
      </object_component>
      <object_component id="oc-7f">
         <name>ECanaMOTORegsFile</name>
         <uninitialized>true</uninitialized>
         <run_address>0x60c0</run_address>
         <size>0x40</size>
         <input_file_ref idref="fl-5"/>
      </object_component>
      <object_component id="oc-71">
         <name>ECap1RegsFile</name>
         <uninitialized>true</uninitialized>
         <run_address>0x6a00</run_address>
         <size>0x20</size>
         <input_file_ref idref="fl-5"/>
      </object_component>
      <object_component id="oc-72">
         <name>ECap2RegsFile</name>
         <uninitialized>true</uninitialized>
         <run_address>0x6a20</run_address>
         <size>0x20</size>
         <input_file_ref idref="fl-5"/>
      </object_component>
      <object_component id="oc-73">
         <name>ECap3RegsFile</name>
         <uninitialized>true</uninitialized>
         <run_address>0x6a40</run_address>
         <size>0x20</size>
         <input_file_ref idref="fl-5"/>
      </object_component>
      <object_component id="oc-76">
         <name>EQep1RegsFile</name>
         <uninitialized>true</uninitialized>
         <run_address>0x6b00</run_address>
         <size>0x22</size>
         <input_file_ref idref="fl-5"/>
      </object_component>
      <object_component id="oc-77">
         <name>EQep2RegsFile</name>
         <uninitialized>true</uninitialized>
         <run_address>0x6b40</run_address>
         <size>0x22</size>
         <input_file_ref idref="fl-5"/>
      </object_component>
      <object_component id="oc-88">
         <name>GpioCtrlRegsFile</name>
         <uninitialized>true</uninitialized>
         <run_address>0x6f80</run_address>
         <size>0x40</size>
         <input_file_ref idref="fl-5"/>
      </object_component>
      <object_component id="oc-74">
         <name>GpioDataRegsFile</name>
         <uninitialized>true</uninitialized>
         <run_address>0x6fc0</run_address>
         <size>0x20</size>
         <input_file_ref idref="fl-5"/>
      </object_component>
      <object_component id="oc-75">
         <name>GpioIntRegsFile</name>
         <uninitialized>true</uninitialized>
         <run_address>0x6fe0</run_address>
         <size>0x20</size>
         <input_file_ref idref="fl-5"/>
      </object_component>
      <object_component id="oc-7a">
         <name>SysCtrlRegsFile</name>
         <uninitialized>true</uninitialized>
         <run_address>0x7010</run_address>
         <size>0x30</size>
         <input_file_ref idref="fl-5"/>
      </object_component>
      <object_component id="oc-6d">
         <name>SpiaRegsFile</name>
         <uninitialized>true</uninitialized>
         <run_address>0x7040</run_address>
         <size>0x10</size>
         <input_file_ref idref="fl-5"/>
      </object_component>
      <object_component id="oc-6e">
         <name>SpibRegsFile</name>
         <uninitialized>true</uninitialized>
         <run_address>0x7740</run_address>
         <size>0x10</size>
         <input_file_ref idref="fl-5"/>
      </object_component>
      <object_component id="oc-6b">
         <name>SciaRegsFile</name>
         <uninitialized>true</uninitialized>
         <run_address>0x7050</run_address>
         <size>0x10</size>
         <input_file_ref idref="fl-5"/>
      </object_component>
      <object_component id="oc-6c">
         <name>ScibRegsFile</name>
         <uninitialized>true</uninitialized>
         <run_address>0x7750</run_address>
         <size>0x10</size>
         <input_file_ref idref="fl-5"/>
      </object_component>
      <object_component id="oc-6a">
         <name>NmiIntruptRegsFile</name>
         <uninitialized>true</uninitialized>
         <run_address>0x7060</run_address>
         <size>0x10</size>
         <input_file_ref idref="fl-5"/>
      </object_component>
      <object_component id="oc-6f">
         <name>XIntruptRegsFile</name>
         <uninitialized>true</uninitialized>
         <run_address>0x7070</run_address>
         <size>0x10</size>
         <input_file_ref idref="fl-5"/>
      </object_component>
      <object_component id="oc-89">
         <name>AdcRegsFile</name>
         <uninitialized>true</uninitialized>
         <run_address>0x7100</run_address>
         <size>0x50</size>
         <input_file_ref idref="fl-5"/>
      </object_component>
      <object_component id="oc-78">
         <name>I2caRegsFile</name>
         <uninitialized>true</uninitialized>
         <run_address>0x7900</run_address>
         <size>0x22</size>
         <input_file_ref idref="fl-5"/>
      </object_component>
      <object_component id="oc-5e">
         <name>Comp1RegsFile</name>
         <uninitialized>true</uninitialized>
         <run_address>0x6400</run_address>
         <size>0x7</size>
         <input_file_ref idref="fl-5"/>
      </object_component>
      <object_component id="oc-5f">
         <name>Comp2RegsFile</name>
         <uninitialized>true</uninitialized>
         <run_address>0x6420</run_address>
         <size>0x7</size>
         <input_file_ref idref="fl-5"/>
      </object_component>
      <object_component id="oc-60">
         <name>Comp3RegsFile</name>
         <uninitialized>true</uninitialized>
         <run_address>0x6440</run_address>
         <size>0x7</size>
         <input_file_ref idref="fl-5"/>
      </object_component>
      <object_component id="oc-80">
         <name>EPwm1RegsFile</name>
         <uninitialized>true</uninitialized>
         <run_address>0x6800</run_address>
         <size>0x40</size>
         <input_file_ref idref="fl-5"/>
      </object_component>
      <object_component id="oc-81">
         <name>EPwm2RegsFile</name>
         <uninitialized>true</uninitialized>
         <run_address>0x6840</run_address>
         <size>0x40</size>
         <input_file_ref idref="fl-5"/>
      </object_component>
      <object_component id="oc-82">
         <name>EPwm3RegsFile</name>
         <uninitialized>true</uninitialized>
         <run_address>0x6880</run_address>
         <size>0x40</size>
         <input_file_ref idref="fl-5"/>
      </object_component>
      <object_component id="oc-83">
         <name>EPwm4RegsFile</name>
         <uninitialized>true</uninitialized>
         <run_address>0x68c0</run_address>
         <size>0x40</size>
         <input_file_ref idref="fl-5"/>
      </object_component>
      <object_component id="oc-84">
         <name>EPwm5RegsFile</name>
         <uninitialized>true</uninitialized>
         <run_address>0x6900</run_address>
         <size>0x40</size>
         <input_file_ref idref="fl-5"/>
      </object_component>
      <object_component id="oc-85">
         <name>EPwm6RegsFile</name>
         <uninitialized>true</uninitialized>
         <run_address>0x6940</run_address>
         <size>0x40</size>
         <input_file_ref idref="fl-5"/>
      </object_component>
      <object_component id="oc-86">
         <name>EPwm7RegsFile</name>
         <uninitialized>true</uninitialized>
         <run_address>0x6980</run_address>
         <size>0x40</size>
         <input_file_ref idref="fl-5"/>
      </object_component>
      <object_component id="oc-87">
         <name>EPwm8RegsFile</name>
         <uninitialized>true</uninitialized>
         <run_address>0x69c0</run_address>
         <size>0x40</size>
         <input_file_ref idref="fl-5"/>
      </object_component>
      <object_component id="oc-79">
         <name>McbspaRegsFile</name>
         <uninitialized>true</uninitialized>
         <run_address>0x5000</run_address>
         <size>0x24</size>
         <input_file_ref idref="fl-5"/>
      </object_component>
      <object_component id="oc-64">
         <name>CsmPwlFile</name>
         <uninitialized>true</uninitialized>
         <run_address>0x3f7ff8</run_address>
         <size>0x8</size>
         <input_file_ref idref="fl-5"/>
      </object_component>
      <object_component id="oc-4d">
         <name>PartIdRegsFile</name>
         <uninitialized>true</uninitialized>
         <run_address>0x3d7e80</run_address>
         <size>0x1</size>
         <input_file_ref idref="fl-5"/>
      </object_component>
      <object_component id="oc-a0">
         <name>codestart</name>
         <load_address>0x0</load_address>
         <run_address>0x0</run_address>
         <size>0x2</size>
         <input_file_ref idref="fl-4"/>
      </object_component>
      <object_component id="oc-a5">
         <name>ramfuncs</name>
         <load_address>0xde7c</load_address>
         <run_address>0xde7c</run_address>
         <size>0x4</size>
         <input_file_ref idref="fl-6"/>
      </object_component>
      <object_component id="oc-17e">
         <name>.text</name>
         <load_address>0x8000</load_address>
         <run_address>0x8000</run_address>
         <size>0x862</size>
         <input_file_ref idref="fl-7"/>
      </object_component>
      <object_component id="oc-163">
         <name>.text</name>
         <load_address>0x8862</load_address>
         <run_address>0x8862</run_address>
         <size>0x7ca</size>
         <input_file_ref idref="fl-1d"/>
      </object_component>
      <object_component id="oc-162">
         <name>.text</name>
         <load_address>0x902c</load_address>
         <run_address>0x902c</run_address>
         <size>0x713</size>
         <input_file_ref idref="fl-9"/>
      </object_component>
      <object_component id="oc-182">
         <name>.text</name>
         <load_address>0x973f</load_address>
         <run_address>0x973f</run_address>
         <size>0x1</size>
         <input_file_ref idref="fl-33"/>
      </object_component>
      <object_component id="oc-1c1">
         <name>.text</name>
         <load_address>0x9740</load_address>
         <run_address>0x9740</run_address>
         <size>0x6da</size>
         <input_file_ref idref="fl-48"/>
      </object_component>
      <object_component id="oc-1b1">
         <name>.text:__TI_printfi</name>
         <load_address>0x9e1a</load_address>
         <run_address>0x9e1a</run_address>
         <size>0x60a</size>
         <input_file_ref idref="fl-48"/>
      </object_component>
      <object_component id="oc-15f">
         <name>.text</name>
         <load_address>0xa424</load_address>
         <run_address>0xa424</run_address>
         <size>0x5c5</size>
         <input_file_ref idref="fl-3"/>
      </object_component>
      <object_component id="oc-159">
         <name>.text</name>
         <load_address>0xa9e9</load_address>
         <run_address>0xa9e9</run_address>
         <size>0x1</size>
         <input_file_ref idref="fl-31"/>
      </object_component>
      <object_component id="oc-192">
         <name>.text</name>
         <load_address>0xa9ea</load_address>
         <run_address>0xa9ea</run_address>
         <size>0x597</size>
         <input_file_ref idref="fl-24"/>
      </object_component>
      <object_component id="oc-1bb">
         <name>.text</name>
         <load_address>0xaf82</load_address>
         <run_address>0xaf82</run_address>
         <size>0x4f5</size>
         <input_file_ref idref="fl-1e"/>
      </object_component>
      <object_component id="oc-166">
         <name>.text</name>
         <load_address>0xb477</load_address>
         <run_address>0xb477</run_address>
         <size>0x379</size>
         <input_file_ref idref="fl-10"/>
      </object_component>
      <object_component id="oc-17f">
         <name>.text</name>
         <load_address>0xb7f0</load_address>
         <run_address>0xb7f0</run_address>
         <size>0x36f</size>
         <input_file_ref idref="fl-1f"/>
      </object_component>
      <object_component id="oc-1a3">
         <name>.text</name>
         <load_address>0xbb5f</load_address>
         <run_address>0xbb5f</run_address>
         <size>0x2f1</size>
         <input_file_ref idref="fl-20"/>
      </object_component>
      <object_component id="oc-16a">
         <name>.text</name>
         <load_address>0xbe50</load_address>
         <run_address>0xbe50</run_address>
         <size>0x2bc</size>
         <input_file_ref idref="fl-13"/>
      </object_component>
      <object_component id="oc-180">
         <name>.text</name>
         <load_address>0xc10c</load_address>
         <run_address>0xc10c</run_address>
         <size>0x285</size>
         <input_file_ref idref="fl-e"/>
      </object_component>
      <object_component id="oc-181">
         <name>.text</name>
         <load_address>0xc391</load_address>
         <run_address>0xc391</run_address>
         <size>0x24a</size>
         <input_file_ref idref="fl-8"/>
      </object_component>
      <object_component id="oc-1ad">
         <name>.text</name>
         <load_address>0xc5db</load_address>
         <run_address>0xc5db</run_address>
         <size>0x242</size>
         <input_file_ref idref="fl-15"/>
      </object_component>
      <object_component id="oc-15d">
         <name>.text</name>
         <load_address>0xc81d</load_address>
         <run_address>0xc81d</run_address>
         <size>0x1f3</size>
         <input_file_ref idref="fl-18"/>
      </object_component>
      <object_component id="oc-170">
         <name>.text</name>
         <load_address>0xca10</load_address>
         <run_address>0xca10</run_address>
         <size>0x162</size>
         <input_file_ref idref="fl-23"/>
      </object_component>
      <object_component id="oc-13e">
         <name>.text</name>
         <load_address>0xcb72</load_address>
         <run_address>0xcb72</run_address>
         <size>0x107</size>
         <input_file_ref idref="fl-54"/>
      </object_component>
      <object_component id="oc-16b">
         <name>.text</name>
         <load_address>0xcc79</load_address>
         <run_address>0xcc79</run_address>
         <size>0x101</size>
         <input_file_ref idref="fl-22"/>
      </object_component>
      <object_component id="oc-171">
         <name>.text</name>
         <load_address>0xcd7a</load_address>
         <run_address>0xcd7a</run_address>
         <size>0xdd</size>
         <input_file_ref idref="fl-12"/>
      </object_component>
      <object_component id="oc-1a2">
         <name>.text</name>
         <load_address>0xce57</load_address>
         <run_address>0xce57</run_address>
         <size>0xc7</size>
         <input_file_ref idref="fl-14"/>
      </object_component>
      <object_component id="oc-8f">
         <name>.text:retain</name>
         <load_address>0xcf1e</load_address>
         <run_address>0xcf1e</run_address>
         <size>0xb4</size>
         <input_file_ref idref="fl-17"/>
      </object_component>
      <object_component id="oc-8e">
         <name>.text:retain</name>
         <load_address>0xcfd2</load_address>
         <run_address>0xcfd2</run_address>
         <size>0xb3</size>
         <input_file_ref idref="fl-1a"/>
      </object_component>
      <object_component id="oc-1c7">
         <name>.text</name>
         <load_address>0xd085</load_address>
         <run_address>0xd085</run_address>
         <size>0xb1</size>
         <input_file_ref idref="fl-4a"/>
      </object_component>
      <object_component id="oc-172">
         <name>.text</name>
         <load_address>0xd136</load_address>
         <run_address>0xd136</run_address>
         <size>0xa4</size>
         <input_file_ref idref="fl-16"/>
      </object_component>
      <object_component id="oc-1ac">
         <name>.text</name>
         <load_address>0xd1da</load_address>
         <run_address>0xd1da</run_address>
         <size>0x9e</size>
         <input_file_ref idref="fl-d"/>
      </object_component>
      <object_component id="oc-111">
         <name>.text</name>
         <load_address>0xd278</load_address>
         <run_address>0xd278</run_address>
         <size>0x9c</size>
         <input_file_ref idref="fl-4b"/>
      </object_component>
      <object_component id="oc-165">
         <name>.text</name>
         <load_address>0xd314</load_address>
         <run_address>0xd314</run_address>
         <size>0x98</size>
         <input_file_ref idref="fl-a"/>
      </object_component>
      <object_component id="oc-194">
         <name>.text</name>
         <load_address>0xd3ac</load_address>
         <run_address>0xd3ac</run_address>
         <size>0x8d</size>
         <input_file_ref idref="fl-17"/>
      </object_component>
      <object_component id="oc-152">
         <name>.text</name>
         <load_address>0xd439</load_address>
         <run_address>0xd439</run_address>
         <size>0x8b</size>
         <input_file_ref idref="fl-58"/>
      </object_component>
      <object_component id="oc-11b">
         <name>.text</name>
         <load_address>0xd4c4</load_address>
         <run_address>0xd4c4</run_address>
         <size>0x83</size>
         <input_file_ref idref="fl-4d"/>
      </object_component>
      <object_component id="oc-1a4">
         <name>.text</name>
         <load_address>0xd547</load_address>
         <run_address>0xd547</run_address>
         <size>0x78</size>
         <input_file_ref idref="fl-b"/>
      </object_component>
      <object_component id="oc-174">
         <name>.text</name>
         <load_address>0xd5bf</load_address>
         <run_address>0xd5bf</run_address>
         <size>0x78</size>
         <input_file_ref idref="fl-1a"/>
      </object_component>
      <object_component id="oc-99">
         <name>.text:retain</name>
         <load_address>0xd637</load_address>
         <run_address>0xd637</run_address>
         <size>0x76</size>
         <input_file_ref idref="fl-3"/>
      </object_component>
      <object_component id="oc-c7">
         <name>.text:retain</name>
         <load_address>0xd6ad</load_address>
         <run_address>0xd6ad</run_address>
         <size>0x72</size>
         <input_file_ref idref="fl-18"/>
      </object_component>
      <object_component id="oc-1c6">
         <name>.text</name>
         <load_address>0xd71f</load_address>
         <run_address>0xd71f</run_address>
         <size>0x5a</size>
         <input_file_ref idref="fl-49"/>
      </object_component>
      <object_component id="oc-18e">
         <name>.text</name>
         <load_address>0xd779</load_address>
         <run_address>0xd779</run_address>
         <size>0x5a</size>
         <input_file_ref idref="fl-3c"/>
      </object_component>
      <object_component id="oc-1b8">
         <name>.text</name>
         <load_address>0xd7d3</load_address>
         <run_address>0xd7d3</run_address>
         <size>0x59</size>
         <input_file_ref idref="fl-3e"/>
      </object_component>
      <object_component id="oc-47">
         <name>.text</name>
         <load_address>0xd82c</load_address>
         <run_address>0xd82c</run_address>
         <size>0x56</size>
         <input_file_ref idref="fl-2b"/>
      </object_component>
      <object_component id="oc-19d">
         <name>.text</name>
         <load_address>0xd882</load_address>
         <run_address>0xd882</run_address>
         <size>0x4c</size>
         <input_file_ref idref="fl-1c"/>
      </object_component>
      <object_component id="oc-15c">
         <name>.text</name>
         <load_address>0xd8ce</load_address>
         <run_address>0xd8ce</run_address>
         <size>0x35</size>
         <input_file_ref idref="fl-1b"/>
      </object_component>
      <object_component id="oc-fb">
         <name>.text</name>
         <load_address>0xd903</load_address>
         <run_address>0xd903</run_address>
         <size>0x34</size>
         <input_file_ref idref="fl-3a"/>
      </object_component>
      <object_component id="oc-f3">
         <name>.text</name>
         <load_address>0xd937</load_address>
         <run_address>0xd937</run_address>
         <size>0x34</size>
         <input_file_ref idref="fl-38"/>
      </object_component>
      <object_component id="oc-17c">
         <name>.text</name>
         <load_address>0xd96b</load_address>
         <run_address>0xd96b</run_address>
         <size>0x31</size>
         <input_file_ref idref="fl-41"/>
      </object_component>
      <object_component id="oc-1c5">
         <name>.text</name>
         <load_address>0xd99c</load_address>
         <run_address>0xd99c</run_address>
         <size>0x30</size>
         <input_file_ref idref="fl-59"/>
      </object_component>
      <object_component id="oc-19b">
         <name>.text</name>
         <load_address>0xd9cc</load_address>
         <run_address>0xd9cc</run_address>
         <size>0x2e</size>
         <input_file_ref idref="fl-19"/>
      </object_component>
      <object_component id="oc-175">
         <name>.text</name>
         <load_address>0xd9fa</load_address>
         <run_address>0xd9fa</run_address>
         <size>0x2d</size>
         <input_file_ref idref="fl-c"/>
      </object_component>
      <object_component id="oc-116">
         <name>.text</name>
         <load_address>0xda27</load_address>
         <run_address>0xda27</run_address>
         <size>0x2a</size>
         <input_file_ref idref="fl-4c"/>
      </object_component>
      <object_component id="oc-105">
         <name>.text</name>
         <load_address>0xda51</load_address>
         <run_address>0xda51</run_address>
         <size>0x2a</size>
         <input_file_ref idref="fl-40"/>
      </object_component>
      <object_component id="oc-15b">
         <name>.text</name>
         <load_address>0xda7b</load_address>
         <run_address>0xda7b</run_address>
         <size>0x29</size>
         <input_file_ref idref="fl-32"/>
      </object_component>
      <object_component id="oc-1c9">
         <name>.text</name>
         <load_address>0xdaa4</load_address>
         <run_address>0xdaa4</run_address>
         <size>0x25</size>
         <input_file_ref idref="fl-5f"/>
      </object_component>
      <object_component id="oc-158">
         <name>.text</name>
         <load_address>0xdac9</load_address>
         <run_address>0xdac9</run_address>
         <size>0x24</size>
         <input_file_ref idref="fl-2e"/>
      </object_component>
      <object_component id="oc-100">
         <name>.text</name>
         <load_address>0xdaed</load_address>
         <run_address>0xdaed</run_address>
         <size>0x22</size>
         <input_file_ref idref="fl-3f"/>
      </object_component>
      <object_component id="oc-12a">
         <name>.text</name>
         <load_address>0xdb0f</load_address>
         <run_address>0xdb0f</run_address>
         <size>0x21</size>
         <input_file_ref idref="fl-50"/>
      </object_component>
      <object_component id="oc-12f">
         <name>.text</name>
         <load_address>0xdb30</load_address>
         <run_address>0xdb30</run_address>
         <size>0x1f</size>
         <input_file_ref idref="fl-51"/>
      </object_component>
      <object_component id="oc-139">
         <name>.text</name>
         <load_address>0xdb4f</load_address>
         <run_address>0xdb4f</run_address>
         <size>0x1e</size>
         <input_file_ref idref="fl-53"/>
      </object_component>
      <object_component id="oc-143">
         <name>.text</name>
         <load_address>0xdb6d</load_address>
         <run_address>0xdb6d</run_address>
         <size>0x1d</size>
         <input_file_ref idref="fl-55"/>
      </object_component>
      <object_component id="oc-15e">
         <name>.text</name>
         <load_address>0xdb8a</load_address>
         <run_address>0xdb8a</run_address>
         <size>0x1d</size>
         <input_file_ref idref="fl-2f"/>
      </object_component>
      <object_component id="oc-14d">
         <name>.text</name>
         <load_address>0xdba7</load_address>
         <run_address>0xdba7</run_address>
         <size>0x1c</size>
         <input_file_ref idref="fl-57"/>
      </object_component>
      <object_component id="oc-148">
         <name>.text</name>
         <load_address>0xdbc3</load_address>
         <run_address>0xdbc3</run_address>
         <size>0x1c</size>
         <input_file_ref idref="fl-56"/>
      </object_component>
      <object_component id="oc-f7">
         <name>.text</name>
         <load_address>0xdbdf</load_address>
         <run_address>0xdbdf</run_address>
         <size>0x19</size>
         <input_file_ref idref="fl-39"/>
      </object_component>
      <object_component id="oc-134">
         <name>.text</name>
         <load_address>0xdbf8</load_address>
         <run_address>0xdbf8</run_address>
         <size>0x18</size>
         <input_file_ref idref="fl-52"/>
      </object_component>
      <object_component id="oc-1b5">
         <name>.text</name>
         <load_address>0xdc10</load_address>
         <run_address>0xdc10</run_address>
         <size>0x16</size>
         <input_file_ref idref="fl-45"/>
      </object_component>
      <object_component id="oc-17d">
         <name>.text</name>
         <load_address>0xdc26</load_address>
         <run_address>0xdc26</run_address>
         <size>0x16</size>
         <input_file_ref idref="fl-47"/>
      </object_component>
      <object_component id="oc-1b4">
         <name>.text</name>
         <load_address>0xdc3c</load_address>
         <run_address>0xdc3c</run_address>
         <size>0x14</size>
         <input_file_ref idref="fl-46"/>
      </object_component>
      <object_component id="oc-15a">
         <name>.text</name>
         <load_address>0xdc50</load_address>
         <run_address>0xdc50</run_address>
         <size>0x12</size>
         <input_file_ref idref="fl-34"/>
      </object_component>
      <object_component id="oc-1c2">
         <name>.text</name>
         <load_address>0xdc62</load_address>
         <run_address>0xdc62</run_address>
         <size>0x10</size>
         <input_file_ref idref="fl-5a"/>
      </object_component>
      <object_component id="oc-125">
         <name>.text</name>
         <load_address>0xdc72</load_address>
         <run_address>0xdc72</run_address>
         <size>0xe</size>
         <input_file_ref idref="fl-4f"/>
      </object_component>
      <object_component id="oc-1c8">
         <name>.text</name>
         <load_address>0xdc80</load_address>
         <run_address>0xdc80</run_address>
         <size>0xc</size>
         <input_file_ref idref="fl-5b"/>
      </object_component>
      <object_component id="oc-bf">
         <name>.text:retain</name>
         <load_address>0xdc8c</load_address>
         <run_address>0xdc8c</run_address>
         <size>0xa</size>
         <input_file_ref idref="fl-13"/>
      </object_component>
      <object_component id="oc-120">
         <name>.text</name>
         <load_address>0xdc96</load_address>
         <run_address>0xdc96</run_address>
         <size>0x9</size>
         <input_file_ref idref="fl-4e"/>
      </object_component>
      <object_component id="oc-1c3">
         <name>.text</name>
         <load_address>0xdc9f</load_address>
         <run_address>0xdc9f</run_address>
         <size>0x9</size>
         <input_file_ref idref="fl-5e"/>
      </object_component>
      <object_component id="oc-d4">
         <name>.text</name>
         <load_address>0xdca8</load_address>
         <run_address>0xdca8</run_address>
         <size>0x8</size>
         <input_file_ref idref="fl-21"/>
      </object_component>
      <object_component id="oc-9f">
         <name>.text</name>
         <load_address>0xdcb0</load_address>
         <run_address>0xdcb0</run_address>
         <size>0x8</size>
         <input_file_ref idref="fl-4"/>
      </object_component>
      <object_component id="oc-1be">
         <name>.text</name>
         <load_address>0xdcb8</load_address>
         <run_address>0xdcb8</run_address>
         <size>0x8</size>
         <input_file_ref idref="fl-44"/>
      </object_component>
      <object_component id="oc-1bf">
         <name>.text</name>
         <load_address>0xdcc0</load_address>
         <run_address>0xdcc0</run_address>
         <size>0x7</size>
         <input_file_ref idref="fl-43"/>
      </object_component>
      <object_component id="oc-1c0">
         <name>.text</name>
         <load_address>0xdcc7</load_address>
         <run_address>0xdcc7</run_address>
         <size>0x5</size>
         <input_file_ref idref="fl-5c"/>
      </object_component>
      <object_component id="oc-157">
         <name>.text</name>
         <load_address>0xdccc</load_address>
         <run_address>0xdccc</run_address>
         <size>0x2</size>
         <input_file_ref idref="fl-30"/>
      </object_component>
      <object_component id="oc-97">
         <name>.cinit</name>
         <load_address>0x1251a</load_address>
         <run_address>0x1251a</run_address>
         <size>0x24c</size>
         <input_file_ref idref="fl-3"/>
      </object_component>
      <object_component id="oc-4c">
         <name>.cinit</name>
         <load_address>0x12766</load_address>
         <run_address>0x12766</run_address>
         <size>0x9f</size>
         <input_file_ref idref="fl-60"/>
      </object_component>
      <object_component id="oc-d6">
         <name>.cinit</name>
         <load_address>0x12805</load_address>
         <run_address>0x12805</run_address>
         <size>0x89</size>
         <input_file_ref idref="fl-22"/>
      </object_component>
      <object_component id="oc-1a1">
         <name>.cinit:_rate_pid_loop_float</name>
         <load_address>0x1288e</load_address>
         <run_address>0x1288e</run_address>
         <size>0x39</size>
         <input_file_ref idref="fl-60"/>
      </object_component>
      <object_component id="oc-ab">
         <name>.cinit</name>
         <load_address>0x128c7</load_address>
         <run_address>0x128c7</run_address>
         <size>0x14</size>
         <input_file_ref idref="fl-7"/>
      </object_component>
      <object_component id="oc-cd">
         <name>.cinit</name>
         <load_address>0x128db</load_address>
         <run_address>0x128db</run_address>
         <size>0x14</size>
         <input_file_ref idref="fl-1d"/>
      </object_component>
      <object_component id="oc-c5">
         <name>.cinit</name>
         <load_address>0x128ef</load_address>
         <run_address>0x128ef</run_address>
         <size>0xe</size>
         <input_file_ref idref="fl-18"/>
      </object_component>
      <object_component id="oc-e8">
         <name>.cinit</name>
         <load_address>0x128fd</load_address>
         <run_address>0x128fd</run_address>
         <size>0xe</size>
         <input_file_ref idref="fl-32"/>
      </object_component>
      <object_component id="oc-16d">
         <name>.cinit:_AxisCalibrationIntercepts</name>
         <load_address>0x1290b</load_address>
         <run_address>0x1290b</run_address>
         <size>0x9</size>
         <input_file_ref idref="fl-60"/>
      </object_component>
      <object_component id="oc-16f">
         <name>.cinit:_AxisCalibrationSlopes</name>
         <load_address>0x12914</load_address>
         <run_address>0x12914</run_address>
         <size>0x9</size>
         <input_file_ref idref="fl-60"/>
      </object_component>
      <object_component id="oc-17b">
         <name>.cinit:_AxisTorqueLoopKd</name>
         <load_address>0x1291d</load_address>
         <run_address>0x1291d</run_address>
         <size>0x9</size>
         <input_file_ref idref="fl-60"/>
      </object_component>
      <object_component id="oc-179">
         <name>.cinit:_AxisTorqueLoopKi</name>
         <load_address>0x12926</load_address>
         <run_address>0x12926</run_address>
         <size>0x9</size>
         <input_file_ref idref="fl-60"/>
      </object_component>
      <object_component id="oc-177">
         <name>.cinit:_AxisTorqueLoopKp</name>
         <load_address>0x1292f</load_address>
         <run_address>0x1292f</run_address>
         <size>0x9</size>
         <input_file_ref idref="fl-60"/>
      </object_component>
      <object_component id="oc-185">
         <name>.cinit:_immediate_pid_lookup_buffer</name>
         <load_address>0x12938</load_address>
         <run_address>0x12938</run_address>
         <size>0x9</size>
         <input_file_ref idref="fl-9"/>
      </object_component>
      <object_component id="oc-18b">
         <name>.cinit:_latest_accel_telemetry</name>
         <load_address>0x12941</load_address>
         <run_address>0x12941</run_address>
         <size>0x9</size>
         <input_file_ref idref="fl-1d"/>
      </object_component>
      <object_component id="oc-18d">
         <name>.cinit:_latest_encoder_telemetry</name>
         <load_address>0x1294a</load_address>
         <run_address>0x1294a</run_address>
         <size>0x9</size>
         <input_file_ref idref="fl-1d"/>
      </object_component>
      <object_component id="oc-189">
         <name>.cinit:_latest_gyro_telemetry</name>
         <load_address>0x12953</load_address>
         <run_address>0x12953</run_address>
         <size>0x9</size>
         <input_file_ref idref="fl-1d"/>
      </object_component>
      <object_component id="oc-1ab">
         <name>.cinit:_raw_accel_readings$2$6</name>
         <load_address>0x1295c</load_address>
         <run_address>0x1295c</run_address>
         <size>0x6</size>
         <input_file_ref idref="fl-60"/>
      </object_component>
      <object_component id="oc-1a9">
         <name>.cinit:_raw_gyro_readings$1$6</name>
         <load_address>0x12962</load_address>
         <run_address>0x12962</run_address>
         <size>0x6</size>
         <input_file_ref idref="fl-60"/>
      </object_component>
      <object_component id="oc-161">
         <name>.cinit:__lock</name>
         <load_address>0x12968</load_address>
         <run_address>0x12968</run_address>
         <size>0x5</size>
         <input_file_ref idref="fl-60"/>
      </object_component>
      <object_component id="oc-183">
         <name>.cinit:__unlock</name>
         <load_address>0x1296d</load_address>
         <run_address>0x1296d</run_address>
         <size>0x5</size>
         <input_file_ref idref="fl-60"/>
      </object_component>
      <object_component id="oc-b3">
         <name>.cinit</name>
         <load_address>0x12972</load_address>
         <run_address>0x12972</run_address>
         <size>0x4</size>
         <input_file_ref idref="fl-9"/>
      </object_component>
      <object_component id="oc-19f">
         <name>.switch:_Process_CAN_Messages</name>
         <load_address>0xdcce</load_address>
         <run_address>0xdcce</run_address>
         <size>0x9c</size>
         <input_file_ref idref="fl-7"/>
      </object_component>
      <object_component id="oc-1bc">
         <name>.switch:_GpioClear</name>
         <load_address>0xdd6a</load_address>
         <run_address>0xdd6a</run_address>
         <size>0x76</size>
         <input_file_ref idref="fl-60"/>
      </object_component>
      <object_component id="oc-1bd">
         <name>.switch:_GpioSet</name>
         <load_address>0xdde0</load_address>
         <run_address>0xdde0</run_address>
         <size>0x76</size>
         <input_file_ref idref="fl-60"/>
      </object_component>
      <object_component id="oc-1ba">
         <name>.switch:_MotorDriveStateMachine</name>
         <load_address>0xde56</load_address>
         <run_address>0xde56</run_address>
         <size>0x26</size>
         <input_file_ref idref="fl-60"/>
      </object_component>
      <object_component id="oc-dd">
         <name>.reset</name>
         <load_address>0x3fffc0</load_address>
         <run_address>0x3fffc0</run_address>
         <size>0x2</size>
         <input_file_ref idref="fl-2b"/>
      </object_component>
      <object_component id="oc-dc">
         <name>.stack</name>
         <uninitialized>true</uninitialized>
         <run_address>0x480</run_address>
         <size>0x0</size>
         <input_file_ref idref="fl-2b"/>
      </object_component>
      <object_component id="oc-218">
         <name>.stack</name>
         <uninitialized>true</uninitialized>
         <run_address>0x480</run_address>
         <size>0x0</size>
      </object_component>
      <object_component id="oc-98">
         <name>.ebss</name>
         <uninitialized>true</uninitialized>
         <run_address>0x115c0</run_address>
         <size>0x1a8</size>
         <input_file_ref idref="fl-3"/>
      </object_component>
      <object_component id="oc-167">
         <name>.ebss:_VTimer0</name>
         <uninitialized>true</uninitialized>
         <run_address>0x10fbc</run_address>
         <size>0x4</size>
         <input_file_ref idref="fl-3"/>
      </object_component>
      <object_component id="oc-168">
         <name>.ebss:_VTimer1</name>
         <uninitialized>true</uninitialized>
         <run_address>0x115bc</run_address>
         <size>0x4</size>
         <input_file_ref idref="fl-3"/>
      </object_component>
      <object_component id="oc-169">
         <name>.ebss:_VTimer2</name>
         <uninitialized>true</uninitialized>
         <run_address>0x11abc</run_address>
         <size>0x4</size>
         <input_file_ref idref="fl-3"/>
      </object_component>
      <object_component id="oc-164">
         <name>.ebss:_param_set</name>
         <uninitialized>true</uninitialized>
         <run_address>0x119c0</run_address>
         <size>0xfc</size>
         <input_file_ref idref="fl-3"/>
      </object_component>
      <object_component id="oc-ac">
         <name>.ebss</name>
         <uninitialized>true</uninitialized>
         <run_address>0x11c86</run_address>
         <size>0x36</size>
         <input_file_ref idref="fl-7"/>
      </object_component>
      <object_component id="oc-b4">
         <name>.ebss</name>
         <uninitialized>true</uninitialized>
         <run_address>0x11887</run_address>
         <size>0x1</size>
         <input_file_ref idref="fl-9"/>
      </object_component>
      <object_component id="oc-184">
         <name>.ebss:_immediate_pid_lookup_buffer</name>
         <uninitialized>true</uninitialized>
         <run_address>0x11774</run_address>
         <size>0x6</size>
         <input_file_ref idref="fl-9"/>
      </object_component>
      <object_component id="oc-c6">
         <name>.ebss</name>
         <uninitialized>true</uninitialized>
         <run_address>0x11d5c</run_address>
         <size>0x20</size>
         <input_file_ref idref="fl-18"/>
      </object_component>
      <object_component id="oc-ce">
         <name>.ebss</name>
         <uninitialized>true</uninitialized>
         <run_address>0x10800</run_address>
         <size>0x78c</size>
         <input_file_ref idref="fl-1d"/>
      </object_component>
      <object_component id="oc-18c">
         <name>.ebss:_latest_encoder_telemetry</name>
         <uninitialized>true</uninitialized>
         <run_address>0x11bb0</run_address>
         <size>0x6</size>
         <input_file_ref idref="fl-1d"/>
      </object_component>
      <object_component id="oc-188">
         <name>.ebss:_latest_gyro_telemetry</name>
         <uninitialized>true</uninitialized>
         <run_address>0x11bb6</run_address>
         <size>0x6</size>
         <input_file_ref idref="fl-1d"/>
      </object_component>
      <object_component id="oc-18a">
         <name>.ebss:_latest_accel_telemetry</name>
         <uninitialized>true</uninitialized>
         <run_address>0x1177a</run_address>
         <size>0x6</size>
         <input_file_ref idref="fl-1d"/>
      </object_component>
      <object_component id="oc-186">
         <name>.ebss:_m_mavlink_status$1</name>
         <uninitialized>true</uninitialized>
         <run_address>0x11b8c</run_address>
         <size>0x24</size>
         <input_file_ref idref="fl-1d"/>
      </object_component>
      <object_component id="oc-187">
         <name>.ebss:_message_buffer</name>
         <uninitialized>true</uninitialized>
         <run_address>0x11780</run_address>
         <size>0x107</size>
         <input_file_ref idref="fl-1d"/>
      </object_component>
      <object_component id="oc-190">
         <name>.ebss:_m_mavlink_buffer$2</name>
         <uninitialized>true</uninitialized>
         <run_address>0x11380</run_address>
         <size>0x230</size>
         <input_file_ref idref="fl-1d"/>
      </object_component>
      <object_component id="oc-d7">
         <name>.ebss</name>
         <uninitialized>true</uninitialized>
         <run_address>0x11bc0</run_address>
         <size>0xc6</size>
         <input_file_ref idref="fl-22"/>
      </object_component>
      <object_component id="oc-199">
         <name>.ebss:_Buffer</name>
         <uninitialized>true</uninitialized>
         <run_address>0x118c0</run_address>
         <size>0x100</size>
         <input_file_ref idref="fl-22"/>
      </object_component>
      <object_component id="oc-e9">
         <name>.ebss</name>
         <uninitialized>true</uninitialized>
         <run_address>0x11f78</run_address>
         <size>0x6</size>
         <input_file_ref idref="fl-32"/>
      </object_component>
      <object_component id="oc-50">
         <name>.ebss</name>
         <uninitialized>true</uninitialized>
         <run_address>0x11d7f</run_address>
         <size>0x1</size>
         <input_file_ref idref="fl-e"/>
      </object_component>
      <object_component id="oc-51">
         <name>.ebss</name>
         <uninitialized>true</uninitialized>
         <run_address>0x11f5c</run_address>
         <size>0x1b</size>
         <input_file_ref idref="fl-10"/>
      </object_component>
      <object_component id="oc-52">
         <name>.ebss</name>
         <uninitialized>true</uninitialized>
         <run_address>0x11e36</run_address>
         <size>0x6</size>
         <input_file_ref idref="fl-1e"/>
      </object_component>
      <object_component id="oc-53">
         <name>.ebss</name>
         <uninitialized>true</uninitialized>
         <run_address>0x11e3f</run_address>
         <size>0x1</size>
         <input_file_ref idref="fl-5d"/>
      </object_component>
      <object_component id="oc-56">
         <name>.ebss</name>
         <uninitialized>true</uninitialized>
         <run_address>0x11f86</run_address>
         <size>0x2</size>
         <input_file_ref idref="fl-8"/>
      </object_component>
      <object_component id="oc-57">
         <name>.ebss</name>
         <uninitialized>true</uninitialized>
         <run_address>0x11cbc</run_address>
         <size>0x4</size>
         <input_file_ref idref="fl-d"/>
      </object_component>
      <object_component id="oc-58">
         <name>.ebss</name>
         <uninitialized>true</uninitialized>
         <run_address>0x11e18</run_address>
         <size>0x1e</size>
         <input_file_ref idref="fl-17"/>
      </object_component>
      <object_component id="oc-5a">
         <name>.ebss</name>
         <uninitialized>true</uninitialized>
         <run_address>0x11372</run_address>
         <size>0x8</size>
         <input_file_ref idref="fl-1f"/>
      </object_component>
      <object_component id="oc-5b">
         <name>.ebss</name>
         <uninitialized>true</uninitialized>
         <run_address>0x11ac0</run_address>
         <size>0xcc</size>
         <input_file_ref idref="fl-24"/>
      </object_component>
      <object_component id="oc-160">
         <name>.ebss:__lock</name>
         <uninitialized>true</uninitialized>
         <run_address>0x118be</run_address>
         <size>0x2</size>
         <input_file_ref idref="fl-33"/>
      </object_component>
      <object_component id="oc-1b0">
         <name>.ebss:__unlock</name>
         <uninitialized>true</uninitialized>
         <run_address>0x11f7e</run_address>
         <size>0x2</size>
         <input_file_ref idref="fl-33"/>
      </object_component>
      <object_component id="oc-1af">
         <name>.ebss:_rate_cmds_received</name>
         <uninitialized>true</uninitialized>
         <run_address>0x11d7c</run_address>
         <size>0x3</size>
         <input_file_ref idref="fl-8"/>
      </object_component>
      <object_component id="oc-1a8">
         <name>.ebss:_raw_gyro_readings$1$6</name>
         <uninitialized>true</uninitialized>
         <run_address>0x11f80</run_address>
         <size>0x3</size>
         <input_file_ref idref="fl-e"/>
      </object_component>
      <object_component id="oc-1aa">
         <name>.ebss:_raw_accel_readings$2$6</name>
         <uninitialized>true</uninitialized>
         <run_address>0x11e3c</run_address>
         <size>0x3</size>
         <input_file_ref idref="fl-e"/>
      </object_component>
      <object_component id="oc-193">
         <name>.ebss:_response_buffer</name>
         <uninitialized>true</uninitialized>
         <run_address>0x11f83</run_address>
         <size>0x3</size>
         <input_file_ref idref="fl-10"/>
      </object_component>
      <object_component id="oc-195">
         <name>.ebss:_request_cmd_buffer</name>
         <uninitialized>true</uninitialized>
         <run_address>0x11bbc</run_address>
         <size>0x4</size>
         <input_file_ref idref="fl-10"/>
      </object_component>
      <object_component id="oc-16e">
         <name>.ebss:_AxisCalibrationSlopes</name>
         <uninitialized>true</uninitialized>
         <run_address>0x115b0</run_address>
         <size>0x6</size>
         <input_file_ref idref="fl-11"/>
      </object_component>
      <object_component id="oc-16c">
         <name>.ebss:_AxisCalibrationIntercepts</name>
         <uninitialized>true</uninitialized>
         <run_address>0x1137a</run_address>
         <size>0x6</size>
         <input_file_ref idref="fl-11"/>
      </object_component>
      <object_component id="oc-176">
         <name>.ebss:_AxisTorqueLoopKp</name>
         <uninitialized>true</uninitialized>
         <run_address>0x1176e</run_address>
         <size>0x6</size>
         <input_file_ref idref="fl-11"/>
      </object_component>
      <object_component id="oc-178">
         <name>.ebss:_AxisTorqueLoopKi</name>
         <uninitialized>true</uninitialized>
         <run_address>0x11768</run_address>
         <size>0x6</size>
         <input_file_ref idref="fl-11"/>
      </object_component>
      <object_component id="oc-17a">
         <name>.ebss:_AxisTorqueLoopKd</name>
         <uninitialized>true</uninitialized>
         <run_address>0x115b6</run_address>
         <size>0x6</size>
         <input_file_ref idref="fl-11"/>
      </object_component>
      <object_component id="oc-66">
         <name>.ebss</name>
         <uninitialized>true</uninitialized>
         <run_address>0x10fb4</run_address>
         <size>0x8</size>
         <input_file_ref idref="fl-16"/>
      </object_component>
      <object_component id="oc-67">
         <name>.ebss</name>
         <uninitialized>true</uninitialized>
         <run_address>0x11f40</run_address>
         <size>0x1c</size>
         <input_file_ref idref="fl-1a"/>
      </object_component>
      <object_component id="oc-1b3">
         <name>.ebss:_m_mavlink_status$1$22</name>
         <uninitialized>true</uninitialized>
         <run_address>0x1134e</run_address>
         <size>0x24</size>
         <input_file_ref idref="fl-24"/>
      </object_component>
      <object_component id="oc-198">
         <name>.ebss:_receive_buffer</name>
         <uninitialized>true</uninitialized>
         <run_address>0x10f8c</run_address>
         <size>0x28</size>
         <input_file_ref idref="fl-10"/>
      </object_component>
      <object_component id="oc-1a0">
         <name>.ebss:_rate_pid_loop_float</name>
         <uninitialized>true</uninitialized>
         <run_address>0x11888</run_address>
         <size>0x36</size>
         <input_file_ref idref="fl-b"/>
      </object_component>
      <object_component id="oc-1b6">
         <name>.ebss:_i2c_rx_buffer</name>
         <uninitialized>true</uninitialized>
         <run_address>0x11e40</run_address>
         <size>0x80</size>
         <input_file_ref idref="fl-17"/>
      </object_component>
      <object_component id="oc-1b7">
         <name>.ebss:_i2c_tx_buffer</name>
         <uninitialized>true</uninitialized>
         <run_address>0x11ec0</run_address>
         <size>0x80</size>
         <input_file_ref idref="fl-17"/>
      </object_component>
      <object_component id="oc-8a">
         <name>.ebss</name>
         <uninitialized>true</uninitialized>
         <run_address>0x11d80</run_address>
         <size>0x98</size>
         <input_file_ref idref="fl-20"/>
      </object_component>
      <object_component id="oc-19a">
         <name>.ebss:_params_to_load</name>
         <uninitialized>true</uninitialized>
         <run_address>0x11cc0</run_address>
         <size>0x9c</size>
         <input_file_ref idref="fl-23"/>
      </object_component>
      <object_component id="oc-1b2">
         <name>.ebss:_gimbal_params</name>
         <uninitialized>true</uninitialized>
         <run_address>0x10fc0</run_address>
         <size>0x38e</size>
         <input_file_ref idref="fl-24"/>
      </object_component>
      <object_component id="oc-19c">
         <name>.ebss:_uart_rx_buffer</name>
         <uninitialized>true</uninitialized>
         <run_address>0xf800</run_address>
         <size>0x800</size>
         <input_file_ref idref="fl-1a"/>
      </object_component>
      <object_component id="oc-19e">
         <name>.ebss:_uart_tx_buffer</name>
         <uninitialized>true</uninitialized>
         <run_address>0x10000</run_address>
         <size>0x800</size>
         <input_file_ref idref="fl-1a"/>
      </object_component>
      <object_component id="oc-91">
         <name>.econst:.string</name>
         <load_address>0x11f88</load_address>
         <run_address>0x11f88</run_address>
         <size>0x1da</size>
         <input_file_ref idref="fl-60"/>
      </object_component>
      <object_component id="oc-197">
         <name>.econst:.string:__ctypes_</name>
         <load_address>0x12162</load_address>
         <run_address>0x12162</run_address>
         <size>0x101</size>
         <input_file_ref idref="fl-42"/>
      </object_component>
      <object_component id="oc-191">
         <name>.econst:.string:_mavlink_message_crcs$3</name>
         <load_address>0x12263</load_address>
         <run_address>0x12263</run_address>
         <size>0x100</size>
         <input_file_ref idref="fl-1d"/>
      </object_component>
      <object_component id="oc-cf">
         <name>.econst:.string</name>
         <load_address>0x12364</load_address>
         <run_address>0x12364</run_address>
         <size>0xfe</size>
         <input_file_ref idref="fl-1d"/>
      </object_component>
      <object_component id="oc-10c">
         <name>.econst:.string</name>
         <load_address>0x12462</load_address>
         <run_address>0x12462</run_address>
         <size>0x26</size>
         <input_file_ref idref="fl-48"/>
      </object_component>
      <object_component id="oc-ad">
         <name>.econst:.string</name>
         <load_address>0x12488</load_address>
         <run_address>0x12488</run_address>
         <size>0x1e</size>
         <input_file_ref idref="fl-7"/>
      </object_component>
      <object_component id="oc-10b">
         <name>.econst</name>
         <load_address>0x124a6</load_address>
         <run_address>0x124a6</run_address>
         <size>0x1c</size>
         <input_file_ref idref="fl-48"/>
      </object_component>
      <object_component id="oc-1a6">
         <name>.econst:_GainDetuneCoefficients$6</name>
         <load_address>0x124c2</load_address>
         <run_address>0x124c2</run_address>
         <size>0x12</size>
         <input_file_ref idref="fl-e"/>
      </object_component>
      <object_component id="oc-196">
         <name>.econst:.string:_$P$T0$1$8</name>
         <load_address>0x124d4</load_address>
         <run_address>0x124d4</run_address>
         <size>0x10</size>
         <input_file_ref idref="fl-10"/>
      </object_component>
      <object_component id="oc-90">
         <name>.econst</name>
         <load_address>0x124e4</load_address>
         <run_address>0x124e4</run_address>
         <size>0x10</size>
         <input_file_ref idref="fl-60"/>
      </object_component>
      <object_component id="oc-9a">
         <name>.econst:.string</name>
         <load_address>0x124f4</load_address>
         <run_address>0x124f4</run_address>
         <size>0xe</size>
         <input_file_ref idref="fl-3"/>
      </object_component>
      <object_component id="oc-173">
         <name>.econst:_$P$T0$1</name>
         <load_address>0x12502</load_address>
         <run_address>0x12502</run_address>
         <size>0x4</size>
         <input_file_ref idref="fl-3"/>
      </object_component>
      <object_component id="oc-18f">
         <name>.econst:_$P$T0$5</name>
         <load_address>0x12506</load_address>
         <run_address>0x12506</run_address>
         <size>0x3</size>
         <input_file_ref idref="fl-1d"/>
      </object_component>
      <object_component id="oc-1c4">
         <name>.econst:_AXIS_CALIBRATION_SETTLING_TIME_MS$18</name>
         <load_address>0x12509</load_address>
         <run_address>0x12509</run_address>
         <size>0x3</size>
         <input_file_ref idref="fl-1e"/>
      </object_component>
      <object_component id="oc-1b9">
         <name>.econst:_EncoderSignMap$10</name>
         <load_address>0x1250c</load_address>
         <run_address>0x1250c</run_address>
         <size>0x3</size>
         <input_file_ref idref="fl-14"/>
      </object_component>
      <object_component id="oc-1ae">
         <name>.econst:_GyroAxisMap$6</name>
         <load_address>0x1250f</load_address>
         <run_address>0x1250f</run_address>
         <size>0x3</size>
         <input_file_ref idref="fl-e"/>
      </object_component>
      <object_component id="oc-1a7">
         <name>.econst:_GyroSignMap$6</name>
         <load_address>0x12512</load_address>
         <run_address>0x12512</run_address>
         <size>0x3</size>
         <input_file_ref idref="fl-e"/>
      </object_component>
      <object_component id="oc-1a5">
         <name>.econst:_TorqueSignMap$6</name>
         <load_address>0x12515</load_address>
         <run_address>0x12515</run_address>
         <size>0x3</size>
         <input_file_ref idref="fl-e"/>
      </object_component>
      <object_component id="oc-59">
         <name>.econst</name>
         <load_address>0x12518</load_address>
         <run_address>0x12518</run_address>
         <size>0x2</size>
         <input_file_ref idref="fl-1e"/>
      </object_component>
      <object_component id="oc-ff">
         <name>FPUmathTables</name>
         <load_address>0x3fd860</load_address>
         <run_address>0x3fd860</run_address>
         <size>0x6a0</size>
         <input_file_ref idref="fl-3b"/>
      </object_component>
      <object_component id="oc-96">
         <name>.debug_info</name>
         <load_address>0x0</load_address>
         <run_address>0x0</run_address>
[...]
         <value>0x8000</value>
         <object_component_ref idref="oc-17e"/>
      </symbol>
      <symbol id="sm-78b">
         <name>_immediate_pid_lookup_buffer</name>
         <value>0x11774</value>
         <object_component_ref idref="oc-184"/>
      </symbol>
      <symbol id="sm-78c">
         <name>_cand_tx_param</name>
         <value>0x9153</value>
         <object_component_ref idref="oc-162"/>
      </symbol>
      <symbol id="sm-78e">
         <name>_cand_tx_extended_param</name>
         <value>0x932f</value>
         <object_component_ref idref="oc-162"/>
      </symbol>
      <symbol id="sm-790">
         <name>_cand_tx_request</name>
         <value>0x912e</value>
         <object_component_ref idref="oc-162"/>
      </symbol>
      <symbol id="sm-792">
         <name>_CAND_GetSenderID</name>
         <value>0x902c</value>
         <object_component_ref idref="oc-162"/>
      </symbol>
      <symbol id="sm-794">
         <name>_cand_tx_multi_response</name>
         <value>0x9196</value>
         <object_component_ref idref="oc-162"/>
      </symbol>
      <symbol id="sm-796">
         <name>_cand_tx_multi_request</name>
         <value>0x9206</value>
         <object_component_ref idref="oc-162"/>
      </symbol>
      <symbol id="sm-798">
         <name>_cand_tx_multi_param</name>
         <value>0x9239</value>
         <object_component_ref idref="oc-162"/>
      </symbol>
      <symbol id="sm-79a">
         <name>_cand_rx</name>
         <value>0x937f</value>
         <object_component_ref idref="oc-162"/>
      </symbol>
      <symbol id="sm-79c">
         <name>_cand_tx_command</name>
         <value>0x9358</value>
         <object_component_ref idref="oc-162"/>
      </symbol>
      <symbol id="sm-79e">
         <name>_cand_tx</name>
         <value>0x9044</value>
         <object_component_ref idref="oc-162"/>
      </symbol>
      <symbol id="sm-7a0">
         <name>_CAND_InDestinationList</name>
         <value>0x9370</value>
         <object_component_ref idref="oc-162"/>
      </symbol>
      <symbol id="sm-7a2">
         <name>_cand_tx_response</name>
         <value>0x90e6</value>
         <object_component_ref idref="oc-162"/>
      </symbol>
      <symbol id="sm-7a4">
         <name>_ECanInit</name>
         <value>0x96cb</value>
         <object_component_ref idref="oc-162"/>
      </symbol>
      <symbol id="sm-7a6">
         <name>_cand_tx_fault</name>
         <value>0x930c</value>
         <object_component_ref idref="oc-162"/>
      </symbol>
      <symbol id="sm-7a8">
         <name>_cand_init</name>
         <value>0x96a8</value>
         <object_component_ref idref="oc-162"/>
      </symbol>
      <symbol id="sm-7b5">
         <name>_init_adc</name>
         <value>0xcd7a</value>
         <object_component_ref idref="oc-171"/>
      </symbol>
      <symbol id="sm-7d6">
         <name>_DeviceInit</name>
         <value>0xbf53</value>
         <object_component_ref idref="oc-16a"/>
      </symbol>
      <symbol id="sm-7d8">
         <name>_MemCopy</name>
         <value>0xbe50</value>
         <object_component_ref idref="oc-16a"/>
      </symbol>
      <symbol id="sm-7da">
         <name>_InitInterrupts</name>
         <value>0xbe5f</value>
         <object_component_ref idref="oc-16a"/>
      </symbol>
      <symbol id="sm-7dc">
         <name>_ISR_ILLEGAL</name>
         <value>0xdc8c</value>
         <object_component_ref idref="oc-bf"/>
      </symbol>
      <symbol id="sm-814">
         <name>_led_update_state</name>
         <value>0xc909</value>
         <object_component_ref idref="oc-15d"/>
      </symbol>
      <symbol id="sm-816">
         <name>_led_epwm6_isr</name>
         <value>0xd6ad</value>
         <object_component_ref idref="oc-c7"/>
      </symbol>
      <symbol id="sm-818">
         <name>_init_led_periph</name>
         <value>0xc92e</value>
         <object_component_ref idref="oc-15d"/>
      </symbol>
      <symbol id="sm-81a">
         <name>_led_set_mode</name>
         <value>0xc84b</value>
         <object_component_ref idref="oc-15d"/>
      </symbol>
      <symbol id="sm-81c">
         <name>_init_led_interrupts</name>
         <value>0xc964</value>
         <object_component_ref idref="oc-15d"/>
      </symbol>
      <symbol id="sm-81e">
         <name>_init_led</name>
         <value>0xc978</value>
         <object_component_ref idref="oc-15d"/>
      </symbol>
      <symbol id="sm-820">
         <name>_led_epwm5_isr</name>
         <value>0xd6e6</value>
         <object_component_ref idref="oc-c7"/>
      </symbol>
      <symbol id="sm-8d1">
         <name>_messages_received</name>
         <value>0x10801</value>
         <object_component_ref idref="oc-ce"/>
      </symbol>
      <symbol id="sm-8d2">
         <name>_heartbeats_received</name>
         <value>0x10802</value>
         <object_component_ref idref="oc-ce"/>
      </symbol>
      <symbol id="sm-8d3">
         <name>_send_mavlink_message</name>
         <value>0x8941</value>
         <object_component_ref idref="oc-163"/>
      </symbol>
      <symbol id="sm-8d5">
         <name>_send_mavlink_gopro_set_response</name>
         <value>0x8a16</value>
         <object_component_ref idref="oc-163"/>
      </symbol>
      <symbol id="sm-8d7">
         <name>_send_mavlink_calibration_progress</name>
         <value>0x8b13</value>
         <object_component_ref idref="oc-163"/>
      </symbol>
      <symbol id="sm-8d9">
         <name>_latest_gyro_telemetry</name>
         <value>0x11bb6</value>
         <object_component_ref idref="oc-188"/>
      </symbol>
      <symbol id="sm-8da">
         <name>_send_mavlink_gopro_heartbeat</name>
         <value>0x8a36</value>
         <object_component_ref idref="oc-163"/>
      </symbol>
      <symbol id="sm-8dc">
         <name>_send_mavlink_axis_error</name>
         <value>0x8b64</value>
         <object_component_ref idref="oc-163"/>
      </symbol>
      <symbol id="sm-8de">
         <name>_gimbal_sysid</name>
         <value>0x10800</value>
         <object_component_ref idref="oc-ce"/>
      </symbol>
      <symbol id="sm-8df">
         <name>_receive_gyro_rl_telemetry</name>
         <value>0x8bdc</value>
         <object_component_ref idref="oc-163"/>
      </symbol>
      <symbol id="sm-8e1">
         <name>_receive_gyro_az_telemetry</name>
         <value>0x8c2e</value>
         <object_component_ref idref="oc-163"/>
      </symbol>
      <symbol id="sm-8e3">
         <name>_mavlink_state_machine</name>
         <value>0x9003</value>
         <object_component_ref idref="oc-163"/>
      </symbol>
      <symbol id="sm-8e5">
         <name>_send_mavlink_gimbal_feedback</name>
         <value>0x8a6f</value>
         <object_component_ref idref="oc-163"/>
      </symbol>
      <symbol id="sm-8e7">
         <name>_receive_accel_rl_telemetry</name>
         <value>0x8cad</value>
         <object_component_ref idref="oc-163"/>
      </symbol>
      <symbol id="sm-8e9">
         <name>_send_cmd_long_ack</name>
         <value>0x8bc1</value>
         <object_component_ref idref="oc-163"/>
      </symbol>
      <symbol id="sm-8eb">
         <name>_send_mavlink_gopro_get_response</name>
         <value>0x8a4f</value>
         <object_component_ref idref="oc-163"/>
      </symbol>
      <symbol id="sm-8ed">
         <name>_receive_accel_az_telemetry</name>
         <value>0x8cff</value>
         <object_component_ref idref="oc-163"/>
      </symbol>
      <symbol id="sm-8ef">
         <name>_receive_gyro_el_telemetry</name>
         <value>0x8c05</value>
         <object_component_ref idref="oc-163"/>
      </symbol>
      <symbol id="sm-8f1">
         <name>_last_parameter_sent</name>
         <value>0x10804</value>
         <object_component_ref idref="oc-ce"/>
      </symbol>
      <symbol id="sm-8f2">
         <name>_init_mavlink</name>
         <value>0x9025</value>
         <object_component_ref idref="oc-163"/>
      </symbol>
      <symbol id="sm-8f4">
         <name>_mavlink_system</name>
         <value>0x10805</value>
         <object_component_ref idref="oc-ce"/>
      </symbol>
      <symbol id="sm-8f5">
         <name>_send_mavlink_statustext</name>
         <value>0x8990</value>
         <object_component_ref idref="oc-163"/>
      </symbol>
      <symbol id="sm-8f7">
         <name>_latest_encoder_telemetry</name>
         <value>0x11bb0</value>
         <object_component_ref idref="oc-18c"/>
      </symbol>
      <symbol id="sm-8f8">
         <name>_latest_accel_telemetry</name>
         <value>0x1177a</value>
         <object_component_ref idref="oc-18a"/>
      </symbol>
      <symbol id="sm-8f9">
         <name>_receive_accel_el_telemetry</name>
         <value>0x8cd6</value>
         <object_component_ref idref="oc-163"/>
      </symbol>
      <symbol id="sm-8fb">
         <name>_telem_received</name>
         <value>0x10803</value>
         <object_component_ref idref="oc-ce"/>
      </symbol>
      <symbol id="sm-8fc">
         <name>_send_mavlink_heartbeat</name>
         <value>0x89ec</value>
         <object_component_ref idref="oc-163"/>
      </symbol>
      <symbol id="sm-8fe">
         <name>_receive_encoder_telemetry</name>
         <value>0x8c57</value>
         <object_component_ref idref="oc-163"/>
      </symbol>
      <symbol id="sm-900">
         <name>_send_mavlink_debug_data</name>
         <value>0x8ac1</value>
         <object_component_ref idref="oc-163"/>
      </symbol>
      <symbol id="sm-902">
         <name>_message_buffer</name>
         <value>0x11780</value>
         <object_component_ref idref="oc-187"/>
      </symbol>
      <symbol id="sm-906">
         <name>_PRG_key2</name>
         <value>0xdcaa</value>
         <object_component_ref idref="oc-d4"/>
      </symbol>
      <symbol id="sm-907">
         <name>_PRG_key3</name>
         <value>0xdcab</value>
         <object_component_ref idref="oc-d4"/>
      </symbol>
      <symbol id="sm-908">
         <name>_PRG_key0</name>
         <value>0xdca8</value>
         <object_component_ref idref="oc-d4"/>
      </symbol>
      <symbol id="sm-909">
         <name>_PRG_key1</name>
         <value>0xdca9</value>
         <object_component_ref idref="oc-d4"/>
      </symbol>
      <symbol id="sm-90a">
         <name>_PRG_key6</name>
         <value>0xdcae</value>
         <object_component_ref idref="oc-d4"/>
      </symbol>
      <symbol id="sm-90b">
         <name>_PRG_key7</name>
         <value>0xdcaf</value>
         <object_component_ref idref="oc-d4"/>
      </symbol>
      <symbol id="sm-90c">
         <name>_PRG_key4</name>
         <value>0xdcac</value>
         <object_component_ref idref="oc-d4"/>
      </symbol>
      <symbol id="sm-90d">
         <name>_PRG_key5</name>
         <value>0xdcad</value>
         <object_component_ref idref="oc-d4"/>
      </symbol>
      <symbol id="sm-930">
         <name>_erase_firmware_and_config</name>
         <value>0xcd3f</value>
         <object_component_ref idref="oc-16b"/>
      </symbol>
      <symbol id="sm-932">
         <name>_MyCallbackCounter</name>
         <value>0x11bc0</value>
         <object_component_ref idref="oc-d7"/>
      </symbol>
      <symbol id="sm-933">
         <name>_write_flash</name>
         <value>0xccbd</value>
         <object_component_ref idref="oc-16b"/>
      </symbol>
      <symbol id="sm-935">
         <name>_Example_CsmUnlock</name>
         <value>0xcc79</value>
         <object_component_ref idref="oc-16b"/>
      </symbol>
      <symbol id="sm-937">
         <name>_Buffer</name>
         <value>0x118c0</value>
         <object_component_ref idref="oc-199"/>
      </symbol>
      <symbol id="sm-938">
         <name>_init_flash</name>
         <value>0xcd00</value>
         <object_component_ref idref="oc-16b"/>
      </symbol>
      <symbol id="sm-93a">
         <name>_FlashStatus</name>
         <value>0x11bc2</value>
         <object_component_ref idref="oc-d7"/>
      </symbol>
      <symbol id="sm-93b">
         <name>_erase_our_flash</name>
         <value>0xcd18</value>
         <object_component_ref idref="oc-16b"/>
      </symbol>
      <symbol id="sm-93d">
         <name>_flash_params</name>
         <value>0x11c00</value>
         <object_component_ref idref="oc-d7"/>
      </symbol>
      <symbol id="sm-958">
         <name>_c_int00</name>
         <value>0xd82c</value>
         <object_component_ref idref="oc-47"/>
      </symbol>
      <symbol id="sm-959">
         <name>__stack</name>
         <value>0x480</value>
         <object_component_ref idref="oc-dc"/>
      </symbol>
      <symbol id="sm-966">
         <name>__system_post_cinit</name>
         <value>0xa9e9</value>
         <object_component_ref idref="oc-159"/>
      </symbol>
      <symbol id="sm-97b">
         <name>C$$EXIT</name>
         <value>0xda7b</value>
         <object_component_ref idref="oc-15b"/>
      </symbol>
      <symbol id="sm-97c">
         <name>_exit</name>
         <value>0xda7d</value>
         <object_component_ref idref="oc-15b"/>
      </symbol>
      <symbol id="sm-97e">
         <name>___TI_cleanup_ptr</name>
         <value>0x11f7a</value>
         <object_component_ref idref="oc-e9"/>
      </symbol>
      <symbol id="sm-97f">
         <name>___TI_enable_exit_profile_output</name>
         <value>0x11f78</value>
         <object_component_ref idref="oc-e9"/>
      </symbol>
      <symbol id="sm-980">
         <name>_abort</name>
         <value>0xda7b</value>
         <object_component_ref idref="oc-15b"/>
      </symbol>
      <symbol id="sm-982">
         <name>___TI_dtors_ptr</name>
         <value>0x11f7c</value>
         <object_component_ref idref="oc-e9"/>
      </symbol>
      <symbol id="sm-991">
         <name>__args_main</name>
         <value>0xdc50</value>
         <object_component_ref idref="oc-15a"/>
      </symbol>
      <symbol id="sm-994">
         <name>_Flash2806x_APIVersionHex</name>
         <value>0x3ffef3</value>
      </symbol>
      <symbol id="sm-996">
         <name>_Flash2806x_Erase</name>
         <value>0x3ffebd</value>
      </symbol>
      <symbol id="sm-998">
         <name>_Flash2806x_Program</name>
         <value>0x3ffebb</value>
      </symbol>
      <symbol id="sm-9a0">
         <name>_sin</name>
         <value>0xd937</value>
         <object_component_ref idref="oc-f3"/>
      </symbol>
      <symbol id="sm-9a8">
         <name>FS$$DIV</name>
         <value>0xdbdf</value>
         <object_component_ref idref="oc-f7"/>
      </symbol>
      <symbol id="sm-9b0">
         <name>_cos</name>
         <value>0xd903</value>
         <object_component_ref idref="oc-fb"/>
      </symbol>
      <symbol id="sm-9b8">
         <name>_FPUcosTableEnd</name>
         <value>0x3fdd62</value>
         <object_component_ref idref="oc-ff"/>
      </symbol>
      <symbol id="sm-9b9">
         <name>_FPUatan2TableEnd</name>
         <value>0x3fdeec</value>
         <object_component_ref idref="oc-ff"/>
      </symbol>
      <symbol id="sm-9ba">
         <name>_FPUatan2Table</name>
         <value>0x3fdd66</value>
         <object_component_ref idref="oc-ff"/>
      </symbol>
      <symbol id="sm-9bb">
         <name>_FPUsinTable</name>
         <value>0x3fd860</value>
         <object_component_ref idref="oc-ff"/>
      </symbol>
      <symbol id="sm-9bc">
         <name>_FPUcosTable</name>
         <value>0x3fd960</value>
         <object_component_ref idref="oc-ff"/>
      </symbol>
      <symbol id="sm-9bd">
         <name>_FPUatan2HalfPITable</name>
         <value>0x3fdd62</value>
         <object_component_ref idref="oc-ff"/>
      </symbol>
      <symbol id="sm-9be">
         <name>_FPUsinTableEnd</name>
         <value>0x3fdc60</value>
         <object_component_ref idref="oc-ff"/>
      </symbol>
      <symbol id="sm-9cc">
         <name>I$$MOD</name>
         <value>0xdafe</value>
         <object_component_ref idref="oc-100"/>
      </symbol>
      <symbol id="sm-9cd">
         <name>I$$DIV</name>
         <value>0xdaed</value>
         <object_component_ref idref="oc-100"/>
      </symbol>
      <symbol id="sm-9d9">
         <name>UL$$MOD</name>
         <value>0xda75</value>
         <object_component_ref idref="oc-105"/>
      </symbol>
      <symbol id="sm-9da">
         <name>L$$MOD</name>
         <value>0xda60</value>
         <object_component_ref idref="oc-105"/>
      </symbol>
      <symbol id="sm-9db">
         <name>L$$DIV</name>
         <value>0xda51</value>
         <object_component_ref idref="oc-105"/>
      </symbol>
      <symbol id="sm-9dc">
         <name>UL$$DIV</name>
         <value>0xda6e</value>
         <object_component_ref idref="oc-105"/>
      </symbol>
      <symbol id="sm-b3f">
         <name>___TI_printfi</name>
         <value>0xa293</value>
         <object_component_ref idref="oc-1b1"/>
      </symbol>
      <symbol id="sm-b5b">
         <name>FD$$ADD</name>
         <value>0xd278</value>
         <object_component_ref idref="oc-111"/>
      </symbol>
      <symbol id="sm-b6b">
         <name>FD$$CMP</name>
         <value>0xda27</value>
         <object_component_ref idref="oc-116"/>
      </symbol>
      <symbol id="sm-b7d">
         <name>FD$$MPY</name>
         <value>0xd4c4</value>
         <object_component_ref idref="oc-11b"/>
      </symbol>
      <symbol id="sm-b8a">
         <name>FD$$NEG</name>
         <value>0xdc96</value>
         <object_component_ref idref="oc-120"/>
      </symbol>
      <symbol id="sm-b96">
         <name>FD$$SUB</name>
         <value>0xdc72</value>
         <object_component_ref idref="oc-125"/>
      </symbol>
      <symbol id="sm-ba5">
         <name>FD$$TOI</name>
         <value>0xdb0f</value>
         <object_component_ref idref="oc-12a"/>
      </symbol>
      <symbol id="sm-bb4">
         <name>FD$$TOL</name>
         <value>0xdb30</value>
         <object_component_ref idref="oc-12f"/>
      </symbol>
      <symbol id="sm-bc0">
         <name>LL$$AND</name>
         <value>0xdbf8</value>
         <object_component_ref idref="oc-134"/>
      </symbol>
      <symbol id="sm-bc1">
         <name>LL$$OR</name>
         <value>0xdc00</value>
         <object_component_ref idref="oc-134"/>
      </symbol>
      <symbol id="sm-bc2">
         <name>LL$$XOR</name>
         <value>0xdc08</value>
         <object_component_ref idref="oc-134"/>
      </symbol>
      <symbol id="sm-bd0">
         <name>ULL$$CMP</name>
         <value>0xdb61</value>
         <object_component_ref idref="oc-139"/>
      </symbol>
      <symbol id="sm-bd1">
         <name>LL$$CMP</name>
         <value>0xdb4f</value>
         <object_component_ref idref="oc-139"/>
      </symbol>
      <symbol id="sm-bfd">
         <name>ULL$$MOD</name>
         <value>0xcc17</value>
         <object_component_ref idref="oc-13e"/>
      </symbol>
      <symbol id="sm-bfe">
         <name>ULL$$DIV</name>
         <value>0xcbe8</value>
         <object_component_ref idref="oc-13e"/>
      </symbol>
      <symbol id="sm-bff">
         <name>LL$$MOD</name>
         <value>0xcbae</value>
         <object_component_ref idref="oc-13e"/>
      </symbol>
      <symbol id="sm-c00">
         <name>LL$$DIV</name>
         <value>0xcb72</value>
         <object_component_ref idref="oc-13e"/>
      </symbol>
      <symbol id="sm-c10">
         <name>I$$TOFD</name>
         <value>0xdb6d</value>
         <object_component_ref idref="oc-143"/>
      </symbol>
      <symbol id="sm-c20">
         <name>L$$TOFD</name>
         <value>0xdbc3</value>
         <object_component_ref idref="oc-148"/>
      </symbol>
      <symbol id="sm-c30">
         <name>FS$$TOFD</name>
         <value>0xdba7</value>
         <object_component_ref idref="oc-14d"/>
      </symbol>
      <symbol id="sm-c47">
         <name>FD$$DIV</name>
         <value>0xd439</value>
         <object_component_ref idref="oc-152"/>
      </symbol>
   </symbol_table>
   <title>Link successful</title>
</link_info>
