******************************************************************************
             TMS320C2000 Linker Unix v21.6.0                   
******************************************************************************
>> Linked Wed Nov 29 08:48:51 2023

OUTPUT FILE NAME:   <PM_Sensorless_F2806x.out>
ENTRY POINT SYMBOL: "_c_int00"  address: 0000d82c


MEMORY CONFIGURATION

         name            origin    length      used     unused   attr    fill
----------------------  --------  ---------  --------  --------  ----  --------
PAGE 0:
  BEGIN                 00000000   00000002  00000002  00000000  RWIX
  BOOT_RSVD             00000002   0000004e  00000000  0000004e  RWIX
  RAMM0                 00000050   000003b0  00000000  000003b0  RWIX
  progRAM               00008000   00007800  00005e80  00001980  RWIX
  CSM_RSVD              003f7f80   00000076  00000000  00000076  RWIX
  CSM_PWL               003f7ff8   00000008  00000000  00000008  RWIX
  FPUTABLES             003fd860   000006a0  000006a0  00000000  RWIX
  IQTABLES              003fdf00   00000b50  00000000  00000b50  RWIX
  IQTABLES2             003fea50   0000008c  00000000  0000008c  RWIX
  IQTABLES3             003feadc   000000aa  00000000  000000aa  RWIX
  BOOTROM               003ff3b0   00000c10  00000000  00000c10  RWIX
  RESET                 003fffc0   00000002  00000000  00000002  RWIX

PAGE 1:
  RAMM1                 00000480   00000380  00000380  00000000  RWIX
  DEV_EMU               00000880   00000105  00000004  00000101  RWIX
  SYS_PWR_CTL           00000985   00000003  00000003  00000000  RWIX
  FLASH_REGS            00000a80   00000060  00000008  00000058  RWIX
  CSM                   00000ae0   00000020  00000010  00000010  RWIX
  ADC_RESULT            00000b00   00000020  00000010  00000010  RWIX
  CPU_TIMER0            00000c00   00000008  00000008  00000000  RWIX
  CPU_TIMER1            00000c08   00000008  00000008  00000000  RWIX
  CPU_TIMER2            00000c10   00000008  00000008  00000000  RWIX
  PIE_CTRL              00000ce0   00000020  0000001a  00000006  RWIX
  PIE_VECT              00000d00   00000100  00000100  00000000  RWIX
  DMA                   00001000   00000200  000000e0  00000120  RWIX
  CLA1                  00001400   00000080  00000040  00000040  RWIX
  McBSPA                00005000   00000040  00000024  0000001c  RWIX
  ECANA                 00006000   00000040  00000034  0000000c  RWIX
  ECANA_LAM             00006040   00000040  00000040  00000000  RWIX
  ECANA_MOTS            00006080   00000040  00000040  00000000  RWIX
  ECANA_MOTO            000060c0   00000040  00000040  00000000  RWIX
  ECANA_MBOX            00006100   00000100  00000100  00000000  RWIX
  COMP1                 00006400   00000020  00000007  00000019  RWIX
  COMP2                 00006420   00000020  00000007  00000019  RWIX
  COMP3                 00006440   00000020  00000007  00000019  RWIX
  EPWM1                 00006800   00000040  00000040  00000000  RWIX
  EPWM2                 00006840   00000040  00000040  00000000  RWIX
  EPWM3                 00006880   00000040  00000040  00000000  RWIX
  EPWM4                 000068c0   00000040  00000040  00000000  RWIX
  EPWM5                 00006900   00000040  00000040  00000000  RWIX
  EPWM6                 00006940   00000040  00000040  00000000  RWIX
  EPWM7                 00006980   00000040  00000040  00000000  RWIX
  EPWM8                 000069c0   00000040  00000040  00000000  RWIX
  ECAP1                 00006a00   00000020  00000020  00000000  RWIX
  ECAP2                 00006a20   00000020  00000020  00000000  RWIX
  ECAP3                 00006a40   00000020  00000020  00000000  RWIX
  EQEP1                 00006b00   00000040  00000022  0000001e  RWIX
  EQEP2                 00006b40   00000040  00000022  0000001e  RWIX
  GPIOCTRL              00006f80   00000040  00000040  00000000  RWIX
  GPIODAT               00006fc0   00000020  00000020  00000000  RWIX
  GPIOINT               00006fe0   00000020  00000020  00000000  RWIX
  SYSTEM                00007010   00000030  00000030  00000000  RWIX
  SPIA                  00007040   00000010  00000010  00000000  RWIX
  SCIA                  00007050   00000010  00000010  00000000  RWIX
  NMIINTRUPT            00007060   00000010  00000010  00000000  RWIX
  XINTRUPT              00007070   00000010  00000010  00000000  RWIX
  ADC                   00007100   00000080  00000050  00000030  RWIX
  SPIB                  00007740   00000010  00000010  00000000  RWIX
  SCIB                  00007750   00000010  00000010  00000000  RWIX
  I2CA                  00007900   00000040  00000022  0000001e  RWIX
  dataRAM               0000f800   00004800  00003178  00001688  RWIX
  PARTID                003d7e80   00000001  00000001  00000000  RWIX
  CSM_PWL               003f7ff8   00000008  00000008  00000000  RWIX


SECTION ALLOCATION MAP

 output                                  attributes/
section   page    origin      length       input sections
--------  ----  ----------  ----------   ----------------
codestart 
*          0    00000000    00000002     
                  00000000    00000002     F2806x_CodeStartBranch.obj (codestart)

.text      0    00008000    00005cce     
                  00008000    00000862     can_message_processor.obj (.text)
                  00008862    000007ca     mavlink_gimbal_interface.obj (.text)
                  0000902c    00000713     cand.obj (.text)
                  0000973f    00000001     rts2800_fpu32.lib : _lock.c.obj (.text)
                  00009740    000006da                       : _printfi.c.obj (.text)
                  00009e1a    0000060a                       : _printfi.c.obj (.text:__TI_printfi)
                  0000a424    000005c5     PM_Sensorless.obj (.text)
                  0000a9e9    00000001     rts2800_fpu32.lib : startup.c.obj (.text)
                  0000a9ea    00000597     mavlink_parameter_interface.obj (.text)
                  0000af81    00000001     --HOLE-- [fill = 0]
                  0000af82    000004f5     commutation_calibration_state_machine.obj (.text)
                  0000b477    00000379     gopro_interface.obj (.text)
                  0000b7f0    0000036f     motor_commutation.obj (.text)
                  0000bb5f    000002f1     motor_drive_state_machine.obj (.text)
                  0000be50    000002bc     device_init.obj (.text)
                  0000c10c    00000285     rate_loops.obj (.text)
                  0000c391    0000024a     can_parameter_updates.obj (.text)
                  0000c5db    00000242     gpio.obj (.text)
                  0000c81d    000001f3     led.obj (.text)
                  0000ca10    00000162     load_axis_parms_state_machine.obj (.text)
                  0000cb72    00000107     rts2800_fpu32.lib : ll_div28.asm.obj (.text)
                  0000cc79    00000101     flash_params.obj (.text)
                  0000cd7a    000000dd     adc.obj (.text)
                  0000ce57    000000c7     encoder.obj (.text)
                  0000cf1e    000000b4     i2c.obj (.text:retain)
                  0000cfd2    000000b3     uart.obj (.text:retain)
                  0000d085    000000b1     rts2800_fpu32.lib : s_scalbn.c.obj (.text)
                  0000d136    000000a4     gyro.obj (.text)
                  0000d1da    0000009e     gyro_kinematics_correction.obj (.text)
                  0000d278    0000009c     rts2800_fpu32.lib : fd_add28.asm.obj (.text)
                  0000d314    00000098     cb.obj (.text)
                  0000d3ac    0000008d     i2c.obj (.text)
                  0000d439    0000008b     rts2800_fpu32.lib : fd_div28.asm.obj (.text)
                  0000d4c4    00000083                       : fd_mpy28.asm.obj (.text)
                  0000d547    00000078     PID.obj (.text)
                  0000d5bf    00000078     uart.obj (.text)
                  0000d637    00000076     PM_Sensorless.obj (.text:retain)
                  0000d6ad    00000072     led.obj (.text:retain)
                  0000d71f    0000005a     rts2800_fpu32.lib : s_frexp.c.obj (.text)
                  0000d779    0000005a                       : snprintf.c.obj (.text)
                  0000d7d3    00000059                       : s_floorf.c.obj (.text)
                  0000d82c    00000056                       : boot28.asm.obj (.text)
                  0000d882    0000004c     ringbuf.obj (.text)
                  0000d8ce    00000035     fault_handling.obj (.text)
                  0000d903    00000034     rts2800_fpu32_fast_supplement.lib : cos_f32.obj (.text)
                  0000d937    00000034                                       : sin_f32.obj (.text)
                  0000d96b    00000031     rts2800_fpu32.lib : atoi.c.obj (.text)
                  0000d99c    00000030                       : _ltoa.c.obj (.text)
                  0000d9cc    0000002e     spi.obj (.text)
                  0000d9fa    0000002d     average_power_filter.obj (.text)
                  0000da27    0000002a     rts2800_fpu32.lib : fd_cmp28.asm.obj (.text)
                  0000da51    0000002a                       : l_div28.asm.obj (.text)
                  0000da7b    00000029                       : exit.c.obj (.text)
                  0000daa4    00000025                       : s_copysign.c.obj (.text)
                  0000dac9    00000024                       : cpy_tbl.c.obj (.text)
                  0000daed    00000022                       : i_div28.asm.obj (.text)
                  0000db0f    00000021                       : fd_toi28.asm.obj (.text)
                  0000db30    0000001f                       : fd_tol28.asm.obj (.text)
                  0000db4f    0000001e                       : ll_cmp28.asm.obj (.text)
                  0000db6d    0000001d                       : i_tofd28.asm.obj (.text)
                  0000db8a    0000001d                       : memcpy.c.obj (.text)
                  0000dba7    0000001c                       : fs_tofdfpu32.asm.obj (.text)
                  0000dbc3    0000001c                       : l_tofd28.asm.obj (.text)
                  0000dbdf    00000019     rts2800_fpu32_fast_supplement.lib : div_f32.obj (.text)
                  0000dbf8    00000018     rts2800_fpu32.lib : ll_aox28.asm.obj (.text)
                  0000dc10    00000016                       : strncmp.c.obj (.text)
                  0000dc26    00000016                       : strstr.c.obj (.text)
                  0000dc3c    00000014                       : strncpy.c.obj (.text)
                  0000dc50    00000012                       : args_main.c.obj (.text)
                  0000dc62    00000010                       : memccpy.c.obj (.text)
                  0000dc72    0000000e                       : fd_sub28.asm.obj (.text)
                  0000dc80    0000000c                       : strchr.c.obj (.text)
                  0000dc8c    0000000a     device_init.obj (.text:retain)
                  0000dc96    00000009     rts2800_fpu32.lib : fd_neg28.asm.obj (.text)
                  0000dc9f    00000009                       : wcslen.c.obj (.text)
                  0000dca8    00000008     Example_Flash2806x_CsmKeys.obj (.text)
                  0000dcb0    00000008     F2806x_CodeStartBranch.obj (.text)
                  0000dcb8    00000008     rts2800_fpu32.lib : strlen.c.obj (.text)
                  0000dcc0    00000007                       : memset.c.obj (.text)
                  0000dcc7    00000005                       : strcpy.c.obj (.text)
                  0000dccc    00000002                       : pre_init.c.obj (.text)

ramfuncs   0    0000de7c    00000004     
                  0000de7c    00000004     F2806x_usDelay.obj (ramfuncs)

DevEmuRegsFile 
*          1    00000880    00000004     UNINITIALIZED
                  00000880    00000004     F2806x_GlobalVariableDefs.obj (DevEmuRegsFile)

SysPwrCtrlRegsFile 
*          1    00000985    00000003     UNINITIALIZED
                  00000985    00000003     F2806x_GlobalVariableDefs.obj (SysPwrCtrlRegsFile)

FlashRegsFile 
*          1    00000a80    00000008     UNINITIALIZED
                  00000a80    00000008     F2806x_GlobalVariableDefs.obj (FlashRegsFile)

CsmRegsFile 
*          1    00000ae0    00000010     UNINITIALIZED
                  00000ae0    00000010     F2806x_GlobalVariableDefs.obj (CsmRegsFile)

AdcResultFile 
*          1    00000b00    00000010     UNINITIALIZED
                  00000b00    00000010     F2806x_GlobalVariableDefs.obj (AdcResultFile)

CpuTimer0RegsFile 
*          1    00000c00    00000008     UNINITIALIZED
                  00000c00    00000008     F2806x_GlobalVariableDefs.obj (CpuTimer0RegsFile)

CpuTimer1RegsFile 
*          1    00000c08    00000008     UNINITIALIZED
                  00000c08    00000008     F2806x_GlobalVariableDefs.obj (CpuTimer1RegsFile)

CpuTimer2RegsFile 
*          1    00000c10    00000008     UNINITIALIZED
                  00000c10    00000008     F2806x_GlobalVariableDefs.obj (CpuTimer2RegsFile)

PieCtrlRegsFile 
*          1    00000ce0    0000001a     UNINITIALIZED
                  00000ce0    0000001a     F2806x_GlobalVariableDefs.obj (PieCtrlRegsFile)

PieVectTableFile 
*          1    00000d00    00000100     UNINITIALIZED
                  00000d00    00000100     F2806x_GlobalVariableDefs.obj (PieVectTableFile)

EmuKeyVar 
*          1    00000d00    00000001     UNINITIALIZED
                  00000d00    00000001     F2806x_GlobalVariableDefs.obj (EmuKeyVar)

EmuBModeVar 
*          1    00000d01    00000001     UNINITIALIZED
                  00000d01    00000001     F2806x_GlobalVariableDefs.obj (EmuBModeVar)

FlashCallbackVar 
*          1    00000d02    00000002     UNINITIALIZED
                  00000d02    00000002     F2806x_GlobalVariableDefs.obj (FlashCallbackVar)

FlashScalingVar 
*          1    00000d04    00000002     UNINITIALIZED
                  00000d04    00000002     F2806x_GlobalVariableDefs.obj (FlashScalingVar)

DmaRegsFile 
*          1    00001000    000000e0     UNINITIALIZED
                  00001000    000000e0     F2806x_GlobalVariableDefs.obj (DmaRegsFile)

Cla1RegsFile 
*          1    00001400    00000040     UNINITIALIZED
                  00001400    00000040     F2806x_GlobalVariableDefs.obj (Cla1RegsFile)

McbspaRegsFile 
*          1    00005000    00000024     UNINITIALIZED
                  00005000    00000024     F2806x_GlobalVariableDefs.obj (McbspaRegsFile)

ECanaRegsFile 
*          1    00006000    00000034     UNINITIALIZED
                  00006000    00000034     F2806x_GlobalVariableDefs.obj (ECanaRegsFile)

ECanaLAMRegsFile 
*          1    00006040    00000040     UNINITIALIZED
                  00006040    00000040     F2806x_GlobalVariableDefs.obj (ECanaLAMRegsFile)

ECanaMOTSRegsFile 
*          1    00006080    00000040     UNINITIALIZED
                  00006080    00000040     F2806x_GlobalVariableDefs.obj (ECanaMOTSRegsFile)

ECanaMOTORegsFile 
*          1    000060c0    00000040     UNINITIALIZED
                  000060c0    00000040     F2806x_GlobalVariableDefs.obj (ECanaMOTORegsFile)

ECanaMboxesFile 
*          1    00006100    00000100     UNINITIALIZED
                  00006100    00000100     F2806x_GlobalVariableDefs.obj (ECanaMboxesFile)

Comp1RegsFile 
*          1    00006400    00000007     UNINITIALIZED
                  00006400    00000007     F2806x_GlobalVariableDefs.obj (Comp1RegsFile)

Comp2RegsFile 
*          1    00006420    00000007     UNINITIALIZED
                  00006420    00000007     F2806x_GlobalVariableDefs.obj (Comp2RegsFile)

Comp3RegsFile 
*          1    00006440    00000007     UNINITIALIZED
                  00006440    00000007     F2806x_GlobalVariableDefs.obj (Comp3RegsFile)

EPwm1RegsFile 
*          1    00006800    00000040     UNINITIALIZED
                  00006800    00000040     F2806x_GlobalVariableDefs.obj (EPwm1RegsFile)

EPwm2RegsFile 
*          1    00006840    00000040     UNINITIALIZED
                  00006840    00000040     F2806x_GlobalVariableDefs.obj (EPwm2RegsFile)

EPwm3RegsFile 
*          1    00006880    00000040     UNINITIALIZED
                  00006880    00000040     F2806x_GlobalVariableDefs.obj (EPwm3RegsFile)

EPwm4RegsFile 
*          1    000068c0    00000040     UNINITIALIZED
                  000068c0    00000040     F2806x_GlobalVariableDefs.obj (EPwm4RegsFile)

EPwm5RegsFile 
*          1    00006900    00000040     UNINITIALIZED
                  00006900    00000040     F2806x_GlobalVariableDefs.obj (EPwm5RegsFile)

EPwm6RegsFile 
*          1    00006940    00000040     UNINITIALIZED
                  00006940    00000040     F2806x_GlobalVariableDefs.obj (EPwm6RegsFile)

EPwm7RegsFile 
*          1    00006980    00000040     UNINITIALIZED
                  00006980    00000040     F2806x_GlobalVariableDefs.obj (EPwm7RegsFile)

EPwm8RegsFile 
*          1    000069c0    00000040     UNINITIALIZED
                  000069c0    00000040     F2806x_GlobalVariableDefs.obj (EPwm8RegsFile)

ECap1RegsFile 
*          1    00006a00    00000020     UNINITIALIZED
                  00006a00    00000020     F2806x_GlobalVariableDefs.obj (ECap1RegsFile)

ECap2RegsFile 
*          1    00006a20    00000020     UNINITIALIZED
                  00006a20    00000020     F2806x_GlobalVariableDefs.obj (ECap2RegsFile)

ECap3RegsFile 
*          1    00006a40    00000020     UNINITIALIZED
                  00006a40    00000020     F2806x_GlobalVariableDefs.obj (ECap3RegsFile)

EQep1RegsFile 
*          1    00006b00    00000022     UNINITIALIZED
                  00006b00    00000022     F2806x_GlobalVariableDefs.obj (EQep1RegsFile)

EQep2RegsFile 
*          1    00006b40    00000022     UNINITIALIZED
                  00006b40    00000022     F2806x_GlobalVariableDefs.obj (EQep2RegsFile)

GpioCtrlRegsFile 
*          1    00006f80    00000040     UNINITIALIZED
                  00006f80    00000040     F2806x_GlobalVariableDefs.obj (GpioCtrlRegsFile)

GpioDataRegsFile 
*          1    00006fc0    00000020     UNINITIALIZED
                  00006fc0    00000020     F2806x_GlobalVariableDefs.obj (GpioDataRegsFile)

GpioIntRegsFile 
*          1    00006fe0    00000020     UNINITIALIZED
                  00006fe0    00000020     F2806x_GlobalVariableDefs.obj (GpioIntRegsFile)

SysCtrlRegsFile 
*          1    00007010    00000030     UNINITIALIZED
                  00007010    00000030     F2806x_GlobalVariableDefs.obj (SysCtrlRegsFile)

SpiaRegsFile 
*          1    00007040    00000010     UNINITIALIZED
                  00007040    00000010     F2806x_GlobalVariableDefs.obj (SpiaRegsFile)

SciaRegsFile 
*          1    00007050    00000010     UNINITIALIZED
                  00007050    00000010     F2806x_GlobalVariableDefs.obj (SciaRegsFile)

NmiIntruptRegsFile 
*          1    00007060    00000010     UNINITIALIZED
                  00007060    00000010     F2806x_GlobalVariableDefs.obj (NmiIntruptRegsFile)

XIntruptRegsFile 
*          1    00007070    00000010     UNINITIALIZED
                  00007070    00000010     F2806x_GlobalVariableDefs.obj (XIntruptRegsFile)

AdcRegsFile 
*          1    00007100    00000050     UNINITIALIZED
                  00007100    00000050     F2806x_GlobalVariableDefs.obj (AdcRegsFile)

SpibRegsFile 
*          1    00007740    00000010     UNINITIALIZED
                  00007740    00000010     F2806x_GlobalVariableDefs.obj (SpibRegsFile)

ScibRegsFile 
*          1    00007750    00000010     UNINITIALIZED
                  00007750    00000010     F2806x_GlobalVariableDefs.obj (ScibRegsFile)

I2caRegsFile 
*          1    00007900    00000022     UNINITIALIZED
                  00007900    00000022     F2806x_GlobalVariableDefs.obj (I2caRegsFile)

.cinit     1    0001251a    0000045e     
                  0001251a    0000024c     PM_Sensorless.obj (.cinit)
                  00012766    0000009f     <whole-program> (.cinit)
                  00012805    00000089     flash_params.obj (.cinit)
                  0001288e    00000039     <whole-program> (.cinit:_rate_pid_loop_float)
                  000128c7    00000014     can_message_processor.obj (.cinit)
                  000128db    00000014     mavlink_gimbal_interface.obj (.cinit)
                  000128ef    0000000e     led.obj (.cinit)
                  000128fd    0000000e     rts2800_fpu32.lib : exit.c.obj (.cinit)
                  0001290b    00000009     <whole-program> (.cinit:_AxisCalibrationIntercepts)
                  00012914    00000009     <whole-program> (.cinit:_AxisCalibrationSlopes)
                  0001291d    00000009     <whole-program> (.cinit:_AxisTorqueLoopKd)
                  00012926    00000009     <whole-program> (.cinit:_AxisTorqueLoopKi)
                  0001292f    00000009     <whole-program> (.cinit:_AxisTorqueLoopKp)
                  00012938    00000009     cand.obj (.cinit:_immediate_pid_lookup_buffer)
                  00012941    00000009     mavlink_gimbal_interface.obj (.cinit:_latest_accel_telemetry)
                  0001294a    00000009     mavlink_gimbal_interface.obj (.cinit:_latest_encoder_telemetry)
                  00012953    00000009     mavlink_gimbal_interface.obj (.cinit:_latest_gyro_telemetry)
                  0001295c    00000006     <whole-program> (.cinit:_raw_accel_readings$2$6)
                  00012962    00000006     <whole-program> (.cinit:_raw_gyro_readings$1$6)
                  00012968    00000005     <whole-program> (.cinit:__lock)
                  0001296d    00000005     <whole-program> (.cinit:__unlock)
                  00012972    00000004     cand.obj (.cinit)
                  00012976    00000002     --HOLE-- [fill = 0]

PartIdRegsFile 
*          1    003d7e80    00000001     UNINITIALIZED
                  003d7e80    00000001     F2806x_GlobalVariableDefs.obj (PartIdRegsFile)

CsmPwlFile 
*          1    003f7ff8    00000008     UNINITIALIZED
                  003f7ff8    00000008     F2806x_GlobalVariableDefs.obj (CsmPwlFile)

.pinit     0    00008000    00000000     UNINITIALIZED

.switch    0    0000dcce    000001ae     
                  0000dcce    0000009c     can_message_processor.obj (.switch:_Process_CAN_Messages)
                  0000dd6a    00000076     <whole-program> (.switch:_GpioClear)
                  0000dde0    00000076     <whole-program> (.switch:_GpioSet)
                  0000de56    00000026     <whole-program> (.switch:_MotorDriveStateMachine)

.reset     0    003fffc0    00000002     DSECT
                  003fffc0    00000002     rts2800_fpu32.lib : boot28.asm.obj (.reset)

.stack     1    00000480    00000380     UNINITIALIZED
                  00000480    00000380     --HOLE--

.ebss      1    0000f800    00002788     UNINITIALIZED
                  0000f800    00000800     uart.obj (.ebss:_uart_rx_buffer)
                  00010000    00000800     uart.obj (.ebss:_uart_tx_buffer)
                  00010800    0000078c     mavlink_gimbal_interface.obj (.ebss)
                  00010f8c    00000028     gopro_interface.obj (.ebss:_receive_buffer)
                  00010fb4    00000008     gyro.obj (.ebss)
                  00010fbc    00000004     PM_Sensorless.obj (.ebss:_VTimer0)
                  00010fc0    0000038e     mavlink_parameter_interface.obj (.ebss:_gimbal_params)
                  0001134e    00000024     mavlink_parameter_interface.obj (.ebss:_m_mavlink_status$1$22)
                  00011372    00000008     motor_commutation.obj (.ebss)
                  0001137a    00000006     HWSpecific.obj (.ebss:_AxisCalibrationIntercepts)
                  00011380    00000230     mavlink_gimbal_interface.obj (.ebss:_m_mavlink_buffer$2)
                  000115b0    00000006     HWSpecific.obj (.ebss:_AxisCalibrationSlopes)
                  000115b6    00000006     HWSpecific.obj (.ebss:_AxisTorqueLoopKd)
                  000115bc    00000004     PM_Sensorless.obj (.ebss:_VTimer1)
                  000115c0    000001a8     PM_Sensorless.obj (.ebss)
                  00011768    00000006     HWSpecific.obj (.ebss:_AxisTorqueLoopKi)
                  0001176e    00000006     HWSpecific.obj (.ebss:_AxisTorqueLoopKp)
                  00011774    00000006     cand.obj (.ebss:_immediate_pid_lookup_buffer)
                  0001177a    00000006     mavlink_gimbal_interface.obj (.ebss:_latest_accel_telemetry)
                  00011780    00000107     mavlink_gimbal_interface.obj (.ebss:_message_buffer)
                  00011887    00000001     cand.obj (.ebss)
                  00011888    00000036     PID.obj (.ebss:_rate_pid_loop_float)
                  000118be    00000002     rts2800_fpu32.lib : _lock.c.obj (.ebss:__lock)
                  000118c0    00000100     flash_params.obj (.ebss:_Buffer)
                  000119c0    000000fc     PM_Sensorless.obj (.ebss:_param_set)
                  00011abc    00000004     PM_Sensorless.obj (.ebss:_VTimer2)
                  00011ac0    000000cc     mavlink_parameter_interface.obj (.ebss)
                  00011b8c    00000024     mavlink_gimbal_interface.obj (.ebss:_m_mavlink_status$1)
                  00011bb0    00000006     mavlink_gimbal_interface.obj (.ebss:_latest_encoder_telemetry)
                  00011bb6    00000006     mavlink_gimbal_interface.obj (.ebss:_latest_gyro_telemetry)
                  00011bbc    00000004     gopro_interface.obj (.ebss:_request_cmd_buffer)
                  00011bc0    000000c6     flash_params.obj (.ebss)
                  00011c86    00000036     can_message_processor.obj (.ebss)
                  00011cbc    00000004     gyro_kinematics_correction.obj (.ebss)
                  00011cc0    0000009c     load_axis_parms_state_machine.obj (.ebss:_params_to_load)
                  00011d5c    00000020     led.obj (.ebss)
                  00011d7c    00000003     can_parameter_updates.obj (.ebss:_rate_cmds_received)
                  00011d7f    00000001     rate_loops.obj (.ebss)
                  00011d80    00000098     motor_drive_state_machine.obj (.ebss)
                  00011e18    0000001e     i2c.obj (.ebss)
                  00011e36    00000006     commutation_calibration_state_machine.obj (.ebss)
                  00011e3c    00000003     rate_loops.obj (.ebss:_raw_accel_readings$2$6)
                  00011e3f    00000001     rts2800_fpu32.lib : errno.c.obj (.ebss)
                  00011e40    00000080     i2c.obj (.ebss:_i2c_rx_buffer)
                  00011ec0    00000080     i2c.obj (.ebss:_i2c_tx_buffer)
                  00011f40    0000001c     uart.obj (.ebss)
                  00011f5c    0000001b     gopro_interface.obj (.ebss)
                  00011f77    00000001     --HOLE--
                  00011f78    00000006     rts2800_fpu32.lib : exit.c.obj (.ebss)
                  00011f7e    00000002                       : _lock.c.obj (.ebss:__unlock)
                  00011f80    00000003     rate_loops.obj (.ebss:_raw_gyro_readings$1$6)
                  00011f83    00000003     gopro_interface.obj (.ebss:_response_buffer)
                  00011f86    00000002     can_parameter_updates.obj (.ebss)

.econst    1    00011f88    00000592     
                  00011f88    000001da     <whole-program> (.econst:.string)
                  00012162    00000101     rts2800_fpu32.lib : ctype.c.obj (.econst:.string:__ctypes_)
                  00012263    00000100     mavlink_gimbal_interface.obj (.econst:.string:_mavlink_message_crcs$3)
                  00012363    00000001     --HOLE-- [fill = 0]
                  00012364    000000fe     mavlink_gimbal_interface.obj (.econst:.string)
                  00012462    00000026     rts2800_fpu32.lib : _printfi.c.obj (.econst:.string)
                  00012488    0000001e     can_message_processor.obj (.econst:.string)
                  000124a6    0000001c     rts2800_fpu32.lib : _printfi.c.obj (.econst)
                  000124c2    00000012     rate_loops.obj (.econst:_GainDetuneCoefficients$6)
                  000124d4    00000010     gopro_interface.obj (.econst:.string:_$P$T0$1$8)
                  000124e4    00000010     <whole-program> (.econst)
                  000124f4    0000000e     PM_Sensorless.obj (.econst:.string)
                  00012502    00000004     PM_Sensorless.obj (.econst:_$P$T0$1)
                  00012506    00000003     mavlink_gimbal_interface.obj (.econst:_$P$T0$5)
                  00012509    00000003     commutation_calibration_state_machine.obj (.econst:_AXIS_CALIBRATION_SETTLING_TIME_MS$18)
                  0001250c    00000003     encoder.obj (.econst:_EncoderSignMap$10)
                  0001250f    00000003     rate_loops.obj (.econst:_GyroAxisMap$6)
                  00012512    00000003     rate_loops.obj (.econst:_GyroSignMap$6)
                  00012515    00000003     rate_loops.obj (.econst:_TorqueSignMap$6)
                  00012518    00000002     commutation_calibration_state_machine.obj (.econst)

FPUmathTables 
*          0    003fd860    000006a0     NOLOAD SECTION
                  003fd860    000006a0     rts2800_fpu32_fast_supplement.lib : FPUmathTables.obj (FPUmathTables)

MODULE SUMMARY

       Module                                      code    initialized data   uninitialized data
       ------                                      ----    ----------------   ------------------
    ./
       PM_Sensorless.obj                           1595    606                688               
    +--+-------------------------------------------+-------+------------------+--------------------+
       Total:                                      1595    606                688               
                                                                                                
    ./Source/
       F2806x_GlobalVariableDefs.obj               0       0                  2275              
       F2806x_CodeStartBranch.obj                  10      0                  0                 
       F2806x_usDelay.obj                          4       0                  0                 
    +--+-------------------------------------------+-------+------------------+--------------------+
       Total:                                      14      0                  2275              
                                                                                                
    ./Source/can/
       can_message_processor.obj                   2146    206                54                
       cand.obj                                    1811    13                 7                 
       can_parameter_updates.obj                   586     0                  5                 
       cb.obj                                      152     0                  0                 
    +--+-------------------------------------------+-------+------------------+--------------------+
       Total:                                      4695    219                66                
                                                                                                
    ./Source/control/
       rate_loops.obj                              645     27                 7                 
       PID.obj                                     120     0                  54                
       gyro_kinematics_correction.obj              158     0                  4                 
       average_power_filter.obj                    45      0                  0                 
    +--+-------------------------------------------+-------+------------------+--------------------+
       Total:                                      968     27                 65                
                                                                                                
    ./Source/gopro/
       gopro_interface.obj                         889     16                 74                
    +--+-------------------------------------------+-------+------------------+--------------------+
       Total:                                      889     16                 74                
                                                                                                
    ./Source/hardware/
       uart.obj                                    299     0                  4124              
       device_init.obj                             710     0                  0                 
       led.obj                                     613     14                 32                
       i2c.obj                                     321     0                  286               
       gpio.obj                                    578     0                  0                 
       adc.obj                                     221     0                  0                 
       encoder.obj                                 199     3                  0                 
       gyro.obj                                    164     0                  8                 
       spi.obj                                     46      0                  0                 
       HWSpecific.obj                              0       0                  30                
    +--+-------------------------------------------+-------+------------------+--------------------+
       Total:                                      3151    17                 4480              
                                                                                                
    ./Source/helpers/
       ringbuf.obj                                 76      0                  0                 
       fault_handling.obj                          53      0                  0                 
    +--+-------------------------------------------+-------+------------------+--------------------+
       Total:                                      129     0                  0                 
                                                                                                
    ./Source/mavlink_interface/
       mavlink_gimbal_interface.obj                1994    560                2809              
    +--+-------------------------------------------+-------+------------------+--------------------+
       Total:                                      1994    560                2809              
                                                                                                
    ./Source/motor/
       commutation_calibration_state_machine.obj   1269    5                  6                 
       motor_drive_state_machine.obj               753     0                  152               
       motor_commutation.obj                       879     0                  8                 
    +--+-------------------------------------------+-------+------------------+--------------------+
       Total:                                      2901    5                  166               
                                                                                                
    ./Source/parameters/
       mavlink_parameter_interface.obj             1431    0                  1150              
       flash_params.obj                            257     137                454               
       load_axis_parms_state_machine.obj           354     0                  156               
       Example_Flash2806x_CsmKeys.obj              0       8                  0                 
    +--+-------------------------------------------+-------+------------------+--------------------+
       Total:                                      2042    145                1760              
                                                                                                
    /tmp/
       TILlnQPqjgZ                                 0       1047               0                 
    +--+-------------------------------------------+-------+------------------+--------------------+
       Total:                                      0       1047               0                 
                                                                                                
    ../libs/rts2800_fpu32_fast_supplement.lib
       FPUmathTables.obj                           0       1696               0                 
       cos_f32.obj                                 52      0                  0                 
       sin_f32.obj                                 52      0                  0                 
       div_f32.obj                                 25      0                  0                 
    +--+-------------------------------------------+-------+------------------+--------------------+
       Total:                                      129     1696               0                 
                                                                                                
    /home/buzz/ti/ccs1110/ccs/tools/compiler/ti-cgt-c2000_21.6.0.LTS/lib/rts2800_fpu32.lib
       _printfi.c.obj                              3300    66                 0                 
       ll_div28.asm.obj                            263     0                  0                 
       ctype.c.obj                                 0       257                0                 
       s_scalbn.c.obj                              177     0                  0                 
       fd_add28.asm.obj                            156     0                  0                 
       fd_div28.asm.obj                            139     0                  0                 
       fd_mpy28.asm.obj                            131     0                  0                 
       s_frexp.c.obj                               90      0                  0                 
       snprintf.c.obj                              90      0                  0                 
       s_floorf.c.obj                              89      0                  0                 
       boot28.asm.obj                              86      0                  0                 
       exit.c.obj                                  41      14                 6                 
       atoi.c.obj                                  49      0                  0                 
       _ltoa.c.obj                                 48      0                  0                 
       fd_cmp28.asm.obj                            42      0                  0                 
       l_div28.asm.obj                             42      0                  0                 
       s_copysign.c.obj                            37      0                  0                 
       cpy_tbl.c.obj                               36      0                  0                 
       i_div28.asm.obj                             34      0                  0                 
       fd_toi28.asm.obj                            33      0                  0                 
       fd_tol28.asm.obj                            31      0                  0                 
       ll_cmp28.asm.obj                            30      0                  0                 
       i_tofd28.asm.obj                            29      0                  0                 
       memcpy.c.obj                                29      0                  0                 
       fs_tofdfpu32.asm.obj                        28      0                  0                 
       l_tofd28.asm.obj                            28      0                  0                 
       ll_aox28.asm.obj                            24      0                  0                 
       strncmp.c.obj                               22      0                  0                 
       strstr.c.obj                                22      0                  0                 
       strncpy.c.obj                               20      0                  0                 
       args_main.c.obj                             18      0                  0                 
       memccpy.c.obj                               16      0                  0                 
       fd_sub28.asm.obj                            14      0                  0                 
       strchr.c.obj                                12      0                  0                 
       fd_neg28.asm.obj                            9       0                  0                 
       wcslen.c.obj                                9       0                  0                 
       strlen.c.obj                                8       0                  0                 
       memset.c.obj                                7       0                  0                 
       _lock.c.obj                                 1       0                  4                 
       strcpy.c.obj                                5       0                  0                 
       pre_init.c.obj                              2       0                  0                 
       errno.c.obj                                 0       0                  1                 
       startup.c.obj                               1       0                  0                 
    +--+-------------------------------------------+-------+------------------+--------------------+
       Total:                                      5248    337                11                
                                                                                                
       Stack:                                      0       0                  896               
    +--+-------------------------------------------+-------+------------------+--------------------+
       Grand Total:                                23755   4675               13290             


GLOBAL DATA SYMBOLS: SORTED BY DATA PAGE

address     data page           name
--------    ----------------    ----
00000480      12 (00000480)     __stack

00000880      22 (00000880)     _DevEmuRegs

00000985      26 (00000980)     _SysPwrCtrlRegs

00000a80      2a (00000a80)     _FlashRegs

00000ae0      2b (00000ac0)     _CsmRegs

00000b00      2c (00000b00)     _AdcResult

00000c00      30 (00000c00)     _CpuTimer0Regs
00000c08      30 (00000c00)     _CpuTimer1Regs
00000c10      30 (00000c00)     _CpuTimer2Regs

00000ce0      33 (00000cc0)     _PieCtrlRegs

00000d00      34 (00000d00)     _EmuKey
00000d00      34 (00000d00)     _PieVectTable
00000d01      34 (00000d00)     _EmuBMode
00000d02      34 (00000d00)     _Flash_CallbackPtr
00000d04      34 (00000d00)     _Flash_CPUScaleFactor

00001000      40 (00001000)     _DmaRegs

00001400      50 (00001400)     _Cla1Regs

00005000     140 (00005000)     _McbspaRegs

00006000     180 (00006000)     _ECanaRegs

00006040     181 (00006040)     _ECanaLAMRegs

00006080     182 (00006080)     _ECanaMOTSRegs

000060c0     183 (000060c0)     _ECanaMOTORegs

00006100     184 (00006100)     _ECanaMboxes

00006400     190 (00006400)     _Comp1Regs
00006420     190 (00006400)     _Comp2Regs

00006440     191 (00006440)     _Comp3Regs

00006800     1a0 (00006800)     _EPwm1Regs

00006840     1a1 (00006840)     _EPwm2Regs

00006880     1a2 (00006880)     _EPwm3Regs

000068c0     1a3 (000068c0)     _EPwm4Regs

00006900     1a4 (00006900)     _EPwm5Regs

00006940     1a5 (00006940)     _EPwm6Regs

00006980     1a6 (00006980)     _EPwm7Regs

000069c0     1a7 (000069c0)     _EPwm8Regs

00006a00     1a8 (00006a00)     _ECap1Regs
00006a20     1a8 (00006a00)     _ECap2Regs

00006a40     1a9 (00006a40)     _ECap3Regs

00006b00     1ac (00006b00)     _EQep1Regs

00006b40     1ad (00006b40)     _EQep2Regs

00006f80     1be (00006f80)     _GpioCtrlRegs

00006fc0     1bf (00006fc0)     _GpioDataRegs
00006fe0     1bf (00006fc0)     _GpioIntRegs

00007010     1c0 (00007000)     _SysCtrlRegs

00007040     1c1 (00007040)     _SpiaRegs
00007050     1c1 (00007040)     _SciaRegs
00007060     1c1 (00007040)     _NmiIntruptRegs
00007070     1c1 (00007040)     _XIntruptRegs

00007100     1c4 (00007100)     _AdcRegs

00007740     1dd (00007740)     _SpibRegs
00007750     1dd (00007740)     _ScibRegs

00007900     1e4 (00007900)     _I2caRegs

00008000     200 (00008000)     _WDogEnable
0000800c     200 (00008000)     _Process_CAN_Messages

00008941     225 (00008940)     _send_mavlink_message

00008990     226 (00008980)     _send_mavlink_statustext

000089ec     227 (000089c0)     _send_mavlink_heartbeat

00008a16     228 (00008a00)     _send_mavlink_gopro_set_response
00008a36     228 (00008a00)     _send_mavlink_gopro_heartbeat

00008a4f     229 (00008a40)     _send_mavlink_gopro_get_response
00008a6f     229 (00008a40)     _send_mavlink_gimbal_feedback

00008ac1     22b (00008ac0)     _send_mavlink_debug_data

00008b13     22c (00008b00)     _send_mavlink_calibration_progress

00008b64     22d (00008b40)     _send_mavlink_axis_error

00008bc1     22f (00008bc0)     _send_cmd_long_ack
00008bdc     22f (00008bc0)     _receive_gyro_rl_telemetry

00008c05     230 (00008c00)     _receive_gyro_el_telemetry
00008c2e     230 (00008c00)     _receive_gyro_az_telemetry

00008c57     231 (00008c40)     _receive_encoder_telemetry

00008cad     232 (00008c80)     _receive_accel_rl_telemetry

00008cd6     233 (00008cc0)     _receive_accel_el_telemetry
00008cff     233 (00008cc0)     _receive_accel_az_telemetry

00009003     240 (00009000)     _mavlink_state_machine
00009025     240 (00009000)     _init_mavlink
0000902c     240 (00009000)     _CAND_GetSenderID

00009044     241 (00009040)     _cand_tx

000090e6     243 (000090c0)     _cand_tx_response

0000912e     244 (00009100)     _cand_tx_request

00009153     245 (00009140)     _cand_tx_param

00009196     246 (00009180)     _cand_tx_multi_response

00009206     248 (00009200)     _cand_tx_multi_request
00009239     248 (00009200)     _cand_tx_multi_param

0000930c     24c (00009300)     _cand_tx_fault
0000932f     24c (00009300)     _cand_tx_extended_param

00009358     24d (00009340)     _cand_tx_command
00009370     24d (00009340)     _CAND_InDestinationList
0000937f     24d (00009340)     _cand_rx

000096a8     25a (00009680)     _cand_init

000096cb     25b (000096c0)     _ECanInit

0000973f     25c (00009700)     __nop

0000a293     28a (0000a280)     ___TI_printfi

0000a424     290 (0000a400)     _power_down_motor
0000a42e     290 (0000a400)     _init_param_set

0000a507     294 (0000a500)     _C3

0000a54d     295 (0000a540)     _C2

0000a59c     296 (0000a580)     _B3
0000a5a2     296 (0000a580)     _B2
0000a5a8     296 (0000a580)     _A3
0000a5b0     296 (0000a580)     _RelaxAZAxis
0000a5b8     296 (0000a580)     _A2

0000a5e1     297 (0000a5c0)     _C1

0000a629     298 (0000a600)     _B1
0000a62f     298 (0000a600)     _A1

0000a6ba     29a (0000a680)     _A0

0000a6d2     29b (0000a6c0)     _B0
0000a6e7     29b (0000a6c0)     _C0
0000a6fe     29b (0000a6c0)     _main

0000a9c0     2a7 (0000a9c0)     _GetIndexTimeOut
0000a9c4     2a7 (0000a9c0)     _GetEnableFlag
0000a9c8     2a7 (0000a9c0)     _GetAxisParmsLoaded
0000a9cc     2a7 (0000a9c0)     _GetAxisHomed
0000a9d3     2a7 (0000a9c0)     _EnableAZAxis
0000a9db     2a7 (0000a9c0)     _CorrectEncoderError
0000a9e9     2a7 (0000a9c0)     __system_post_cinit
0000a9ea     2a7 (0000a9c0)     _send_gimbal_param

0000ab34     2ac (0000ab00)     _init_default_mavlink_params

0000ae93     2ba (0000ae80)     _handle_param_set

0000af2f     2bc (0000af00)     _handle_param_read

0000b020     2c0 (0000b000)     _CommutationCalibrationStateMachine

0000b477     2d1 (0000b440)     _addressed_as_slave_callback

0000b4f6     2d3 (0000b4c0)     _init_gp_interface
0000b4fd     2d3 (0000b4c0)     _gp_write_eeprom

0000b563     2d5 (0000b540)     _gp_get_power_status
0000b575     2d5 (0000b540)     _gp_send_command

0000b5c6     2d7 (0000b5c0)     _gp_interface_state_machine

0000b71f     2dc (0000b700)     _gp_get_new_set_response_available
0000b728     2dc (0000b700)     _gp_get_new_heartbeat_available
0000b72c     2dc (0000b700)     _gp_get_new_get_response_available
0000b735     2dc (0000b700)     _gp_get_last_set_response

0000b74b     2dd (0000b740)     _gp_get_last_get_response
0000b763     2dd (0000b740)     _gp_ready_for_cmd
0000b770     2dd (0000b740)     _gp_get_heartbeat_status

0000b796     2de (0000b780)     _gp_set_request

0000b7f0     2df (0000b7c0)     _MotorCommutationLoop

0000bba3     2ee (0000bb80)     _MotorDriveStateMachine

0000be50     2f9 (0000be40)     _MemCopy
0000be5f     2f9 (0000be40)     _InitInterrupts

0000bf53     2fd (0000bf40)     _DeviceInit

0000c1aa     306 (0000c180)     _RunRateLoops

0000c391     30e (0000c380)     _ProcessParamUpdates

0000c5db     317 (0000c5c0)     _GpioClear

0000c6fc     31b (0000c6c0)     _GpioSet

0000c84b     321 (0000c840)     _led_set_mode

0000c909     324 (0000c900)     _led_update_state
0000c92e     324 (0000c900)     _init_led_periph

0000c964     325 (0000c940)     _init_led_interrupts
0000c978     325 (0000c940)     _init_led

0000ca10     328 (0000ca00)     _InitAxisParmsLoader

0000cb72     32d (0000cb40)     LL$$DIV

0000cbae     32e (0000cb80)     LL$$MOD

0000cbe8     32f (0000cbc0)     ULL$$DIV

0000cc17     330 (0000cc00)     ULL$$MOD

0000cc79     331 (0000cc40)     _Example_CsmUnlock

0000ccbd     332 (0000cc80)     _write_flash

0000cd00     334 (0000cd00)     _init_flash
0000cd18     334 (0000cd00)     _erase_our_flash
0000cd3f     334 (0000cd00)     _erase_firmware_and_config

0000cd7a     335 (0000cd40)     _init_adc

0000ce62     339 (0000ce40)     _UpdateEncoderReadings

0000cf1e     33c (0000cf00)     _i2c_int_a_isr

0000cf5e     33d (0000cf40)     _i2c_fifo_isr

0000cfd2     33f (0000cfc0)     _uart_tx_isr

0000d02f     340 (0000d000)     _uart_rx_isr

0000d085     342 (0000d080)     _ldexpl
0000d085     342 (0000d080)     _scalbnl

0000d136     344 (0000d100)     _InitGyro

0000d1da     347 (0000d1c0)     _do_gyro_correction

0000d278     349 (0000d240)     FD$$ADD

0000d314     34c (0000d300)     _MDBSendTorques

0000d347     34d (0000d340)     _CANSendAxisCalibrationStatus
0000d35e     34d (0000d340)     _CBSendStatus

0000d3ac     34e (0000d380)     _i2c_send_data

0000d3ed     34f (0000d3c0)     _init_i2c

0000d439     350 (0000d400)     FD$$DIV

0000d4c4     353 (0000d4c0)     FD$$MPY

0000d547     355 (0000d540)     _UpdatePID_Float

0000d5bf     356 (0000d580)     _uart_send_data

0000d5d6     357 (0000d5c0)     _uart_get_char
0000d5dd     357 (0000d5c0)     _uart_chars_available
0000d5e4     357 (0000d5c0)     _init_uart

0000d637     358 (0000d600)     _MotorDriverFaultIntISR

0000d673     359 (0000d640)     _MainISR

0000d68f     35a (0000d680)     _GyroIntISR
0000d6ad     35a (0000d680)     _led_epwm6_isr

0000d6e6     35b (0000d6c0)     _led_epwm5_isr

0000d71f     35c (0000d700)     _frexpl

0000d7aa     35e (0000d780)     _snprintf

0000d7d3     35f (0000d7c0)     _floor
0000d7d3     35f (0000d7c0)     _floorf

0000d82c     360 (0000d800)     _c_int00

0000d8b7     362 (0000d880)     _InitRingBuf

0000d8ce     363 (0000d8c0)     _AxisFault

0000d903     364 (0000d900)     _cos
0000d937     364 (0000d900)     _sin

0000d96b     365 (0000d940)     _atoi

0000d99c     366 (0000d980)     ___TI_ltoa

0000d9cc     367 (0000d9c0)     _SSAssert
0000d9cf     367 (0000d9c0)     _SpiSendRecvAddressedReg
0000d9e1     367 (0000d9c0)     _SSDeassert
0000d9e4     367 (0000d9c0)     _SpiWriteReg8Bit
0000d9fa     367 (0000d9c0)     _init_average_power_filter

0000da27     368 (0000da00)     FD$$CMP

0000da51     369 (0000da40)     L$$DIV
0000da60     369 (0000da40)     L$$MOD
0000da6e     369 (0000da40)     UL$$DIV
0000da75     369 (0000da40)     UL$$MOD
0000da7b     369 (0000da40)     C$$EXIT
0000da7b     369 (0000da40)     _abort
0000da7d     369 (0000da40)     _exit

0000daa4     36a (0000da80)     _copysignl

0000dac9     36b (0000dac0)     _copy_in
0000daed     36b (0000dac0)     I$$DIV
0000dafe     36b (0000dac0)     I$$MOD

0000db0f     36c (0000db00)     FD$$TOI
0000db30     36c (0000db00)     FD$$TOL

0000db4f     36d (0000db40)     LL$$CMP
0000db61     36d (0000db40)     ULL$$CMP
0000db6d     36d (0000db40)     I$$TOFD

0000db8a     36e (0000db80)     _memcpy
0000dba7     36e (0000db80)     FS$$TOFD

0000dbc3     36f (0000dbc0)     L$$TOFD
0000dbdf     36f (0000dbc0)     FS$$DIV
0000dbf8     36f (0000dbc0)     LL$$AND

0000dc00     370 (0000dc00)     LL$$OR
0000dc08     370 (0000dc00)     LL$$XOR
0000dc10     370 (0000dc00)     _strncmp
0000dc26     370 (0000dc00)     _strstr
0000dc3c     370 (0000dc00)     _strncpy

0000dc50     371 (0000dc40)     __args_main
0000dc62     371 (0000dc40)     _memccpy
0000dc72     371 (0000dc40)     FD$$SUB

0000dc80     372 (0000dc80)     _strchr
0000dc8c     372 (0000dc80)     _ISR_ILLEGAL
0000dc96     372 (0000dc80)     FD$$NEG
0000dc9f     372 (0000dc80)     _wcslen
0000dca8     372 (0000dc80)     _PRG_key0
0000dca9     372 (0000dc80)     _PRG_key1
0000dcaa     372 (0000dc80)     _PRG_key2
0000dcab     372 (0000dc80)     _PRG_key3
0000dcac     372 (0000dc80)     _PRG_key4
0000dcad     372 (0000dc80)     _PRG_key5
0000dcae     372 (0000dc80)     _PRG_key6
0000dcaf     372 (0000dc80)     _PRG_key7
0000dcb8     372 (0000dc80)     _strlen

0000dcc0     373 (0000dcc0)     _memset
0000dcc7     373 (0000dcc0)     _strcpy
0000dccc     373 (0000dcc0)     __system_pre_init

0000f800     3e0 (0000f800)     _uart_rx_buffer

00010000     400 (00010000)     _uart_tx_buffer

00010800     420 (00010800)     _gimbal_sysid
00010801     420 (00010800)     _messages_received
00010802     420 (00010800)     _heartbeats_received
00010803     420 (00010800)     _telem_received
00010804     420 (00010800)     _last_parameter_sent
00010805     420 (00010800)     _mavlink_system

00010f8c     43e (00010f80)     _receive_buffer
00010fb4     43e (00010f80)     _gyro_spi_desc
00010fbc     43e (00010f80)     _VTimer0

00010fc0     43f (00010fc0)     _gimbal_params

00011372     44d (00011340)     _TorqueLoopStartTime
00011374     44d (00011340)     _TorqueLoopEndTime
00011376     44d (00011340)     _TorqueLoopElapsedTime
00011378     44d (00011340)     _MaxTorqueLoopElapsedTime
0001137a     44d (00011340)     _AxisCalibrationIntercepts

000115b0     456 (00011580)     _AxisCalibrationSlopes
000115b6     456 (00011580)     _AxisTorqueLoopKd
000115bc     456 (00011580)     _VTimer1

000115c0     457 (000115c0)     _SerialCommsTimer
000115c1     457 (000115c0)     _DegreesC
000115c2     457 (000115c0)     _TempOffset
000115c3     457 (000115c0)     _TempSlope
000115c4     457 (000115c0)     _board_hw_id
000115c5     457 (000115c0)     _DcBusVoltage
000115c6     457 (000115c0)     _feedback_decimator
000115c7     457 (000115c0)     _GyroISRTime
000115c8     457 (000115c0)     _BackTicker
000115c9     457 (000115c0)     _DRV_RESET
000115ca     457 (000115c0)     _EnableCAN
000115cb     457 (000115c0)     _GyroDataReadyFlag
000115cc     457 (000115c0)     _GyroDataOverflowLatch
000115cd     457 (000115c0)     _IndexTimeOut
000115ce     457 (000115c0)     _unused
000115cf     457 (000115c0)     _current_flag
000115d0     457 (000115c0)     _rate_pid_el_p_flag
000115d1     457 (000115c0)     _rate_pid_el_i_flag
000115d2     457 (000115c0)     _rate_pid_el_d_flag
000115d3     457 (000115c0)     _rate_pid_el_windup_flag
000115d4     457 (000115c0)     _rate_pid_az_p_flag
000115d5     457 (000115c0)     _rate_pid_az_i_flag
000115d6     457 (000115c0)     _rate_pid_az_d_flag
000115d7     457 (000115c0)     _rate_pid_az_windup_flag
000115d8     457 (000115c0)     _rate_pid_rl_p_flag
000115d9     457 (000115c0)     _rate_pid_rl_i_flag
000115da     457 (000115c0)     _rate_pid_rl_d_flag
000115db     457 (000115c0)     _rate_pid_rl_windup_flag
000115dc     457 (000115c0)     _debug_1_flag
000115dd     457 (000115c0)     _debug_2_flag
000115de     457 (000115c0)     _debug_3_flag
000115df     457 (000115c0)     _pos_pid_el_p_flag
000115e0     457 (000115c0)     _pos_pid_el_i_flag
000115e1     457 (000115c0)     _pos_pid_el_d_flag
000115e2     457 (000115c0)     _pos_pid_el_windup_flag
000115e3     457 (000115c0)     _pos_pid_az_p_flag
000115e4     457 (000115c0)     _pos_pid_az_i_flag
000115e5     457 (000115c0)     _pos_pid_az_d_flag
000115e6     457 (000115c0)     _pos_pid_az_windup_flag
000115e7     457 (000115c0)     _pos_pid_rl_p_flag
000115e8     457 (000115c0)     _pos_pid_rl_i_flag
000115e9     457 (000115c0)     _pos_pid_rl_d_flag
000115ea     457 (000115c0)     _pos_pid_rl_windup_flag
000115eb     457 (000115c0)     _gyro_offset_x_flag
000115ec     457 (000115c0)     _gyro_offset_y_flag
000115ed     457 (000115c0)     _gyro_offset_z_flag
000115ee     457 (000115c0)     _gyro_offset_az_flag
000115ef     457 (000115c0)     _gyro_offset_el_flag
000115f0     457 (000115c0)     _gyro_offset_rl_flag
000115f1     457 (000115c0)     _rate_cmd_az_flag
000115f2     457 (000115c0)     _rate_cmd_el_flag
000115f3     457 (000115c0)     _rate_cmd_rl_flag
000115f4     457 (000115c0)     _gopro_get_request_flag
000115f5     457 (000115c0)     _gopro_set_request_flag
000115f6     457 (000115c0)     _standalone_enable_counts
000115f7     457 (000115c0)     _standalone_enable_counts_max
000115f8     457 (000115c0)     _standalone_enabled
000115f9     457 (000115c0)     _init_counts
000115fa     457 (000115c0)     _init_counts_max
000115fb     457 (000115c0)     _led_cnt
000115fc     457 (000115c0)     _mavlink_heartbeat_counter
000115fe     457 (000115c0)     _Alpha_State_Ptr

00011600     458 (00011600)     _A_Task_Ptr
00011602     458 (00011600)     _B_Task_Ptr
00011604     458 (00011600)     _C_Task_Ptr
00011606     458 (00011600)     _global_timestamp_counter
00011608     458 (00011600)     _IsrTicker
0001160a     458 (00011600)     _GyroISRTicker
0001160c     458 (00011600)     _RateLoopStartTimestamp
0001160e     458 (00011600)     _RateLoopEndTimestamp
00011610     458 (00011600)     _RateLoopElapsedTime
00011612     458 (00011600)     _MainWorkStartTimestamp
00011614     458 (00011600)     _MainWorkEndTimestamp
00011616     458 (00011600)     _MainWorkElapsedTime
00011618     458 (00011600)     _MaxMainWorkElapsedTime
0001161a     458 (00011600)     _GyroDataOverflowCount
0001161c     458 (00011600)     _MissedInterrupts
0001161e     458 (00011600)     _can_init_fault_message_resend_counter
00011622     458 (00011600)     _debug_data
00011625     458 (00011600)     _mavlink_gimbal_info
0001162a     458 (00011600)     _load_ap_state_info
00011632     458 (00011600)     _power_filter_parms

00011640     459 (00011640)     _axis_parms
0001164e     459 (00011640)     _encoder_parms

00011680     45a (00011680)     _control_board_parms

000116c0     45b (000116c0)     _motor_drive_parms

00011768     45d (00011740)     _AxisTorqueLoopKi
0001176e     45d (00011740)     _AxisTorqueLoopKp
00011774     45d (00011740)     _immediate_pid_lookup_buffer
0001177a     45d (00011740)     _latest_accel_telemetry

00011780     45e (00011780)     _message_buffer

00011888     462 (00011880)     _rate_pid_loop_float
000118be     462 (00011880)     __lock

000118c0     463 (000118c0)     _Buffer

000119c0     467 (000119c0)     _param_set

00011abc     46a (00011a80)     _VTimer2

00011ac0     46b (00011ac0)     _commit_to_flash_status

00011bb0     46e (00011b80)     _latest_encoder_telemetry
00011bb6     46e (00011b80)     _latest_gyro_telemetry
00011bbc     46e (00011b80)     _request_cmd_buffer

00011bc0     46f (00011bc0)     _MyCallbackCounter
00011bc2     46f (00011bc0)     _FlashStatus

00011c00     470 (00011c00)     _flash_params

00011cc0     473 (00011cc0)     _params_to_load

00011d7c     475 (00011d40)     _rate_cmds_received
00011d7f     475 (00011d40)     _telemetry_decimation_count

00011d80     476 (00011d80)     _cc_parms

00011e18     478 (00011e00)     _int_a_callback
00011e1a     478 (00011e00)     _i2c_rx_ringbuf
00011e28     478 (00011e00)     _i2c_tx_ringbuf
00011e36     478 (00011e00)     _calibration_progress
00011e3f     478 (00011e00)     _errno

00011e40     479 (00011e40)     _i2c_rx_buffer

00011ec0     47b (00011ec0)     _i2c_tx_buffer

00011f40     47d (00011f40)     _uart_rx_ringbuf
00011f4e     47d (00011f40)     _uart_tx_ringbuf
00011f5c     47d (00011f40)     _gp_control_state
00011f5d     47d (00011f40)     _new_response_available
00011f5e     47d (00011f40)     _new_heartbeat_available
00011f5f     47d (00011f40)     _next_reception_expected
00011f60     47d (00011f40)     _heartbeat_counter
00011f61     47d (00011f40)     _interrogation_timeout
00011f62     47d (00011f40)     _last_request_type
00011f63     47d (00011f40)     _last_request_cmd_id
00011f64     47d (00011f40)     _previous_power_status
00011f65     47d (00011f40)     _gccb_version_queried
00011f66     47d (00011f40)     _gccb_eeprom_written
00011f68     47d (00011f40)     _gp_power_on_counter
00011f6a     47d (00011f40)     _timeout_counter
00011f6c     47d (00011f40)     _last_get_response
00011f6e     47d (00011f40)     _last_set_response
00011f70     47d (00011f40)     _last_set_request
00011f72     47d (00011f40)     _last_cmd_response
00011f78     47d (00011f40)     ___TI_enable_exit_profile_output
00011f7a     47d (00011f40)     ___TI_cleanup_ptr
00011f7c     47d (00011f40)     ___TI_dtors_ptr
00011f7e     47d (00011f40)     __unlock

00011f83     47e (00011f80)     _response_buffer
00011f86     47e (00011f80)     _debug_output_decimation_count

00012162     485 (00012140)     __ctypes_

00012518     494 (00012500)     _IdRefLockCommutationCalibration

003d7e80    f5fa (003d7e80)     _PartIdRegs

003f7ff8    fdff (003f7fc0)     _CsmPwl

003fd860    ff61 (003fd840)     _FPUsinTable

003fd960    ff65 (003fd940)     _FPUcosTable

003fdc60    ff71 (003fdc40)     _FPUsinTableEnd

003fdd62    ff75 (003fdd40)     _FPUatan2HalfPITable
003fdd62    ff75 (003fdd40)     _FPUcosTableEnd
003fdd66    ff75 (003fdd40)     _FPUatan2Table

003fdeec    ff7b (003fdec0)     _FPUatan2TableEnd


GLOBAL SYMBOLS: SORTED ALPHABETICALLY BY Name 

page  address   name                                  
----  -------   ----                                  
0     00008000  .text                                 
0     0000da7b  C$$EXIT                               
0     0000d278  FD$$ADD                               
0     0000da27  FD$$CMP                               
0     0000d439  FD$$DIV                               
0     0000d4c4  FD$$MPY                               
0     0000dc96  FD$$NEG                               
0     0000dc72  FD$$SUB                               
0     0000db0f  FD$$TOI                               
0     0000db30  FD$$TOL                               
0     0000dbdf  FS$$DIV                               
0     0000dba7  FS$$TOFD                              
0     0000daed  I$$DIV                                
0     0000dafe  I$$MOD                                
0     0000db6d  I$$TOFD                               
0     0000da51  L$$DIV                                
0     0000da60  L$$MOD                                
0     0000dbc3  L$$TOFD                               
0     0000dbf8  LL$$AND                               
0     0000db4f  LL$$CMP                               
0     0000cb72  LL$$DIV                               
0     0000cbae  LL$$MOD                               
0     0000dc00  LL$$OR                                
0     0000dc08  LL$$XOR                               
0     0000da6e  UL$$DIV                               
0     0000da75  UL$$MOD                               
0     0000db61  ULL$$CMP                              
0     0000cbe8  ULL$$DIV                              
0     0000cc17  ULL$$MOD                              
0     0000a6ba  _A0                                   
0     0000a62f  _A1                                   
0     0000a5b8  _A2                                   
0     0000a5a8  _A3                                   
1     00011600  _A_Task_Ptr                           
1     00007100  _AdcRegs                              
1     00000b00  _AdcResult                            
1     000115fe  _Alpha_State_Ptr                      
1     0001137a  _AxisCalibrationIntercepts            
1     000115b0  _AxisCalibrationSlopes                
0     0000d8ce  _AxisFault                            
1     000115b6  _AxisTorqueLoopKd                     
1     00011768  _AxisTorqueLoopKi                     
1     0001176e  _AxisTorqueLoopKp                     
0     0000a6d2  _B0                                   
0     0000a629  _B1                                   
0     0000a5a2  _B2                                   
0     0000a59c  _B3                                   
1     00011602  _B_Task_Ptr                           
1     000115c8  _BackTicker                           
1     000118c0  _Buffer                               
0     0000a6e7  _C0                                   
0     0000a5e1  _C1                                   
0     0000a54d  _C2                                   
0     0000a507  _C3                                   
0     0000902c  _CAND_GetSenderID                     
0     00009370  _CAND_InDestinationList               
0     0000d347  _CANSendAxisCalibrationStatus         
0     0000d35e  _CBSendStatus                         
1     00011604  _C_Task_Ptr                           
1     00001400  _Cla1Regs                             
0     0000b020  _CommutationCalibrationStateMachine   
1     00006400  _Comp1Regs                            
1     00006420  _Comp2Regs                            
1     00006440  _Comp3Regs                            
0     0000a9db  _CorrectEncoderError                  
1     00000c00  _CpuTimer0Regs                        
1     00000c08  _CpuTimer1Regs                        
1     00000c10  _CpuTimer2Regs                        
1     003f7ff8  _CsmPwl                               
1     00000ae0  _CsmRegs                              
1     000115c9  _DRV_RESET                            
0     0000de7c  _DSP28x_usDelay                       
1     000115c5  _DcBusVoltage                         
1     000115c1  _DegreesC                             
1     00000880  _DevEmuRegs                           
0     0000bf53  _DeviceInit                           
1     00001000  _DmaRegs                              
0     000096cb  _ECanInit                             
1     00006040  _ECanaLAMRegs                         
1     000060c0  _ECanaMOTORegs                        
1     00006080  _ECanaMOTSRegs                        
1     00006100  _ECanaMboxes                          
1     00006000  _ECanaRegs                            
1     00006a00  _ECap1Regs                            
1     00006a20  _ECap2Regs                            
1     00006a40  _ECap3Regs                            
1     00006800  _EPwm1Regs                            
1     00006840  _EPwm2Regs                            
1     00006880  _EPwm3Regs                            
1     000068c0  _EPwm4Regs                            
1     00006900  _EPwm5Regs                            
1     00006940  _EPwm6Regs                            
1     00006980  _EPwm7Regs                            
1     000069c0  _EPwm8Regs                            
1     00006b00  _EQep1Regs                            
1     00006b40  _EQep2Regs                            
1     00000d01  _EmuBMode                             
1     00000d00  _EmuKey                               
0     0000a9d3  _EnableAZAxis                         
1     000115ca  _EnableCAN                            
0     0000cc79  _Example_CsmUnlock                    
0     003fdd62  _FPUatan2HalfPITable                  
0     003fdd66  _FPUatan2Table                        
0     003fdeec  _FPUatan2TableEnd                     
0     003fd960  _FPUcosTable                          
0     003fdd62  _FPUcosTableEnd                       
0     003fd860  _FPUsinTable                          
0     003fdc60  _FPUsinTableEnd                       
abs   003ffef3  _Flash2806x_APIVersionHex             
abs   003ffebd  _Flash2806x_Erase                     
abs   003ffebb  _Flash2806x_Program                   
1     00000a80  _FlashRegs                            
1     00011bc2  _FlashStatus                          
1     00000d04  _Flash_CPUScaleFactor                 
1     00000d02  _Flash_CallbackPtr                    
0     0000a9cc  _GetAxisHomed                         
0     0000a9c8  _GetAxisParmsLoaded                   
0     0000a9c4  _GetEnableFlag                        
0     0000a9c0  _GetIndexTimeOut                      
0     0000c5db  _GpioClear                            
1     00006f80  _GpioCtrlRegs                         
1     00006fc0  _GpioDataRegs                         
1     00006fe0  _GpioIntRegs                          
0     0000c6fc  _GpioSet                              
1     0001161a  _GyroDataOverflowCount                
1     000115cc  _GyroDataOverflowLatch                
1     000115cb  _GyroDataReadyFlag                    
1     0001160a  _GyroISRTicker                        
1     000115c7  _GyroISRTime                          
0     0000d68f  _GyroIntISR                           
1     00007900  _I2caRegs                             
0     0000dc8c  _ISR_ILLEGAL                          
1     00012518  _IdRefLockCommutationCalibration      
1     000115cd  _IndexTimeOut                         
0     0000ca10  _InitAxisParmsLoader                  
0     0000d136  _InitGyro                             
0     0000be5f  _InitInterrupts                       
0     0000d8b7  _InitRingBuf                          
1     00011608  _IsrTicker                            
0     0000d314  _MDBSendTorques                       
0     0000d673  _MainISR                              
1     00011616  _MainWorkElapsedTime                  
1     00011614  _MainWorkEndTimestamp                 
1     00011612  _MainWorkStartTimestamp               
1     00011618  _MaxMainWorkElapsedTime               
1     00011378  _MaxTorqueLoopElapsedTime             
1     00005000  _McbspaRegs                           
0     0000be50  _MemCopy                              
1     0001161c  _MissedInterrupts                     
0     0000b7f0  _MotorCommutationLoop                 
0     0000bba3  _MotorDriveStateMachine               
0     0000d637  _MotorDriverFaultIntISR               
1     00011bc0  _MyCallbackCounter                    
1     00007060  _NmiIntruptRegs                       
0     0000dca8  _PRG_key0                             
0     0000dca9  _PRG_key1                             
0     0000dcaa  _PRG_key2                             
0     0000dcab  _PRG_key3                             
0     0000dcac  _PRG_key4                             
0     0000dcad  _PRG_key5                             
0     0000dcae  _PRG_key6                             
0     0000dcaf  _PRG_key7                             
1     003d7e80  _PartIdRegs                           
1     00000ce0  _PieCtrlRegs                          
1     00000d00  _PieVectTable                         
0     0000c391  _ProcessParamUpdates                  
0     0000800c  _Process_CAN_Messages                 
1     00011610  _RateLoopElapsedTime                  
1     0001160e  _RateLoopEndTimestamp                 
1     0001160c  _RateLoopStartTimestamp               
0     0000a5b0  _RelaxAZAxis                          
0     0000c1aa  _RunRateLoops                         
0     0000d9cc  _SSAssert                             
0     0000d9e1  _SSDeassert                           
1     00007050  _SciaRegs                             
1     00007750  _ScibRegs                             
1     000115c0  _SerialCommsTimer                     
0     0000d9cf  _SpiSendRecvAddressedReg              
0     0000d9e4  _SpiWriteReg8Bit                      
1     00007040  _SpiaRegs                             
1     00007740  _SpibRegs                             
1     00007010  _SysCtrlRegs                          
1     00000985  _SysPwrCtrlRegs                       
1     000115c2  _TempOffset                           
1     000115c3  _TempSlope                            
1     00011376  _TorqueLoopElapsedTime                
1     00011374  _TorqueLoopEndTime                    
1     00011372  _TorqueLoopStartTime                  
0     0000ce62  _UpdateEncoderReadings                
0     0000d547  _UpdatePID_Float                      
1     00010fbc  _VTimer0                              
1     000115bc  _VTimer1                              
1     00011abc  _VTimer2                              
0     00008000  _WDogEnable                           
1     00007070  _XIntruptRegs                         
1     00000800  __STACK_END                           
abs   00000380  __STACK_SIZE                          
1     00011f7a  ___TI_cleanup_ptr                     
1     00011f7c  ___TI_dtors_ptr                       
1     00011f78  ___TI_enable_exit_profile_output      
0     0000d99c  ___TI_ltoa                            
abs   ffffffff  ___TI_pprof_out_hndl                  
0     0000a293  ___TI_printfi                         
abs   ffffffff  ___TI_prof_data_size                  
abs   ffffffff  ___TI_prof_data_start                 
abs   ffffffff  ___binit__                            
abs   ffffffff  ___c_args__                           
1     0001251a  ___cinit__                            
0     0000dcce  ___etext__                            
abs   ffffffff  ___pinit__                            
0     00008000  ___text__                             
0     0000dc50  __args_main                           
1     00012162  __ctypes_                             
1     000118be  __lock                                
0     0000973f  __nop                                 
1     00000480  __stack                               
0     0000a9e9  __system_post_cinit                   
0     0000dccc  __system_pre_init                     
1     00011f7e  __unlock                              
0     0000da7b  _abort                                
0     0000b477  _addressed_as_slave_callback          
0     0000d96b  _atoi                                 
1     00011640  _axis_parms                           
1     000115c4  _board_hw_id                          
0     0000d82c  _c_int00                              
1     00011e36  _calibration_progress                 
1     0001161e  _can_init_fault_message_resend_counter
0     000096a8  _cand_init                            
0     0000937f  _cand_rx                              
0     00009044  _cand_tx                              
0     00009358  _cand_tx_command                      
0     0000932f  _cand_tx_extended_param               
0     0000930c  _cand_tx_fault                        
0     00009239  _cand_tx_multi_param                  
0     00009206  _cand_tx_multi_request                
0     00009196  _cand_tx_multi_response               
0     00009153  _cand_tx_param                        
0     0000912e  _cand_tx_request                      
0     000090e6  _cand_tx_response                     
1     00011d80  _cc_parms                             
1     00011ac0  _commit_to_flash_status               
1     00011680  _control_board_parms                  
0     0000dac9  _copy_in                              
0     0000daa4  _copysignl                            
0     0000d903  _cos                                  
1     000115cf  _current_flag                         
1     000115dc  _debug_1_flag                         
1     000115dd  _debug_2_flag                         
1     000115de  _debug_3_flag                         
1     00011622  _debug_data                           
1     00011f86  _debug_output_decimation_count        
0     0000d1da  _do_gyro_correction                   
1     0001164e  _encoder_parms                        
0     0000cd3f  _erase_firmware_and_config            
0     0000cd18  _erase_our_flash                      
1     00011e3f  _errno                                
0     0000da7d  _exit                                 
1     000115c6  _feedback_decimator                   
1     00011c00  _flash_params                         
0     0000d7d3  _floor                                
0     0000d7d3  _floorf                               
0     0000d71f  _frexpl                               
1     00011f66  _gccb_eeprom_written                  
1     00011f65  _gccb_version_queried                 
1     00010fc0  _gimbal_params                        
1     00010800  _gimbal_sysid                         
1     00011606  _global_timestamp_counter             
1     000115f4  _gopro_get_request_flag               
1     000115f5  _gopro_set_request_flag               
1     00011f5c  _gp_control_state                     
0     0000b770  _gp_get_heartbeat_status              
0     0000b74b  _gp_get_last_get_response             
0     0000b735  _gp_get_last_set_response             
0     0000b72c  _gp_get_new_get_response_available    
0     0000b728  _gp_get_new_heartbeat_available       
0     0000b71f  _gp_get_new_set_response_available    
0     0000b563  _gp_get_power_status                  
0     0000b5c6  _gp_interface_state_machine           
1     00011f68  _gp_power_on_counter                  
0     0000b763  _gp_ready_for_cmd                     
0     0000b575  _gp_send_command                      
0     0000b796  _gp_set_request                       
0     0000b4fd  _gp_write_eeprom                      
1     000115ee  _gyro_offset_az_flag                  
1     000115ef  _gyro_offset_el_flag                  
1     000115f0  _gyro_offset_rl_flag                  
1     000115eb  _gyro_offset_x_flag                   
1     000115ec  _gyro_offset_y_flag                   
1     000115ed  _gyro_offset_z_flag                   
1     00010fb4  _gyro_spi_desc                        
0     0000af2f  _handle_param_read                    
0     0000ae93  _handle_param_set                     
1     00011f60  _heartbeat_counter                    
1     00010802  _heartbeats_received                  
0     0000cf5e  _i2c_fifo_isr                         
0     0000cf1e  _i2c_int_a_isr                        
1     00011e40  _i2c_rx_buffer                        
1     00011e1a  _i2c_rx_ringbuf                       
0     0000d3ac  _i2c_send_data                        
1     00011ec0  _i2c_tx_buffer                        
1     00011e28  _i2c_tx_ringbuf                       
1     00011774  _immediate_pid_lookup_buffer          
0     0000cd7a  _init_adc                             
0     0000d9fa  _init_average_power_filter            
1     000115f9  _init_counts                          
1     000115fa  _init_counts_max                      
0     0000ab34  _init_default_mavlink_params          
0     0000cd00  _init_flash                           
0     0000b4f6  _init_gp_interface                    
0     0000d3ed  _init_i2c                             
0     0000c978  _init_led                             
0     0000c964  _init_led_interrupts                  
0     0000c92e  _init_led_periph                      
0     00009025  _init_mavlink                         
0     0000a42e  _init_param_set                       
0     0000d5e4  _init_uart                            
1     00011e18  _int_a_callback                       
1     00011f61  _interrogation_timeout                
1     00011f72  _last_cmd_response                    
1     00011f6c  _last_get_response                    
1     00010804  _last_parameter_sent                  
1     00011f63  _last_request_cmd_id                  
[...]
0     0000b575  _gp_send_command                      
0     0000b5c6  _gp_interface_state_machine           
0     0000b71f  _gp_get_new_set_response_available    
0     0000b728  _gp_get_new_heartbeat_available       
0     0000b72c  _gp_get_new_get_response_available    
0     0000b735  _gp_get_last_set_response             
0     0000b74b  _gp_get_last_get_response             
0     0000b763  _gp_ready_for_cmd                     
0     0000b770  _gp_get_heartbeat_status              
0     0000b796  _gp_set_request                       
0     0000b7f0  _MotorCommutationLoop                 
0     0000bba3  _MotorDriveStateMachine               
0     0000be50  _MemCopy                              
0     0000be5f  _InitInterrupts                       
0     0000bf53  _DeviceInit                           
0     0000c1aa  _RunRateLoops                         
0     0000c391  _ProcessParamUpdates                  
0     0000c5db  _GpioClear                            
0     0000c6fc  _GpioSet                              
0     0000c84b  _led_set_mode                         
0     0000c909  _led_update_state                     
0     0000c92e  _init_led_periph                      
0     0000c964  _init_led_interrupts                  
0     0000c978  _init_led                             
0     0000ca10  _InitAxisParmsLoader                  
0     0000cb72  LL$$DIV                               
0     0000cbae  LL$$MOD                               
0     0000cbe8  ULL$$DIV                              
0     0000cc17  ULL$$MOD                              
0     0000cc79  _Example_CsmUnlock                    
0     0000ccbd  _write_flash                          
0     0000cd00  _init_flash                           
0     0000cd18  _erase_our_flash                      
0     0000cd3f  _erase_firmware_and_config            
0     0000cd7a  _init_adc                             
0     0000ce62  _UpdateEncoderReadings                
0     0000cf1e  _i2c_int_a_isr                        
0     0000cf5e  _i2c_fifo_isr                         
0     0000cfd2  _uart_tx_isr                          
0     0000d02f  _uart_rx_isr                          
0     0000d085  _ldexpl                               
0     0000d085  _scalbnl                              
0     0000d136  _InitGyro                             
0     0000d1da  _do_gyro_correction                   
0     0000d278  FD$$ADD                               
0     0000d314  _MDBSendTorques                       
0     0000d347  _CANSendAxisCalibrationStatus         
0     0000d35e  _CBSendStatus                         
0     0000d3ac  _i2c_send_data                        
0     0000d3ed  _init_i2c                             
0     0000d439  FD$$DIV                               
0     0000d4c4  FD$$MPY                               
0     0000d547  _UpdatePID_Float                      
0     0000d5bf  _uart_send_data                       
0     0000d5d6  _uart_get_char                        
0     0000d5dd  _uart_chars_available                 
0     0000d5e4  _init_uart                            
0     0000d637  _MotorDriverFaultIntISR               
0     0000d673  _MainISR                              
0     0000d68f  _GyroIntISR                           
0     0000d6ad  _led_epwm6_isr                        
0     0000d6e6  _led_epwm5_isr                        
0     0000d71f  _frexpl                               
0     0000d7aa  _snprintf                             
0     0000d7d3  _floor                                
0     0000d7d3  _floorf                               
0     0000d82c  _c_int00                              
0     0000d8b7  _InitRingBuf                          
0     0000d8ce  _AxisFault                            
0     0000d903  _cos                                  
0     0000d937  _sin                                  
0     0000d96b  _atoi                                 
0     0000d99c  ___TI_ltoa                            
0     0000d9cc  _SSAssert                             
0     0000d9cf  _SpiSendRecvAddressedReg              
0     0000d9e1  _SSDeassert                           
0     0000d9e4  _SpiWriteReg8Bit                      
0     0000d9fa  _init_average_power_filter            
0     0000da27  FD$$CMP                               
0     0000da51  L$$DIV                                
0     0000da60  L$$MOD                                
0     0000da6e  UL$$DIV                               
0     0000da75  UL$$MOD                               
0     0000da7b  C$$EXIT                               
0     0000da7b  _abort                                
0     0000da7d  _exit                                 
0     0000daa4  _copysignl                            
0     0000dac9  _copy_in                              
0     0000daed  I$$DIV                                
0     0000dafe  I$$MOD                                
0     0000db0f  FD$$TOI                               
0     0000db30  FD$$TOL                               
0     0000db4f  LL$$CMP                               
0     0000db61  ULL$$CMP                              
0     0000db6d  I$$TOFD                               
0     0000db8a  _memcpy                               
0     0000dba7  FS$$TOFD                              
0     0000dbc3  L$$TOFD                               
0     0000dbdf  FS$$DIV                               
0     0000dbf8  LL$$AND                               
0     0000dc00  LL$$OR                                
0     0000dc08  LL$$XOR                               
0     0000dc10  _strncmp                              
0     0000dc26  _strstr                               
0     0000dc3c  _strncpy                              
0     0000dc50  __args_main                           
0     0000dc62  _memccpy                              
0     0000dc72  FD$$SUB                               
0     0000dc80  _strchr                               
0     0000dc8c  _ISR_ILLEGAL                          
0     0000dc96  FD$$NEG                               
0     0000dc9f  _wcslen                               
0     0000dca8  _PRG_key0                             
0     0000dca9  _PRG_key1                             
0     0000dcaa  _PRG_key2                             
0     0000dcab  _PRG_key3                             
0     0000dcac  _PRG_key4                             
0     0000dcad  _PRG_key5                             
0     0000dcae  _PRG_key6                             
0     0000dcaf  _PRG_key7                             
0     0000dcb8  _strlen                               
0     0000dcc0  _memset                               
0     0000dcc7  _strcpy                               
0     0000dccc  __system_pre_init                     
0     0000dcce  ___etext__                            
0     0000dcce  etext                                 
0     0000de7c  _DSP28x_usDelay                       
0     003fd860  _FPUsinTable                          
0     003fd960  _FPUcosTable                          
0     003fdc60  _FPUsinTableEnd                       
0     003fdd62  _FPUatan2HalfPITable                  
0     003fdd62  _FPUcosTableEnd                       
0     003fdd66  _FPUatan2Table                        
0     003fdeec  _FPUatan2TableEnd                     
1     00000480  __stack                               
1     00000800  __STACK_END                           
1     00000880  _DevEmuRegs                           
1     00000985  _SysPwrCtrlRegs                       
1     00000a80  _FlashRegs                            
1     00000ae0  _CsmRegs                              
1     00000b00  _AdcResult                            
1     00000c00  _CpuTimer0Regs                        
1     00000c08  _CpuTimer1Regs                        
1     00000c10  _CpuTimer2Regs                        
1     00000ce0  _PieCtrlRegs                          
1     00000d00  _EmuKey                               
1     00000d00  _PieVectTable                         
1     00000d01  _EmuBMode                             
1     00000d02  _Flash_CallbackPtr                    
1     00000d04  _Flash_CPUScaleFactor                 
1     00001000  _DmaRegs                              
1     00001400  _Cla1Regs                             
1     00005000  _McbspaRegs                           
1     00006000  _ECanaRegs                            
1     00006040  _ECanaLAMRegs                         
1     00006080  _ECanaMOTSRegs                        
1     000060c0  _ECanaMOTORegs                        
1     00006100  _ECanaMboxes                          
1     00006400  _Comp1Regs                            
1     00006420  _Comp2Regs                            
1     00006440  _Comp3Regs                            
1     00006800  _EPwm1Regs                            
1     00006840  _EPwm2Regs                            
1     00006880  _EPwm3Regs                            
1     000068c0  _EPwm4Regs                            
1     00006900  _EPwm5Regs                            
1     00006940  _EPwm6Regs                            
1     00006980  _EPwm7Regs                            
1     000069c0  _EPwm8Regs                            
1     00006a00  _ECap1Regs                            
1     00006a20  _ECap2Regs                            
1     00006a40  _ECap3Regs                            
1     00006b00  _EQep1Regs                            
1     00006b40  _EQep2Regs                            
1     00006f80  _GpioCtrlRegs                         
1     00006fc0  _GpioDataRegs                         
1     00006fe0  _GpioIntRegs                          
1     00007010  _SysCtrlRegs                          
1     00007040  _SpiaRegs                             
1     00007050  _SciaRegs                             
1     00007060  _NmiIntruptRegs                       
1     00007070  _XIntruptRegs                         
1     00007100  _AdcRegs                              
1     00007740  _SpibRegs                             
1     00007750  _ScibRegs                             
1     00007900  _I2caRegs                             
1     0000f800  _uart_rx_buffer                       
1     00010000  _uart_tx_buffer                       
1     00010800  _gimbal_sysid                         
1     00010801  _messages_received                    
1     00010802  _heartbeats_received                  
1     00010803  _telem_received                       
1     00010804  _last_parameter_sent                  
1     00010805  _mavlink_system                       
1     00010f8c  _receive_buffer                       
1     00010fb4  _gyro_spi_desc                        
1     00010fbc  _VTimer0                              
1     00010fc0  _gimbal_params                        
1     00011372  _TorqueLoopStartTime                  
1     00011374  _TorqueLoopEndTime                    
1     00011376  _TorqueLoopElapsedTime                
1     00011378  _MaxTorqueLoopElapsedTime             
1     0001137a  _AxisCalibrationIntercepts            
1     000115b0  _AxisCalibrationSlopes                
1     000115b6  _AxisTorqueLoopKd                     
1     000115bc  _VTimer1                              
1     000115c0  _SerialCommsTimer                     
1     000115c1  _DegreesC                             
1     000115c2  _TempOffset                           
1     000115c3  _TempSlope                            
1     000115c4  _board_hw_id                          
1     000115c5  _DcBusVoltage                         
1     000115c6  _feedback_decimator                   
1     000115c7  _GyroISRTime                          
1     000115c8  _BackTicker                           
1     000115c9  _DRV_RESET                            
1     000115ca  _EnableCAN                            
1     000115cb  _GyroDataReadyFlag                    
1     000115cc  _GyroDataOverflowLatch                
1     000115cd  _IndexTimeOut                         
1     000115ce  _unused                               
1     000115cf  _current_flag                         
1     000115d0  _rate_pid_el_p_flag                   
1     000115d1  _rate_pid_el_i_flag                   
1     000115d2  _rate_pid_el_d_flag                   
1     000115d3  _rate_pid_el_windup_flag              
1     000115d4  _rate_pid_az_p_flag                   
1     000115d5  _rate_pid_az_i_flag                   
1     000115d6  _rate_pid_az_d_flag                   
1     000115d7  _rate_pid_az_windup_flag              
1     000115d8  _rate_pid_rl_p_flag                   
1     000115d9  _rate_pid_rl_i_flag                   
1     000115da  _rate_pid_rl_d_flag                   
1     000115db  _rate_pid_rl_windup_flag              
1     000115dc  _debug_1_flag                         
1     000115dd  _debug_2_flag                         
1     000115de  _debug_3_flag                         
1     000115df  _pos_pid_el_p_flag                    
1     000115e0  _pos_pid_el_i_flag                    
1     000115e1  _pos_pid_el_d_flag                    
1     000115e2  _pos_pid_el_windup_flag               
1     000115e3  _pos_pid_az_p_flag                    
1     000115e4  _pos_pid_az_i_flag                    
1     000115e5  _pos_pid_az_d_flag                    
1     000115e6  _pos_pid_az_windup_flag               
1     000115e7  _pos_pid_rl_p_flag                    
1     000115e8  _pos_pid_rl_i_flag                    
1     000115e9  _pos_pid_rl_d_flag                    
1     000115ea  _pos_pid_rl_windup_flag               
1     000115eb  _gyro_offset_x_flag                   
1     000115ec  _gyro_offset_y_flag                   
1     000115ed  _gyro_offset_z_flag                   
1     000115ee  _gyro_offset_az_flag                  
1     000115ef  _gyro_offset_el_flag                  
1     000115f0  _gyro_offset_rl_flag                  
1     000115f1  _rate_cmd_az_flag                     
1     000115f2  _rate_cmd_el_flag                     
1     000115f3  _rate_cmd_rl_flag                     
1     000115f4  _gopro_get_request_flag               
1     000115f5  _gopro_set_request_flag               
1     000115f6  _standalone_enable_counts             
1     000115f7  _standalone_enable_counts_max         
1     000115f8  _standalone_enabled                   
1     000115f9  _init_counts                          
1     000115fa  _init_counts_max                      
1     000115fb  _led_cnt                              
1     000115fc  _mavlink_heartbeat_counter            
1     000115fe  _Alpha_State_Ptr                      
1     00011600  _A_Task_Ptr                           
1     00011602  _B_Task_Ptr                           
1     00011604  _C_Task_Ptr                           
1     00011606  _global_timestamp_counter             
1     00011608  _IsrTicker                            
1     0001160a  _GyroISRTicker                        
1     0001160c  _RateLoopStartTimestamp               
1     0001160e  _RateLoopEndTimestamp                 
1     00011610  _RateLoopElapsedTime                  
1     00011612  _MainWorkStartTimestamp               
1     00011614  _MainWorkEndTimestamp                 
1     00011616  _MainWorkElapsedTime                  
1     00011618  _MaxMainWorkElapsedTime               
1     0001161a  _GyroDataOverflowCount                
1     0001161c  _MissedInterrupts                     
1     0001161e  _can_init_fault_message_resend_counter
1     00011622  _debug_data                           
1     00011625  _mavlink_gimbal_info                  
1     0001162a  _load_ap_state_info                   
1     00011632  _power_filter_parms                   
1     00011640  _axis_parms                           
1     0001164e  _encoder_parms                        
1     00011680  _control_board_parms                  
1     000116c0  _motor_drive_parms                    
1     00011768  _AxisTorqueLoopKi                     
1     0001176e  _AxisTorqueLoopKp                     
1     00011774  _immediate_pid_lookup_buffer          
1     0001177a  _latest_accel_telemetry               
1     00011780  _message_buffer                       
1     00011888  _rate_pid_loop_float                  
1     000118be  __lock                                
1     000118c0  _Buffer                               
1     000119c0  _param_set                            
1     00011abc  _VTimer2                              
1     00011ac0  _commit_to_flash_status               
1     00011bb0  _latest_encoder_telemetry             
1     00011bb6  _latest_gyro_telemetry                
1     00011bbc  _request_cmd_buffer                   
1     00011bc0  _MyCallbackCounter                    
1     00011bc2  _FlashStatus                          
1     00011c00  _flash_params                         
1     00011cc0  _params_to_load                       
1     00011d7c  _rate_cmds_received                   
1     00011d7f  _telemetry_decimation_count           
1     00011d80  _cc_parms                             
1     00011e18  _int_a_callback                       
1     00011e1a  _i2c_rx_ringbuf                       
1     00011e28  _i2c_tx_ringbuf                       
1     00011e36  _calibration_progress                 
1     00011e3f  _errno                                
1     00011e40  _i2c_rx_buffer                        
1     00011ec0  _i2c_tx_buffer                        
1     00011f40  _uart_rx_ringbuf                      
1     00011f4e  _uart_tx_ringbuf                      
1     00011f5c  _gp_control_state                     
1     00011f5d  _new_response_available               
1     00011f5e  _new_heartbeat_available              
1     00011f5f  _next_reception_expected              
1     00011f60  _heartbeat_counter                    
1     00011f61  _interrogation_timeout                
1     00011f62  _last_request_type                    
1     00011f63  _last_request_cmd_id                  
1     00011f64  _previous_power_status                
1     00011f65  _gccb_version_queried                 
1     00011f66  _gccb_eeprom_written                  
1     00011f68  _gp_power_on_counter                  
1     00011f6a  _timeout_counter                      
1     00011f6c  _last_get_response                    
1     00011f6e  _last_set_response                    
1     00011f70  _last_set_request                     
1     00011f72  _last_cmd_response                    
1     00011f78  ___TI_enable_exit_profile_output      
1     00011f7a  ___TI_cleanup_ptr                     
1     00011f7c  ___TI_dtors_ptr                       
1     00011f7e  __unlock                              
1     00011f83  _response_buffer                      
1     00011f86  _debug_output_decimation_count        
1     00012162  __ctypes_                             
1     00012518  _IdRefLockCommutationCalibration      
1     0001251a  ___cinit__                            
1     0001251a  cinit                                 
1     003d7e80  _PartIdRegs                           
1     003f7ff8  _CsmPwl                               
abs   00000380  __STACK_SIZE                          
abs   003ffebb  _Flash2806x_Program                   
abs   003ffebd  _Flash2806x_Erase                     
abs   003ffef3  _Flash2806x_APIVersionHex             
abs   ffffffff  ___TI_pprof_out_hndl                  
abs   ffffffff  ___TI_prof_data_size                  
abs   ffffffff  ___TI_prof_data_start                 
abs   ffffffff  ___binit__                            
abs   ffffffff  ___c_args__                           
abs   ffffffff  ___pinit__                            
abs   ffffffff  binit                                 
abs   ffffffff  pinit                                 

[437 symbols]
